Product: MDK-ARM Professional 5.10
Component: ARM Compiler 5.04 update 1 (build 49)
Tool: armlink [5040049]

==============================================================================

Section Cross References

    startup_stm32l053xx.o(RESET) refers to startup_stm32l053xx.o(STACK) for __initial_sp
    startup_stm32l053xx.o(RESET) refers to startup_stm32l053xx.o(.text) for Reset_Handler
    startup_stm32l053xx.o(RESET) refers to stm32l0xx_it.o(i.NMI_Handler) for NMI_Handler
    startup_stm32l053xx.o(RESET) refers to stm32l0xx_it.o(i.HardFault_Handler) for HardFault_Handler
    startup_stm32l053xx.o(RESET) refers to stm32l0xx_it.o(i.SVC_Handler) for SVC_Handler
    startup_stm32l053xx.o(RESET) refers to stm32l0xx_it.o(i.DebugMon_Handler) for DebugMon_Handler
    startup_stm32l053xx.o(RESET) refers to stm32l0xx_it.o(i.PendSV_Handler) for PendSV_Handler
    startup_stm32l053xx.o(RESET) refers to stm32l0xx_it.o(i.SysTick_Handler) for SysTick_Handler
    startup_stm32l053xx.o(.text) refers to system_stm32l0xx.o(i.SystemInit) for SystemInit
    startup_stm32l053xx.o(.text) refers to entry.o(.ARM.Collect$$$$00000000) for __main
    main.o(i.SystemClock_Config) refers to stm32l0xx_hal_rcc.o(i.HAL_RCC_OscConfig) for HAL_RCC_OscConfig
    main.o(i.SystemClock_Config) refers to stm32l0xx_hal_rcc.o(i.HAL_RCC_ClockConfig) for HAL_RCC_ClockConfig
    main.o(i.main) refers to stm32l0xx_hal.o(i.HAL_Init) for HAL_Init
    main.o(i.main) refers to main.o(i.SystemClock_Config) for SystemClock_Config
    main.o(i.main) refers to stm32l0538_discovery_epd.o(i.BSP_EPD_Init) for BSP_EPD_Init
    main.o(i.main) refers to stm32l0538_discovery_epd.o(i.BSP_EPD_DrawImage) for BSP_EPD_DrawImage
    main.o(i.main) refers to stm32l0538_discovery_epd.o(i.BSP_EPD_RefreshDisplay) for BSP_EPD_RefreshDisplay
    main.o(i.main) refers to stm32l0xx_hal.o(i.HAL_Delay) for HAL_Delay
    main.o(i.main) refers to main.o(.constdata) for .constdata
    stm32l0xx_it.o(i.SysTick_Handler) refers to stm32l0xx_hal.o(i.HAL_IncTick) for HAL_IncTick
    gde021a1.o(i.gde021a1_CloseChargePump) refers to stm32l0538_discovery.o(i.EPD_IO_WriteReg) for EPD_IO_WriteReg
    gde021a1.o(i.gde021a1_CloseChargePump) refers to stm32l0538_discovery.o(i.EPD_IO_WriteData) for EPD_IO_WriteData
    gde021a1.o(i.gde021a1_DrawImage) refers to stm32l0538_discovery.o(i.EPD_IO_WriteReg) for EPD_IO_WriteReg
    gde021a1.o(i.gde021a1_DrawImage) refers to stm32l0538_discovery.o(i.EPD_IO_WriteData) for EPD_IO_WriteData
    gde021a1.o(i.gde021a1_DrawImage) refers to uidiv.o(.text) for __aeabi_uidivmod
    gde021a1.o(i.gde021a1_Init) refers to stm32l0538_discovery.o(i.EPD_IO_Init) for EPD_IO_Init
    gde021a1.o(i.gde021a1_Init) refers to stm32l0538_discovery.o(i.EPD_IO_WriteReg) for EPD_IO_WriteReg
    gde021a1.o(i.gde021a1_Init) refers to stm32l0538_discovery.o(i.EPD_IO_WriteData) for EPD_IO_WriteData
    gde021a1.o(i.gde021a1_Init) refers to gde021a1.o(.constdata) for .constdata
    gde021a1.o(i.gde021a1_ReadReg) refers to stm32l0538_discovery.o(i.EPD_IO_WriteReg) for EPD_IO_WriteReg
    gde021a1.o(i.gde021a1_ReadReg) refers to stm32l0538_discovery.o(i.EPD_IO_ReadData) for EPD_IO_ReadData
    gde021a1.o(i.gde021a1_RefreshDisplay) refers to stm32l0538_discovery.o(i.EPD_IO_WriteReg) for EPD_IO_WriteReg
    gde021a1.o(i.gde021a1_RefreshDisplay) refers to stm32l0538_discovery.o(i.EPD_IO_WriteData) for EPD_IO_WriteData
    gde021a1.o(i.gde021a1_SetDisplayWindow) refers to stm32l0538_discovery.o(i.EPD_IO_WriteReg) for EPD_IO_WriteReg
    gde021a1.o(i.gde021a1_SetDisplayWindow) refers to stm32l0538_discovery.o(i.EPD_IO_WriteData) for EPD_IO_WriteData
    gde021a1.o(i.gde021a1_WritePixel) refers to stm32l0538_discovery.o(i.EPD_IO_WriteReg) for EPD_IO_WriteReg
    gde021a1.o(i.gde021a1_WritePixel) refers to stm32l0538_discovery.o(i.EPD_IO_WriteData) for EPD_IO_WriteData
    gde021a1.o(i.gde021a1_WriteReg) refers to stm32l0538_discovery.o(i.EPD_IO_WriteReg) for EPD_IO_WriteReg
    gde021a1.o(i.gde021a1_WriteReg) refers to stm32l0538_discovery.o(i.EPD_IO_WriteData) for EPD_IO_WriteData
    gde021a1.o(.data) refers to gde021a1.o(i.gde021a1_Init) for gde021a1_Init
    gde021a1.o(.data) refers to gde021a1.o(i.gde021a1_WritePixel) for gde021a1_WritePixel
    gde021a1.o(.data) refers to gde021a1.o(i.gde021a1_SetDisplayWindow) for gde021a1_SetDisplayWindow
    gde021a1.o(.data) refers to gde021a1.o(i.gde021a1_RefreshDisplay) for gde021a1_RefreshDisplay
    gde021a1.o(.data) refers to gde021a1.o(i.gde021a1_CloseChargePump) for gde021a1_CloseChargePump
    gde021a1.o(.data) refers to gde021a1.o(i.gde021a1_GetEpdPixelWidth) for gde021a1_GetEpdPixelWidth
    gde021a1.o(.data) refers to gde021a1.o(i.gde021a1_GetEpdPixelHeight) for gde021a1_GetEpdPixelHeight
    gde021a1.o(.data) refers to gde021a1.o(i.gde021a1_DrawImage) for gde021a1_DrawImage
    stm32l0538_discovery.o(i.BSP_LED_Init) refers to stm32l0xx_hal_gpio.o(i.HAL_GPIO_Init) for HAL_GPIO_Init
    stm32l0538_discovery.o(i.BSP_LED_Init) refers to stm32l0xx_hal_gpio.o(i.HAL_GPIO_WritePin) for HAL_GPIO_WritePin
    stm32l0538_discovery.o(i.BSP_LED_Init) refers to stm32l0538_discovery.o(.constdata) for .constdata
    stm32l0538_discovery.o(i.BSP_LED_Init) refers to stm32l0538_discovery.o(.data) for .data
    stm32l0538_discovery.o(i.BSP_LED_Off) refers to stm32l0xx_hal_gpio.o(i.HAL_GPIO_WritePin) for HAL_GPIO_WritePin
    stm32l0538_discovery.o(i.BSP_LED_Off) refers to stm32l0538_discovery.o(.constdata) for .constdata
    stm32l0538_discovery.o(i.BSP_LED_Off) refers to stm32l0538_discovery.o(.data) for .data
    stm32l0538_discovery.o(i.BSP_LED_On) refers to stm32l0xx_hal_gpio.o(i.HAL_GPIO_WritePin) for HAL_GPIO_WritePin
    stm32l0538_discovery.o(i.BSP_LED_On) refers to stm32l0538_discovery.o(.constdata) for .constdata
    stm32l0538_discovery.o(i.BSP_LED_On) refers to stm32l0538_discovery.o(.data) for .data
    stm32l0538_discovery.o(i.BSP_LED_Toggle) refers to stm32l0xx_hal_gpio.o(i.HAL_GPIO_TogglePin) for HAL_GPIO_TogglePin
    stm32l0538_discovery.o(i.BSP_LED_Toggle) refers to stm32l0538_discovery.o(.constdata) for .constdata
    stm32l0538_discovery.o(i.BSP_LED_Toggle) refers to stm32l0538_discovery.o(.data) for .data
    stm32l0538_discovery.o(i.BSP_PB_GetState) refers to stm32l0xx_hal_gpio.o(i.HAL_GPIO_ReadPin) for HAL_GPIO_ReadPin
    stm32l0538_discovery.o(i.BSP_PB_GetState) refers to stm32l0538_discovery.o(.constdata) for .constdata
    stm32l0538_discovery.o(i.BSP_PB_GetState) refers to stm32l0538_discovery.o(.data) for .data
    stm32l0538_discovery.o(i.BSP_PB_Init) refers to stm32l0xx_hal_gpio.o(i.HAL_GPIO_Init) for HAL_GPIO_Init
    stm32l0538_discovery.o(i.BSP_PB_Init) refers to stm32l0xx_hal_cortex.o(i.HAL_NVIC_SetPriority) for HAL_NVIC_SetPriority
    stm32l0538_discovery.o(i.BSP_PB_Init) refers to stm32l0xx_hal_cortex.o(i.HAL_NVIC_EnableIRQ) for HAL_NVIC_EnableIRQ
    stm32l0538_discovery.o(i.BSP_PB_Init) refers to stm32l0538_discovery.o(.constdata) for .constdata
    stm32l0538_discovery.o(i.BSP_PB_Init) refers to stm32l0538_discovery.o(.data) for .data
    stm32l0538_discovery.o(i.EPD_Delay) refers to stm32l0xx_hal.o(i.HAL_Delay) for HAL_Delay
    stm32l0538_discovery.o(i.EPD_IO_Init) refers to stm32l0xx_hal_gpio.o(i.HAL_GPIO_Init) for HAL_GPIO_Init
    stm32l0538_discovery.o(i.EPD_IO_Init) refers to stm32l0xx_hal_gpio.o(i.HAL_GPIO_WritePin) for HAL_GPIO_WritePin
    stm32l0538_discovery.o(i.EPD_IO_Init) refers to stm32l0xx_hal.o(i.HAL_Delay) for HAL_Delay
    stm32l0538_discovery.o(i.EPD_IO_Init) refers to stm32l0538_discovery.o(i.SPIx_Init) for SPIx_Init
    stm32l0538_discovery.o(i.EPD_IO_ReadData) refers to stm32l0xx_hal_gpio.o(i.HAL_GPIO_WritePin) for HAL_GPIO_WritePin
    stm32l0538_discovery.o(i.EPD_IO_ReadData) refers to stm32l0xx_hal_spi.o(i.HAL_SPI_TransmitReceive) for HAL_SPI_TransmitReceive
    stm32l0538_discovery.o(i.EPD_IO_ReadData) refers to stm32l0538_discovery.o(i.SPIx_Error) for SPIx_Error
    stm32l0538_discovery.o(i.EPD_IO_ReadData) refers to stm32l0538_discovery.o(.bss) for .bss
    stm32l0538_discovery.o(i.EPD_IO_WriteData) refers to stm32l0xx_hal_gpio.o(i.HAL_GPIO_WritePin) for HAL_GPIO_WritePin
    stm32l0538_discovery.o(i.EPD_IO_WriteData) refers to stm32l0538_discovery.o(i.SPIx_Write) for SPIx_Write
    stm32l0538_discovery.o(i.EPD_IO_WriteReg) refers to stm32l0xx_hal_gpio.o(i.HAL_GPIO_WritePin) for HAL_GPIO_WritePin
    stm32l0538_discovery.o(i.EPD_IO_WriteReg) refers to stm32l0538_discovery.o(i.SPIx_Write) for SPIx_Write
    stm32l0538_discovery.o(i.SPIx_Error) refers to stm32l0xx_hal_spi.o(i.HAL_SPI_DeInit) for HAL_SPI_DeInit
    stm32l0538_discovery.o(i.SPIx_Error) refers to stm32l0538_discovery.o(i.SPIx_Init) for SPIx_Init
    stm32l0538_discovery.o(i.SPIx_Error) refers to stm32l0538_discovery.o(.bss) for .bss
    stm32l0538_discovery.o(i.SPIx_Init) refers to stm32l0xx_hal_spi.o(i.HAL_SPI_GetState) for HAL_SPI_GetState
    stm32l0538_discovery.o(i.SPIx_Init) refers to stm32l0xx_hal_gpio.o(i.HAL_GPIO_Init) for HAL_GPIO_Init
    stm32l0538_discovery.o(i.SPIx_Init) refers to stm32l0xx_hal_spi.o(i.HAL_SPI_Init) for HAL_SPI_Init
    stm32l0538_discovery.o(i.SPIx_Init) refers to stm32l0538_discovery.o(.bss) for .bss
    stm32l0538_discovery.o(i.SPIx_Write) refers to stm32l0xx_hal_spi.o(i.HAL_SPI_Transmit) for HAL_SPI_Transmit
    stm32l0538_discovery.o(i.SPIx_Write) refers to stm32l0538_discovery.o(i.SPIx_Error) for SPIx_Error
    stm32l0538_discovery.o(i.SPIx_Write) refers to stm32l0538_discovery.o(.bss) for .bss
    stm32l0538_discovery_epd.o(i.BSP_EPD_Clear) refers to stm32l0538_discovery_epd.o(.data) for .data
    stm32l0538_discovery_epd.o(i.BSP_EPD_CloseChargePump) refers to stm32l0538_discovery.o(i.EPD_Delay) for EPD_Delay
    stm32l0538_discovery_epd.o(i.BSP_EPD_CloseChargePump) refers to stm32l0538_discovery_epd.o(.data) for .data
    stm32l0538_discovery_epd.o(i.BSP_EPD_DisplayChar) refers to stm32l0538_discovery_epd.o(.data) for .data
    stm32l0538_discovery_epd.o(i.BSP_EPD_DisplayStringAt) refers to stm32l0538_discovery_epd.o(i.BSP_EPD_GetXSize) for BSP_EPD_GetXSize
    stm32l0538_discovery_epd.o(i.BSP_EPD_DisplayStringAt) refers to uidiv.o(.text) for __aeabi_uidivmod
    stm32l0538_discovery_epd.o(i.BSP_EPD_DisplayStringAt) refers to stm32l0538_discovery_epd.o(i.BSP_EPD_DisplayChar) for BSP_EPD_DisplayChar
    stm32l0538_discovery_epd.o(i.BSP_EPD_DisplayStringAt) refers to stm32l0538_discovery_epd.o(.data) for .data
    stm32l0538_discovery_epd.o(i.BSP_EPD_DisplayStringAtLine) refers to stm32l0538_discovery_epd.o(i.BSP_EPD_DisplayStringAt) for BSP_EPD_DisplayStringAt
    stm32l0538_discovery_epd.o(i.BSP_EPD_DisplayStringAtLine) refers to stm32l0538_discovery_epd.o(.data) for .data
    stm32l0538_discovery_epd.o(i.BSP_EPD_DrawHLine) refers to stm32l0538_discovery_epd.o(.data) for .data
    stm32l0538_discovery_epd.o(i.BSP_EPD_DrawImage) refers to stm32l0538_discovery_epd.o(i.BSP_EPD_GetYSize) for BSP_EPD_GetYSize
    stm32l0538_discovery_epd.o(i.BSP_EPD_DrawImage) refers to stm32l0538_discovery_epd.o(i.BSP_EPD_GetXSize) for BSP_EPD_GetXSize
    stm32l0538_discovery_epd.o(i.BSP_EPD_DrawImage) refers to stm32l0538_discovery_epd.o(.data) for .data
    stm32l0538_discovery_epd.o(i.BSP_EPD_DrawRect) refers to stm32l0538_discovery_epd.o(i.BSP_EPD_DrawHLine) for BSP_EPD_DrawHLine
    stm32l0538_discovery_epd.o(i.BSP_EPD_DrawRect) refers to stm32l0538_discovery_epd.o(i.BSP_EPD_DrawVLine) for BSP_EPD_DrawVLine
    stm32l0538_discovery_epd.o(i.BSP_EPD_DrawVLine) refers to stm32l0538_discovery_epd.o(.data) for .data
    stm32l0538_discovery_epd.o(i.BSP_EPD_FillRect) refers to stm32l0538_discovery_epd.o(.data) for .data
    stm32l0538_discovery_epd.o(i.BSP_EPD_GetFont) refers to stm32l0538_discovery_epd.o(.data) for .data
    stm32l0538_discovery_epd.o(i.BSP_EPD_GetXSize) refers to stm32l0538_discovery_epd.o(.data) for .data
    stm32l0538_discovery_epd.o(i.BSP_EPD_GetYSize) refers to stm32l0538_discovery_epd.o(.data) for .data
    stm32l0538_discovery_epd.o(i.BSP_EPD_Init) refers to stm32l0538_discovery_epd.o(i.BSP_EPD_Clear) for BSP_EPD_Clear
    stm32l0538_discovery_epd.o(i.BSP_EPD_Init) refers to stm32l0538_discovery_epd.o(.data) for .data
    stm32l0538_discovery_epd.o(i.BSP_EPD_Init) refers to gde021a1.o(.data) for gde021a1_drv
    stm32l0538_discovery_epd.o(i.BSP_EPD_RefreshDisplay) refers to stm32l0xx_hal_gpio.o(i.HAL_GPIO_ReadPin) for HAL_GPIO_ReadPin
    stm32l0538_discovery_epd.o(i.BSP_EPD_RefreshDisplay) refers to stm32l0xx_hal_gpio.o(i.HAL_GPIO_WritePin) for HAL_GPIO_WritePin
    stm32l0538_discovery_epd.o(i.BSP_EPD_RefreshDisplay) refers to stm32l0538_discovery.o(i.EPD_Delay) for EPD_Delay
    stm32l0538_discovery_epd.o(i.BSP_EPD_RefreshDisplay) refers to stm32l0538_discovery_epd.o(.data) for .data
    stm32l0538_discovery_epd.o(i.BSP_EPD_SetFont) refers to stm32l0538_discovery_epd.o(.data) for .data
    stm32l0538_discovery_epd.o(.data) refers to stm32l0538_discovery_epd.o(.constdata) for Font20_Table
    stm32l0538_discovery_epd.o(.data) refers to stm32l0538_discovery_epd.o(.constdata) for Font16_Table
    stm32l0538_discovery_epd.o(.data) refers to stm32l0538_discovery_epd.o(.constdata) for Font12_Table
    stm32l0538_discovery_epd.o(.data) refers to stm32l0538_discovery_epd.o(.constdata) for Font8_Table
    system_stm32l0xx.o(i.SystemCoreClockUpdate) refers to uidiv.o(.text) for __aeabi_uidivmod
    system_stm32l0xx.o(i.SystemCoreClockUpdate) refers to system_stm32l0xx.o(.data) for .data
    stm32l0xx_hal.o(i.HAL_DeInit) refers to stm32l0xx_hal_msp.o(i.HAL_MspDeInit) for HAL_MspDeInit
    stm32l0xx_hal.o(i.HAL_Delay) refers to stm32l0xx_hal.o(i.HAL_GetTick) for HAL_GetTick
    stm32l0xx_hal.o(i.HAL_GetTick) refers to stm32l0xx_hal.o(.data) for .data
    stm32l0xx_hal.o(i.HAL_IncTick) refers to stm32l0xx_hal.o(.data) for .data
    stm32l0xx_hal.o(i.HAL_Init) refers to stm32l0xx_hal.o(i.HAL_InitTick) for HAL_InitTick
    stm32l0xx_hal.o(i.HAL_Init) refers to stm32l0xx_hal_msp.o(i.HAL_MspInit) for HAL_MspInit
    stm32l0xx_hal.o(i.HAL_InitTick) refers to stm32l0xx_hal_rcc.o(i.HAL_RCC_GetHCLKFreq) for HAL_RCC_GetHCLKFreq
    stm32l0xx_hal.o(i.HAL_InitTick) refers to uidiv.o(.text) for __aeabi_uidivmod
    stm32l0xx_hal.o(i.HAL_InitTick) refers to stm32l0xx_hal_cortex.o(i.HAL_SYSTICK_Config) for HAL_SYSTICK_Config
    stm32l0xx_hal.o(i.HAL_InitTick) refers to stm32l0xx_hal_cortex.o(i.HAL_NVIC_SetPriority) for HAL_NVIC_SetPriority
    stm32l0xx_hal_cortex.o(i.HAL_NVIC_SetPriority) refers to stm32l0xx_hal_cortex.o(i.NVIC_SetPriority) for NVIC_SetPriority
    stm32l0xx_hal_cortex.o(i.HAL_SYSTICK_Config) refers to stm32l0xx_hal_cortex.o(i.NVIC_SetPriority) for NVIC_SetPriority
    stm32l0xx_hal_cortex.o(i.HAL_SYSTICK_IRQHandler) refers to stm32l0xx_hal_cortex.o(i.HAL_SYSTICK_Callback) for HAL_SYSTICK_Callback
    stm32l0xx_hal_dma.o(i.HAL_DMA_Abort) refers to stm32l0xx_hal.o(i.HAL_GetTick) for HAL_GetTick
    stm32l0xx_hal_dma.o(i.HAL_DMA_PollForTransfer) refers to stm32l0xx_hal.o(i.HAL_GetTick) for HAL_GetTick
    stm32l0xx_hal_dma.o(i.HAL_DMA_Start) refers to stm32l0xx_hal_dma.o(i.DMA_SetConfig) for DMA_SetConfig
    stm32l0xx_hal_dma.o(i.HAL_DMA_Start_IT) refers to stm32l0xx_hal_dma.o(i.DMA_SetConfig) for DMA_SetConfig
    stm32l0xx_hal_flash.o(i.FLASH_SetErrorCode) refers to stm32l0xx_hal_flash.o(.bss) for .bss
    stm32l0xx_hal_flash.o(i.FLASH_WaitForLastOperation) refers to stm32l0xx_hal.o(i.HAL_GetTick) for HAL_GetTick
    stm32l0xx_hal_flash.o(i.FLASH_WaitForLastOperation) refers to stm32l0xx_hal_flash.o(i.FLASH_SetErrorCode) for FLASH_SetErrorCode
    stm32l0xx_hal_flash.o(i.HAL_FLASH_GetError) refers to stm32l0xx_hal_flash.o(.bss) for .bss
    stm32l0xx_hal_flash.o(i.HAL_FLASH_IRQHandler) refers to stm32l0xx_hal_flash.o(i.HAL_FLASH_EndOfOperationCallback) for HAL_FLASH_EndOfOperationCallback
    stm32l0xx_hal_flash.o(i.HAL_FLASH_IRQHandler) refers to stm32l0xx_hal_flash.o(i.FLASH_Erase_Page) for FLASH_Erase_Page
    stm32l0xx_hal_flash.o(i.HAL_FLASH_IRQHandler) refers to stm32l0xx_hal_flash.o(i.FLASH_SetErrorCode) for FLASH_SetErrorCode
    stm32l0xx_hal_flash.o(i.HAL_FLASH_IRQHandler) refers to stm32l0xx_hal_flash.o(i.HAL_FLASH_OperationErrorCallback) for HAL_FLASH_OperationErrorCallback
    stm32l0xx_hal_flash.o(i.HAL_FLASH_IRQHandler) refers to stm32l0xx_hal_flash.o(.bss) for .bss
    stm32l0xx_hal_flash.o(i.HAL_FLASH_OB_Launch) refers to stm32l0xx_hal_flash.o(i.FLASH_WaitForLastOperation) for FLASH_WaitForLastOperation
    stm32l0xx_hal_flash.o(i.HAL_FLASH_OB_Unlock) refers to stm32l0xx_hal_flash.o(i.DATA_EEPROM_Unlock) for DATA_EEPROM_Unlock
    stm32l0xx_hal_flash.o(i.HAL_FLASH_Program) refers to stm32l0xx_hal_flash.o(i.FLASH_WaitForLastOperation) for FLASH_WaitForLastOperation
    stm32l0xx_hal_flash.o(i.HAL_FLASH_Program) refers to stm32l0xx_hal_flash.o(i.FLASH_Program_Word) for FLASH_Program_Word
    stm32l0xx_hal_flash.o(i.HAL_FLASH_Program) refers to stm32l0xx_hal_flash.o(.bss) for .bss
    stm32l0xx_hal_flash.o(i.HAL_FLASH_Program_IT) refers to stm32l0xx_hal_flash.o(i.FLASH_Program_Word) for FLASH_Program_Word
    stm32l0xx_hal_flash.o(i.HAL_FLASH_Program_IT) refers to stm32l0xx_hal_flash.o(.bss) for .bss
    stm32l0xx_hal_flash.o(i.HAL_FLASH_Unlock) refers to stm32l0xx_hal_flash.o(i.DATA_EEPROM_Unlock) for DATA_EEPROM_Unlock
    stm32l0xx_hal_flash_ex.o(i.FLASH_OB_PCROPConfig) refers to stm32l0xx_hal_flash.o(i.FLASH_WaitForLastOperation) for FLASH_WaitForLastOperation
    stm32l0xx_hal_flash_ex.o(i.FLASH_OB_PCROPSelectionConfig) refers to stm32l0xx_hal_flash.o(i.FLASH_WaitForLastOperation) for FLASH_WaitForLastOperation
    stm32l0xx_hal_flash_ex.o(i.FLASH_OB_WRPConfig) refers to stm32l0xx_hal_flash.o(i.FLASH_WaitForLastOperation) for FLASH_WaitForLastOperation
    stm32l0xx_hal_flash_ex.o(i.HAL_DATA_EEPROMEx_Erase) refers to stm32l0xx_hal_flash.o(i.FLASH_WaitForLastOperation) for FLASH_WaitForLastOperation
    stm32l0xx_hal_flash_ex.o(i.HAL_DATA_EEPROMEx_Program) refers to stm32l0xx_hal_flash.o(i.FLASH_WaitForLastOperation) for FLASH_WaitForLastOperation
    stm32l0xx_hal_flash_ex.o(i.HAL_DATA_EEPROMEx_Program) refers to stm32l0xx_hal_flash.o(.bss) for pFlash
    stm32l0xx_hal_flash_ex.o(i.HAL_FLASHEx_AdvOBProgram) refers to stm32l0xx_hal_flash_ex.o(i.FLASH_OB_PCROPConfig) for FLASH_OB_PCROPConfig
    stm32l0xx_hal_flash_ex.o(i.HAL_FLASHEx_AdvOBProgram) refers to stm32l0xx_hal_flash_ex.o(i.FLASH_OB_PCROPSelectionConfig) for FLASH_OB_PCROPSelectionConfig
    stm32l0xx_hal_flash_ex.o(i.HAL_FLASHEx_AdvOBProgram) refers to stm32l0xx_hal_flash.o(i.FLASH_WaitForLastOperation) for FLASH_WaitForLastOperation
    stm32l0xx_hal_flash_ex.o(i.HAL_FLASHEx_Erase) refers to stm32l0xx_hal_flash.o(i.FLASH_WaitForLastOperation) for FLASH_WaitForLastOperation
    stm32l0xx_hal_flash_ex.o(i.HAL_FLASHEx_Erase) refers to stm32l0xx_hal_flash.o(i.FLASH_Erase_Page) for FLASH_Erase_Page
    stm32l0xx_hal_flash_ex.o(i.HAL_FLASHEx_Erase) refers to stm32l0xx_hal_flash.o(.bss) for pFlash
    stm32l0xx_hal_flash_ex.o(i.HAL_FLASHEx_Erase_IT) refers to stm32l0xx_hal_flash.o(i.FLASH_Erase_Page) for FLASH_Erase_Page
    stm32l0xx_hal_flash_ex.o(i.HAL_FLASHEx_Erase_IT) refers to stm32l0xx_hal_flash.o(.bss) for pFlash
    stm32l0xx_hal_flash_ex.o(i.HAL_FLASHEx_OBProgram) refers to stm32l0xx_hal_flash_ex.o(i.FLASH_OB_WRPConfig) for FLASH_OB_WRPConfig
    stm32l0xx_hal_flash_ex.o(i.HAL_FLASHEx_OBProgram) refers to stm32l0xx_hal_flash.o(i.FLASH_WaitForLastOperation) for FLASH_WaitForLastOperation
    stm32l0xx_hal_flash_ex.o(i.HAL_FLASHEx_OBProgram) refers to stm32l0xx_hal_flash.o(.bss) for pFlash
    stm32l0xx_hal_gpio.o(i.HAL_GPIO_EXTI_IRQHandler) refers to stm32l0xx_hal_gpio.o(i.HAL_GPIO_EXTI_Callback) for HAL_GPIO_EXTI_Callback
    stm32l0xx_hal_pwr.o(i.HAL_PWR_PVD_IRQHandler) refers to stm32l0xx_hal_pwr.o(i.HAL_PWR_PVDCallback) for HAL_PWR_PVDCallback
    stm32l0xx_hal_rcc.o(i.HAL_RCC_ClockConfig) refers to stm32l0xx_hal.o(i.HAL_GetTick) for HAL_GetTick
    stm32l0xx_hal_rcc.o(i.HAL_RCC_ClockConfig) refers to stm32l0xx_hal.o(i.HAL_InitTick) for HAL_InitTick
    stm32l0xx_hal_rcc.o(i.HAL_RCC_GetHCLKFreq) refers to stm32l0xx_hal_rcc.o(i.HAL_RCC_GetSysClockFreq) for HAL_RCC_GetSysClockFreq
    stm32l0xx_hal_rcc.o(i.HAL_RCC_GetHCLKFreq) refers to stm32l0xx_hal_rcc.o(.data) for .data
    stm32l0xx_hal_rcc.o(i.HAL_RCC_GetHCLKFreq) refers to system_stm32l0xx.o(.data) for SystemCoreClock
    stm32l0xx_hal_rcc.o(i.HAL_RCC_GetPCLK1Freq) refers to stm32l0xx_hal_rcc.o(i.HAL_RCC_GetHCLKFreq) for HAL_RCC_GetHCLKFreq
    stm32l0xx_hal_rcc.o(i.HAL_RCC_GetPCLK1Freq) refers to stm32l0xx_hal_rcc.o(.data) for .data
    stm32l0xx_hal_rcc.o(i.HAL_RCC_GetPCLK2Freq) refers to stm32l0xx_hal_rcc.o(i.HAL_RCC_GetHCLKFreq) for HAL_RCC_GetHCLKFreq
    stm32l0xx_hal_rcc.o(i.HAL_RCC_GetPCLK2Freq) refers to stm32l0xx_hal_rcc.o(.data) for .data
    stm32l0xx_hal_rcc.o(i.HAL_RCC_GetSysClockFreq) refers to uidiv.o(.text) for __aeabi_uidivmod
    stm32l0xx_hal_rcc.o(i.HAL_RCC_GetSysClockFreq) refers to stm32l0xx_hal_rcc.o(.constdata) for .constdata
    stm32l0xx_hal_rcc.o(i.HAL_RCC_GetSysClockFreq) refers to stm32l0xx_hal_rcc.o(.data) for .data
    stm32l0xx_hal_rcc.o(i.HAL_RCC_MCOConfig) refers to stm32l0xx_hal_gpio.o(i.HAL_GPIO_Init) for HAL_GPIO_Init
    stm32l0xx_hal_rcc.o(i.HAL_RCC_NMI_IRQHandler) refers to stm32l0xx_hal_rcc.o(i.HAL_RCC_CCSCallback) for HAL_RCC_CCSCallback
    stm32l0xx_hal_rcc.o(i.HAL_RCC_OscConfig) refers to stm32l0xx_hal.o(i.HAL_GetTick) for HAL_GetTick
    stm32l0xx_hal_rcc_ex.o(i.HAL_RCCEx_CRSWaitSynchronization) refers to stm32l0xx_hal.o(i.HAL_GetTick) for HAL_GetTick
    stm32l0xx_hal_rcc_ex.o(i.HAL_RCCEx_PeriphCLKConfig) refers to stm32l0xx_hal.o(i.HAL_GetTick) for HAL_GetTick
    stm32l0xx_hal_spi.o(i.HAL_SPI_DeInit) refers to stm32l0xx_hal_spi.o(i.HAL_SPI_MspDeInit) for HAL_SPI_MspDeInit
    stm32l0xx_hal_spi.o(i.HAL_SPI_IRQHandler) refers to stm32l0xx_hal_spi.o(i.HAL_SPI_ErrorCallback) for HAL_SPI_ErrorCallback
    stm32l0xx_hal_spi.o(i.HAL_SPI_Init) refers to stm32l0xx_hal_spi.o(i.HAL_SPI_MspInit) for HAL_SPI_MspInit
    stm32l0xx_hal_spi.o(i.HAL_SPI_Receive) refers to stm32l0xx_hal_spi.o(i.HAL_SPI_TransmitReceive) for HAL_SPI_TransmitReceive
    stm32l0xx_hal_spi.o(i.HAL_SPI_Receive) refers to stm32l0xx_hal_spi.o(i.SPI_WaitOnFlagUntilTimeout) for SPI_WaitOnFlagUntilTimeout
    stm32l0xx_hal_spi.o(i.HAL_SPI_Receive_DMA) refers to stm32l0xx_hal_dma.o(i.HAL_DMA_Start_IT) for HAL_DMA_Start_IT
    stm32l0xx_hal_spi.o(i.HAL_SPI_Receive_DMA) refers to stm32l0xx_hal_spi.o(i.HAL_SPI_TransmitReceive_DMA) for HAL_SPI_TransmitReceive_DMA
    stm32l0xx_hal_spi.o(i.HAL_SPI_Receive_DMA) refers to stm32l0xx_hal_spi.o(i.SPI_DMAReceiveCplt) for SPI_DMAReceiveCplt
    stm32l0xx_hal_spi.o(i.HAL_SPI_Receive_DMA) refers to stm32l0xx_hal_spi.o(i.SPI_DMAError) for SPI_DMAError
    stm32l0xx_hal_spi.o(i.HAL_SPI_Receive_IT) refers to stm32l0xx_hal_spi.o(i.HAL_SPI_TransmitReceive_IT) for HAL_SPI_TransmitReceive_IT
    stm32l0xx_hal_spi.o(i.HAL_SPI_Receive_IT) refers to stm32l0xx_hal_spi.o(i.SPI_RxISR) for SPI_RxISR
    stm32l0xx_hal_spi.o(i.HAL_SPI_Transmit) refers to stm32l0xx_hal_spi.o(i.SPI_WaitOnFlagUntilTimeout) for SPI_WaitOnFlagUntilTimeout
    stm32l0xx_hal_spi.o(i.HAL_SPI_TransmitReceive) refers to stm32l0xx_hal_spi.o(i.SPI_WaitOnFlagUntilTimeout) for SPI_WaitOnFlagUntilTimeout
    stm32l0xx_hal_spi.o(i.HAL_SPI_TransmitReceive_DMA) refers to stm32l0xx_hal_dma.o(i.HAL_DMA_Start_IT) for HAL_DMA_Start_IT
    stm32l0xx_hal_spi.o(i.HAL_SPI_TransmitReceive_DMA) refers to stm32l0xx_hal_spi.o(i.SPI_DMATransmitReceiveCplt) for SPI_DMATransmitReceiveCplt
    stm32l0xx_hal_spi.o(i.HAL_SPI_TransmitReceive_DMA) refers to stm32l0xx_hal_spi.o(i.SPI_DMAError) for SPI_DMAError
    stm32l0xx_hal_spi.o(i.HAL_SPI_TransmitReceive_DMA) refers to stm32l0xx_hal_spi.o(i.SPI_DMAReceiveCplt) for SPI_DMAReceiveCplt
    stm32l0xx_hal_spi.o(i.HAL_SPI_TransmitReceive_IT) refers to stm32l0xx_hal_spi.o(i.SPI_TxISR) for SPI_TxISR
    stm32l0xx_hal_spi.o(i.HAL_SPI_TransmitReceive_IT) refers to stm32l0xx_hal_spi.o(i.SPI_2LinesRxISR) for SPI_2LinesRxISR
    stm32l0xx_hal_spi.o(i.HAL_SPI_Transmit_DMA) refers to stm32l0xx_hal_dma.o(i.HAL_DMA_Start_IT) for HAL_DMA_Start_IT
    stm32l0xx_hal_spi.o(i.HAL_SPI_Transmit_DMA) refers to stm32l0xx_hal_spi.o(i.SPI_DMATransmitCplt) for SPI_DMATransmitCplt
    stm32l0xx_hal_spi.o(i.HAL_SPI_Transmit_DMA) refers to stm32l0xx_hal_spi.o(i.SPI_DMAError) for SPI_DMAError
    stm32l0xx_hal_spi.o(i.HAL_SPI_Transmit_IT) refers to stm32l0xx_hal_spi.o(i.SPI_TxISR) for SPI_TxISR
    stm32l0xx_hal_spi.o(i.SPI_2LinesRxISR) refers to stm32l0xx_hal_spi.o(i.SPI_RxCloseIRQHandler) for SPI_RxCloseIRQHandler
    stm32l0xx_hal_spi.o(i.SPI_DMAError) refers to stm32l0xx_hal_spi.o(i.HAL_SPI_ErrorCallback) for HAL_SPI_ErrorCallback
    stm32l0xx_hal_spi.o(i.SPI_DMAReceiveCplt) refers to stm32l0xx_hal_spi.o(i.SPI_WaitOnFlagUntilTimeout) for SPI_WaitOnFlagUntilTimeout
    stm32l0xx_hal_spi.o(i.SPI_DMAReceiveCplt) refers to stm32l0xx_hal_spi.o(i.HAL_SPI_ErrorCallback) for HAL_SPI_ErrorCallback
    stm32l0xx_hal_spi.o(i.SPI_DMAReceiveCplt) refers to stm32l0xx_hal_spi.o(i.HAL_SPI_RxCpltCallback) for HAL_SPI_RxCpltCallback
    stm32l0xx_hal_spi.o(i.SPI_DMATransmitCplt) refers to stm32l0xx_hal_spi.o(i.SPI_WaitOnFlagUntilTimeout) for SPI_WaitOnFlagUntilTimeout
    stm32l0xx_hal_spi.o(i.SPI_DMATransmitCplt) refers to stm32l0xx_hal_spi.o(i.HAL_SPI_ErrorCallback) for HAL_SPI_ErrorCallback
    stm32l0xx_hal_spi.o(i.SPI_DMATransmitCplt) refers to stm32l0xx_hal_spi.o(i.HAL_SPI_TxCpltCallback) for HAL_SPI_TxCpltCallback
    stm32l0xx_hal_spi.o(i.SPI_DMATransmitReceiveCplt) refers to stm32l0xx_hal_spi.o(i.SPI_WaitOnFlagUntilTimeout) for SPI_WaitOnFlagUntilTimeout
    stm32l0xx_hal_spi.o(i.SPI_DMATransmitReceiveCplt) refers to stm32l0xx_hal_spi.o(i.HAL_SPI_ErrorCallback) for HAL_SPI_ErrorCallback
    stm32l0xx_hal_spi.o(i.SPI_DMATransmitReceiveCplt) refers to stm32l0xx_hal_spi.o(i.HAL_SPI_TxRxCpltCallback) for HAL_SPI_TxRxCpltCallback
    stm32l0xx_hal_spi.o(i.SPI_RxCloseIRQHandler) refers to stm32l0xx_hal_spi.o(i.SPI_WaitOnFlagUntilTimeout) for SPI_WaitOnFlagUntilTimeout
    stm32l0xx_hal_spi.o(i.SPI_RxCloseIRQHandler) refers to stm32l0xx_hal_spi.o(i.HAL_SPI_ErrorCallback) for HAL_SPI_ErrorCallback
    stm32l0xx_hal_spi.o(i.SPI_RxCloseIRQHandler) refers to stm32l0xx_hal_spi.o(i.HAL_SPI_RxCpltCallback) for HAL_SPI_RxCpltCallback
    stm32l0xx_hal_spi.o(i.SPI_RxCloseIRQHandler) refers to stm32l0xx_hal_spi.o(i.HAL_SPI_TxRxCpltCallback) for HAL_SPI_TxRxCpltCallback
    stm32l0xx_hal_spi.o(i.SPI_RxISR) refers to stm32l0xx_hal_spi.o(i.SPI_RxCloseIRQHandler) for SPI_RxCloseIRQHandler
    stm32l0xx_hal_spi.o(i.SPI_TxCloseIRQHandler) refers to stm32l0xx_hal_spi.o(i.SPI_WaitOnFlagUntilTimeout) for SPI_WaitOnFlagUntilTimeout
    stm32l0xx_hal_spi.o(i.SPI_TxCloseIRQHandler) refers to stm32l0xx_hal_spi.o(i.HAL_SPI_ErrorCallback) for HAL_SPI_ErrorCallback
    stm32l0xx_hal_spi.o(i.SPI_TxCloseIRQHandler) refers to stm32l0xx_hal_spi.o(i.HAL_SPI_TxCpltCallback) for HAL_SPI_TxCpltCallback
    stm32l0xx_hal_spi.o(i.SPI_TxCloseIRQHandler) refers to stm32l0xx_hal_spi.o(i.HAL_SPI_TxRxCpltCallback) for HAL_SPI_TxRxCpltCallback
    stm32l0xx_hal_spi.o(i.SPI_TxISR) refers to stm32l0xx_hal_spi.o(i.SPI_TxCloseIRQHandler) for SPI_TxCloseIRQHandler
    stm32l0xx_hal_spi.o(i.SPI_WaitOnFlagUntilTimeout) refers to stm32l0xx_hal.o(i.HAL_GetTick) for HAL_GetTick
    entry.o(.ARM.Collect$$$$00000000) refers (Special) to entry10a.o(.ARM.Collect$$$$0000000D) for __rt_final_cpp
    entry.o(.ARM.Collect$$$$00000000) refers (Special) to entry11a.o(.ARM.Collect$$$$0000000F) for __rt_final_exit
    entry.o(.ARM.Collect$$$$00000000) refers (Special) to entry7b.o(.ARM.Collect$$$$00000008) for _main_clock
    entry.o(.ARM.Collect$$$$00000000) refers (Special) to entry8b.o(.ARM.Collect$$$$0000000A) for _main_cpp_init
    entry.o(.ARM.Collect$$$$00000000) refers (Special) to entry9a.o(.ARM.Collect$$$$0000000B) for _main_init
    entry.o(.ARM.Collect$$$$00000000) refers (Special) to entry5.o(.ARM.Collect$$$$00000004) for _main_scatterload
    entry.o(.ARM.Collect$$$$00000000) refers (Special) to entry2.o(.ARM.Collect$$$$00000001) for _main_stk
    entry2.o(.ARM.Collect$$$$00000001) refers to entry2.o(.ARM.Collect$$$$00002712) for __lit__00000000
    entry2.o(.ARM.Collect$$$$00002712) refers to startup_stm32l053xx.o(STACK) for __initial_sp
    entry2.o(__vectab_stack_and_reset_area) refers to startup_stm32l053xx.o(STACK) for __initial_sp
    entry2.o(__vectab_stack_and_reset_area) refers to entry.o(.ARM.Collect$$$$00000000) for __main
    entry5.o(.ARM.Collect$$$$00000004) refers to init.o(.text) for __scatterload
    entry9a.o(.ARM.Collect$$$$0000000B) refers to main.o(i.main) for main
    entry9b.o(.ARM.Collect$$$$0000000C) refers to main.o(i.main) for main
    init.o(.text) refers to entry5.o(.ARM.Collect$$$$00000004) for __main_after_scatterload


==============================================================================

Removing Unused input sections from the image.

    Removing startup_stm32l053xx.o(HEAP), (512 bytes).
    Removing main.o(.rev16_text), (4 bytes).
    Removing main.o(.revsh_text), (4 bytes).
    Removing stm32l0xx_hal_msp.o(.rev16_text), (4 bytes).
    Removing stm32l0xx_hal_msp.o(.revsh_text), (4 bytes).
    Removing stm32l0xx_hal_msp.o(i.HAL_MspDeInit), (2 bytes).
    Removing stm32l0xx_it.o(.rev16_text), (4 bytes).
    Removing stm32l0xx_it.o(.revsh_text), (4 bytes).
    Removing gde021a1.o(i.gde021a1_ReadReg), (14 bytes).
    Removing gde021a1.o(i.gde021a1_WriteReg), (16 bytes).
    Removing stm32l0538_discovery.o(.rev16_text), (4 bytes).
    Removing stm32l0538_discovery.o(.revsh_text), (4 bytes).
    Removing stm32l0538_discovery.o(i.BSP_GetVersion), (6 bytes).
    Removing stm32l0538_discovery.o(i.BSP_LED_Init), (76 bytes).
    Removing stm32l0538_discovery.o(i.BSP_LED_Off), (32 bytes).
    Removing stm32l0538_discovery.o(i.BSP_LED_On), (32 bytes).
    Removing stm32l0538_discovery.o(i.BSP_LED_Toggle), (28 bytes).
    Removing stm32l0538_discovery.o(i.BSP_PB_GetState), (28 bytes).
    Removing stm32l0538_discovery.o(i.BSP_PB_Init), (112 bytes).
    Removing stm32l0538_discovery.o(i.EPD_IO_ReadData), (72 bytes).
    Removing stm32l0538_discovery.o(.constdata), (8 bytes).
    Removing stm32l0538_discovery.o(.data), (12 bytes).
    Removing stm32l0538_discovery_epd.o(.rev16_text), (4 bytes).
    Removing stm32l0538_discovery_epd.o(.revsh_text), (4 bytes).
    Removing stm32l0538_discovery_epd.o(i.BSP_EPD_CloseChargePump), (24 bytes).
    Removing stm32l0538_discovery_epd.o(i.BSP_EPD_DisplayChar), (76 bytes).
    Removing stm32l0538_discovery_epd.o(i.BSP_EPD_DisplayStringAt), (156 bytes).
    Removing stm32l0538_discovery_epd.o(i.BSP_EPD_DisplayStringAtLine), (28 bytes).
    Removing stm32l0538_discovery_epd.o(i.BSP_EPD_DrawHLine), (44 bytes).
    Removing stm32l0538_discovery_epd.o(i.BSP_EPD_DrawRect), (52 bytes).
    Removing stm32l0538_discovery_epd.o(i.BSP_EPD_DrawVLine), (44 bytes).
    Removing stm32l0538_discovery_epd.o(i.BSP_EPD_FillRect), (48 bytes).
    Removing stm32l0538_discovery_epd.o(i.BSP_EPD_GetFont), (12 bytes).
    Removing stm32l0538_discovery_epd.o(i.BSP_EPD_SetFont), (12 bytes).
    Removing stm32l0538_discovery_epd.o(.constdata), (6650 bytes).
    Removing stm32l0538_discovery_epd.o(.constdata), (950 bytes).
    Removing stm32l0538_discovery_epd.o(.data), (8 bytes).
    Removing stm32l0538_discovery_epd.o(.data), (8 bytes).
    Removing system_stm32l0xx.o(.rev16_text), (4 bytes).
    Removing system_stm32l0xx.o(.revsh_text), (4 bytes).
    Removing system_stm32l0xx.o(i.SystemCoreClockUpdate), (148 bytes).
    Removing stm32l0xx_hal.o(.rev16_text), (4 bytes).
    Removing stm32l0xx_hal.o(.revsh_text), (4 bytes).
    Removing stm32l0xx_hal.o(i.HAL_ADC_EnableBufferSensor_Cmd), (32 bytes).
    Removing stm32l0xx_hal.o(i.HAL_ADC_EnableBuffer_Cmd), (28 bytes).
    Removing stm32l0xx_hal.o(i.HAL_COMP_EnableBuffer_Cmd), (32 bytes).
    Removing stm32l0xx_hal.o(i.HAL_DBG_LowPowerConfig), (24 bytes).
    Removing stm32l0xx_hal.o(i.HAL_DeInit), (40 bytes).
    Removing stm32l0xx_hal.o(i.HAL_GetBootMode), (16 bytes).
    Removing stm32l0xx_hal.o(i.HAL_GetDEVID), (16 bytes).
    Removing stm32l0xx_hal.o(i.HAL_GetHalVersion), (6 bytes).
    Removing stm32l0xx_hal.o(i.HAL_GetREVID), (12 bytes).
    Removing stm32l0xx_hal.o(i.HAL_I2CFastModePlusConfig), (24 bytes).
    Removing stm32l0xx_hal.o(i.HAL_Lock_Cmd), (28 bytes).
    Removing stm32l0xx_hal.o(i.HAL_MspDeInit), (2 bytes).
    Removing stm32l0xx_hal.o(i.HAL_MspInit), (2 bytes).
    Removing stm32l0xx_hal.o(i.HAL_RC48_EnableBuffer_Cmd), (32 bytes).
    Removing stm32l0xx_hal.o(i.HAL_ResumeTick), (16 bytes).
    Removing stm32l0xx_hal.o(i.HAL_SuspendTick), (16 bytes).
    Removing stm32l0xx_hal.o(i.HAL_VREFINT_Cmd), (28 bytes).
    Removing stm32l0xx_hal.o(i.HAL_VREFINT_OutputSelect), (24 bytes).
    Removing stm32l0xx_hal_cortex.o(.rev16_text), (4 bytes).
    Removing stm32l0xx_hal_cortex.o(.revsh_text), (4 bytes).
    Removing stm32l0xx_hal_cortex.o(i.HAL_NVIC_ClearPendingIRQ), (20 bytes).
    Removing stm32l0xx_hal_cortex.o(i.HAL_NVIC_DisableIRQ), (20 bytes).
    Removing stm32l0xx_hal_cortex.o(i.HAL_NVIC_EnableIRQ), (20 bytes).
    Removing stm32l0xx_hal_cortex.o(i.HAL_NVIC_GetPendingIRQ), (28 bytes).
    Removing stm32l0xx_hal_cortex.o(i.HAL_NVIC_SetPendingIRQ), (20 bytes).
    Removing stm32l0xx_hal_cortex.o(i.HAL_NVIC_SystemReset), (24 bytes).
    Removing stm32l0xx_hal_cortex.o(i.HAL_SYSTICK_CLKSourceConfig), (24 bytes).
    Removing stm32l0xx_hal_cortex.o(i.HAL_SYSTICK_Callback), (2 bytes).
    Removing stm32l0xx_hal_cortex.o(i.HAL_SYSTICK_IRQHandler), (8 bytes).
    Removing stm32l0xx_hal_dma.o(.rev16_text), (4 bytes).
    Removing stm32l0xx_hal_dma.o(.revsh_text), (4 bytes).
    Removing stm32l0xx_hal_dma.o(i.DMA_SetConfig), (30 bytes).
    Removing stm32l0xx_hal_dma.o(i.HAL_DMA_Abort), (76 bytes).
    Removing stm32l0xx_hal_dma.o(i.HAL_DMA_DeInit), (492 bytes).
    Removing stm32l0xx_hal_dma.o(i.HAL_DMA_GetError), (4 bytes).
    Removing stm32l0xx_hal_dma.o(i.HAL_DMA_GetState), (6 bytes).
    Removing stm32l0xx_hal_dma.o(i.HAL_DMA_IRQHandler), (656 bytes).
    Removing stm32l0xx_hal_dma.o(i.HAL_DMA_Init), (252 bytes).
    Removing stm32l0xx_hal_dma.o(i.HAL_DMA_PollForTransfer), (692 bytes).
    Removing stm32l0xx_hal_dma.o(i.HAL_DMA_Start), (50 bytes).
    Removing stm32l0xx_hal_dma.o(i.HAL_DMA_Start_IT), (78 bytes).
    Removing stm32l0xx_hal_flash.o(.rev16_text), (4 bytes).
    Removing stm32l0xx_hal_flash.o(.revsh_text), (4 bytes).
    Removing stm32l0xx_hal_flash.o(i.DATA_EEPROM_Unlock), (36 bytes).
    Removing stm32l0xx_hal_flash.o(i.FLASH_Erase_Page), (28 bytes).
    Removing stm32l0xx_hal_flash.o(i.FLASH_Program_Word), (20 bytes).
    Removing stm32l0xx_hal_flash.o(i.FLASH_SetErrorCode), (84 bytes).
    Removing stm32l0xx_hal_flash.o(i.FLASH_WaitForLastOperation), (68 bytes).
    Removing stm32l0xx_hal_flash.o(i.HAL_FLASH_EndOfOperationCallback), (2 bytes).
    Removing stm32l0xx_hal_flash.o(i.HAL_FLASH_GetError), (12 bytes).
    Removing stm32l0xx_hal_flash.o(i.HAL_FLASH_IRQHandler), (192 bytes).
    Removing stm32l0xx_hal_flash.o(i.HAL_FLASH_Lock), (20 bytes).
    Removing stm32l0xx_hal_flash.o(i.HAL_FLASH_OB_Launch), (32 bytes).
    Removing stm32l0xx_hal_flash.o(i.HAL_FLASH_OB_Lock), (20 bytes).
    Removing stm32l0xx_hal_flash.o(i.HAL_FLASH_OB_Unlock), (44 bytes).
    Removing stm32l0xx_hal_flash.o(i.HAL_FLASH_OperationErrorCallback), (2 bytes).
    Removing stm32l0xx_hal_flash.o(i.HAL_FLASH_Program), (84 bytes).
    Removing stm32l0xx_hal_flash.o(i.HAL_FLASH_Program_IT), (84 bytes).
    Removing stm32l0xx_hal_flash.o(i.HAL_FLASH_Unlock), (44 bytes).
    Removing stm32l0xx_hal_flash.o(.bss), (20 bytes).
    Removing stm32l0xx_hal_flash_ex.o(.rev16_text), (4 bytes).
    Removing stm32l0xx_hal_flash_ex.o(.revsh_text), (4 bytes).
    Removing stm32l0xx_hal_flash_ex.o(i.FLASH_OB_PCROPConfig), (64 bytes).
    Removing stm32l0xx_hal_flash_ex.o(i.FLASH_OB_PCROPSelectionConfig), (44 bytes).
    Removing stm32l0xx_hal_flash_ex.o(i.FLASH_OB_WRPConfig), (64 bytes).
    Removing stm32l0xx_hal_flash_ex.o(i.HAL_DATA_EEPROMEx_Erase), (22 bytes).
    Removing stm32l0xx_hal_flash_ex.o(i.HAL_DATA_EEPROMEx_Lock), (20 bytes).
    Removing stm32l0xx_hal_flash_ex.o(i.HAL_DATA_EEPROMEx_Program), (264 bytes).
    Removing stm32l0xx_hal_flash_ex.o(i.HAL_DATA_EEPROMEx_Unlock), (36 bytes).
    Removing stm32l0xx_hal_flash_ex.o(i.HAL_FLASHEx_AdvOBGetConfig), (36 bytes).
    Removing stm32l0xx_hal_flash_ex.o(i.HAL_FLASHEx_AdvOBProgram), (104 bytes).
    Removing stm32l0xx_hal_flash_ex.o(i.HAL_FLASHEx_Erase), (120 bytes).
    Removing stm32l0xx_hal_flash_ex.o(i.HAL_FLASHEx_Erase_IT), (84 bytes).
    Removing stm32l0xx_hal_flash_ex.o(i.HAL_FLASHEx_OBGetConfig), (44 bytes).
    Removing stm32l0xx_hal_flash_ex.o(i.HAL_FLASHEx_OBProgram), (220 bytes).
    Removing stm32l0xx_hal_gpio.o(.rev16_text), (4 bytes).
    Removing stm32l0xx_hal_gpio.o(.revsh_text), (4 bytes).
    Removing stm32l0xx_hal_gpio.o(i.HAL_GPIO_DeInit), (136 bytes).
    Removing stm32l0xx_hal_gpio.o(i.HAL_GPIO_EXTI_Callback), (2 bytes).
    Removing stm32l0xx_hal_gpio.o(i.HAL_GPIO_EXTI_IRQHandler), (24 bytes).
    Removing stm32l0xx_hal_gpio.o(i.HAL_GPIO_TogglePin), (8 bytes).
    Removing stm32l0xx_hal_pwr.o(.rev16_text), (4 bytes).
    Removing stm32l0xx_hal_pwr.o(.revsh_text), (4 bytes).
    Removing stm32l0xx_hal_pwr.o(i.HAL_PWR_DeInit), (24 bytes).
    Removing stm32l0xx_hal_pwr.o(i.HAL_PWR_DisableBkUpAccess), (16 bytes).
    Removing stm32l0xx_hal_pwr.o(i.HAL_PWR_DisablePVD), (16 bytes).
    Removing stm32l0xx_hal_pwr.o(i.HAL_PWR_DisableWakeUpPin), (16 bytes).
    Removing stm32l0xx_hal_pwr.o(i.HAL_PWR_EnableBkUpAccess), (16 bytes).
    Removing stm32l0xx_hal_pwr.o(i.HAL_PWR_EnablePVD), (16 bytes).
    Removing stm32l0xx_hal_pwr.o(i.HAL_PWR_EnableWakeUpPin), (16 bytes).
    Removing stm32l0xx_hal_pwr.o(i.HAL_PWR_EnterSLEEPMode), (48 bytes).
    Removing stm32l0xx_hal_pwr.o(i.HAL_PWR_EnterSTANDBYMode), (40 bytes).
    Removing stm32l0xx_hal_pwr.o(i.HAL_PWR_EnterSTOPMode), (52 bytes).
    Removing stm32l0xx_hal_pwr.o(i.HAL_PWR_PVDCallback), (2 bytes).
    Removing stm32l0xx_hal_pwr.o(i.HAL_PWR_PVDConfig), (84 bytes).
    Removing stm32l0xx_hal_pwr.o(i.HAL_PWR_PVD_IRQHandler), (28 bytes).
    Removing stm32l0xx_hal_pwr_ex.o(.rev16_text), (4 bytes).
    Removing stm32l0xx_hal_pwr_ex.o(.revsh_text), (4 bytes).
    Removing stm32l0xx_hal_pwr_ex.o(i.HAL_PWREx_DisableFastWakeUp), (16 bytes).
    Removing stm32l0xx_hal_pwr_ex.o(i.HAL_PWREx_DisableLowPowerRunMode), (24 bytes).
    Removing stm32l0xx_hal_pwr_ex.o(i.HAL_PWREx_DisableUltraLowPower), (16 bytes).
    Removing stm32l0xx_hal_pwr_ex.o(i.HAL_PWREx_EnableFastWakeUp), (16 bytes).
    Removing stm32l0xx_hal_pwr_ex.o(i.HAL_PWREx_EnableLowPowerRunMode), (24 bytes).
    Removing stm32l0xx_hal_pwr_ex.o(i.HAL_PWREx_EnableUltraLowPower), (16 bytes).
    Removing stm32l0xx_hal_rcc.o(.rev16_text), (4 bytes).
    Removing stm32l0xx_hal_rcc.o(.revsh_text), (4 bytes).
    Removing stm32l0xx_hal_rcc.o(i.HAL_RCC_CCSCallback), (2 bytes).
    Removing stm32l0xx_hal_rcc.o(i.HAL_RCC_DeInit), (44 bytes).
    Removing stm32l0xx_hal_rcc.o(i.HAL_RCC_EnableCSS), (20 bytes).
    Removing stm32l0xx_hal_rcc.o(i.HAL_RCC_GetClockConfig), (64 bytes).
    Removing stm32l0xx_hal_rcc.o(i.HAL_RCC_GetOscConfig), (192 bytes).
    Removing stm32l0xx_hal_rcc.o(i.HAL_RCC_GetPCLK1Freq), (32 bytes).
    Removing stm32l0xx_hal_rcc.o(i.HAL_RCC_GetPCLK2Freq), (32 bytes).
    Removing stm32l0xx_hal_rcc.o(i.HAL_RCC_MCOConfig), (80 bytes).
    Removing stm32l0xx_hal_rcc.o(i.HAL_RCC_NMI_IRQHandler), (28 bytes).
    Removing stm32l0xx_hal_rcc_ex.o(.rev16_text), (4 bytes).
    Removing stm32l0xx_hal_rcc_ex.o(.revsh_text), (4 bytes).
    Removing stm32l0xx_hal_rcc_ex.o(i.HAL_RCCEx_CRSConfig), (124 bytes).
    Removing stm32l0xx_hal_rcc_ex.o(i.HAL_RCCEx_CRSGetSynchronizationInfo), (40 bytes).
    Removing stm32l0xx_hal_rcc_ex.o(i.HAL_RCCEx_CRSSoftwareSynchronizationGenerate), (16 bytes).
    Removing stm32l0xx_hal_rcc_ex.o(i.HAL_RCCEx_CRSWaitSynchronization), (140 bytes).
    Removing stm32l0xx_hal_rcc_ex.o(i.HAL_RCCEx_DisableLSECSS), (20 bytes).
    Removing stm32l0xx_hal_rcc_ex.o(i.HAL_RCCEx_EnableLSECSS), (20 bytes).
    Removing stm32l0xx_hal_rcc_ex.o(i.HAL_RCCEx_GetPeriphCLKConfig), (72 bytes).
    Removing stm32l0xx_hal_rcc_ex.o(i.HAL_RCCEx_PeriphCLKConfig), (316 bytes).
    Removing stm32l0xx_hal_spi.o(.rev16_text), (4 bytes).
    Removing stm32l0xx_hal_spi.o(.revsh_text), (4 bytes).
    Removing stm32l0xx_hal_spi.o(i.HAL_SPI_ErrorCallback), (2 bytes).
    Removing stm32l0xx_hal_spi.o(i.HAL_SPI_GetError), (6 bytes).
    Removing stm32l0xx_hal_spi.o(i.HAL_SPI_IRQHandler), (192 bytes).
    Removing stm32l0xx_hal_spi.o(i.HAL_SPI_Receive), (462 bytes).
    Removing stm32l0xx_hal_spi.o(i.HAL_SPI_Receive_DMA), (200 bytes).
    Removing stm32l0xx_hal_spi.o(i.HAL_SPI_Receive_IT), (172 bytes).
    Removing stm32l0xx_hal_spi.o(i.HAL_SPI_RxCpltCallback), (2 bytes).
    Removing stm32l0xx_hal_spi.o(i.HAL_SPI_TransmitReceive), (660 bytes).
    Removing stm32l0xx_hal_spi.o(i.HAL_SPI_TransmitReceive_DMA), (220 bytes).
    Removing stm32l0xx_hal_spi.o(i.HAL_SPI_TransmitReceive_IT), (148 bytes).
    Removing stm32l0xx_hal_spi.o(i.HAL_SPI_Transmit_DMA), (176 bytes).
    Removing stm32l0xx_hal_spi.o(i.HAL_SPI_Transmit_IT), (156 bytes).
    Removing stm32l0xx_hal_spi.o(i.HAL_SPI_TxCpltCallback), (2 bytes).
    Removing stm32l0xx_hal_spi.o(i.HAL_SPI_TxRxCpltCallback), (2 bytes).
    Removing stm32l0xx_hal_spi.o(i.SPI_2LinesRxISR), (48 bytes).
    Removing stm32l0xx_hal_spi.o(i.SPI_DMAError), (32 bytes).
    Removing stm32l0xx_hal_spi.o(i.SPI_DMAReceiveCplt), (178 bytes).
    Removing stm32l0xx_hal_spi.o(i.SPI_DMATransmitCplt), (114 bytes).
    Removing stm32l0xx_hal_spi.o(i.SPI_DMATransmitReceiveCplt), (196 bytes).
    Removing stm32l0xx_hal_spi.o(i.SPI_RxCloseIRQHandler), (200 bytes).
    Removing stm32l0xx_hal_spi.o(i.SPI_RxISR), (78 bytes).
    Removing stm32l0xx_hal_spi.o(i.SPI_TxCloseIRQHandler), (130 bytes).
    Removing stm32l0xx_hal_spi.o(i.SPI_TxISR), (72 bytes).
    Removing stm32l0xx_hal_tim.o(.rev16_text), (4 bytes).
    Removing stm32l0xx_hal_tim.o(.revsh_text), (4 bytes).
    Removing stm32l0xx_hal_tim_ex.o(.rev16_text), (4 bytes).
    Removing stm32l0xx_hal_tim_ex.o(.revsh_text), (4 bytes).

197 unused section(s) (total 19502 bytes) removed from the image.

==============================================================================

Image Symbol Table

    Local Symbols

    Symbol Name                              Value     Ov Type        Size  Object(Section)

    ../clib/microlib/division.c              0x00000000   Number         0  uidiv.o ABSOLUTE
    ../clib/microlib/init/entry.s            0x00000000   Number         0  entry10a.o ABSOLUTE
    ../clib/microlib/init/entry.s            0x00000000   Number         0  entry.o ABSOLUTE
    ../clib/microlib/init/entry.s            0x00000000   Number         0  entry9b.o ABSOLUTE
    ../clib/microlib/init/entry.s            0x00000000   Number         0  entry9a.o ABSOLUTE
    ../clib/microlib/init/entry.s            0x00000000   Number         0  entry8a.o ABSOLUTE
    ../clib/microlib/init/entry.s            0x00000000   Number         0  entry7b.o ABSOLUTE
    ../clib/microlib/init/entry.s            0x00000000   Number         0  entry7a.o ABSOLUTE
    ../clib/microlib/init/entry.s            0x00000000   Number         0  entry5.o ABSOLUTE
    ../clib/microlib/init/entry.s            0x00000000   Number         0  entry2.o ABSOLUTE
    ../clib/microlib/init/entry.s            0x00000000   Number         0  entry11b.o ABSOLUTE
    ../clib/microlib/init/entry.s            0x00000000   Number         0  entry11a.o ABSOLUTE
    ../clib/microlib/init/entry.s            0x00000000   Number         0  entry10b.o ABSOLUTE
    ../clib/microlib/init/entry.s            0x00000000   Number         0  entry8b.o ABSOLUTE
    ..\..\..\..\..\Drivers\BSP\Components\gde021a1\gde021a1.c 0x00000000   Number         0  gde021a1.o ABSOLUTE
    ..\..\..\..\..\Drivers\BSP\STM32L0538-Discovery\stm32l0538_discovery.c 0x00000000   Number         0  stm32l0538_discovery.o ABSOLUTE
    ..\..\..\..\..\Drivers\BSP\STM32L0538-Discovery\stm32l0538_discovery_epd.c 0x00000000   Number         0  stm32l0538_discovery_epd.o ABSOLUTE
    ..\..\..\..\..\Drivers\STM32L0xx_HAL_Driver\Src\stm32l0xx_hal.c 0x00000000   Number         0  stm32l0xx_hal.o ABSOLUTE
    ..\..\..\..\..\Drivers\STM32L0xx_HAL_Driver\Src\stm32l0xx_hal_cortex.c 0x00000000   Number         0  stm32l0xx_hal_cortex.o ABSOLUTE
    ..\..\..\..\..\Drivers\STM32L0xx_HAL_Driver\Src\stm32l0xx_hal_dma.c 0x00000000   Number         0  stm32l0xx_hal_dma.o ABSOLUTE
    ..\..\..\..\..\Drivers\STM32L0xx_HAL_Driver\Src\stm32l0xx_hal_flash.c 0x00000000   Number         0  stm32l0xx_hal_flash.o ABSOLUTE
    ..\..\..\..\..\Drivers\STM32L0xx_HAL_Driver\Src\stm32l0xx_hal_flash_ex.c 0x00000000   Number         0  stm32l0xx_hal_flash_ex.o ABSOLUTE
    ..\..\..\..\..\Drivers\STM32L0xx_HAL_Driver\Src\stm32l0xx_hal_gpio.c 0x00000000   Number         0  stm32l0xx_hal_gpio.o ABSOLUTE
    ..\..\..\..\..\Drivers\STM32L0xx_HAL_Driver\Src\stm32l0xx_hal_pwr.c 0x00000000   Number         0  stm32l0xx_hal_pwr.o ABSOLUTE
    ..\..\..\..\..\Drivers\STM32L0xx_HAL_Driver\Src\stm32l0xx_hal_pwr_ex.c 0x00000000   Number         0  stm32l0xx_hal_pwr_ex.o ABSOLUTE
    ..\..\..\..\..\Drivers\STM32L0xx_HAL_Driver\Src\stm32l0xx_hal_rcc.c 0x00000000   Number         0  stm32l0xx_hal_rcc.o ABSOLUTE
    ..\..\..\..\..\Drivers\STM32L0xx_HAL_Driver\Src\stm32l0xx_hal_rcc_ex.c 0x00000000   Number         0  stm32l0xx_hal_rcc_ex.o ABSOLUTE
    ..\..\..\..\..\Drivers\STM32L0xx_HAL_Driver\Src\stm32l0xx_hal_spi.c 0x00000000   Number         0  stm32l0xx_hal_spi.o ABSOLUTE
    ..\..\..\..\..\Drivers\STM32L0xx_HAL_Driver\Src\stm32l0xx_hal_tim.c 0x00000000   Number         0  stm32l0xx_hal_tim.o ABSOLUTE
    ..\..\..\..\..\Drivers\STM32L0xx_HAL_Driver\Src\stm32l0xx_hal_tim_ex.c 0x00000000   Number         0  stm32l0xx_hal_tim_ex.o ABSOLUTE
    ..\Src\main.c                            0x00000000   Number         0  main.o ABSOLUTE
    ..\Src\stm32l0xx_hal_msp.c               0x00000000   Number         0  stm32l0xx_hal_msp.o ABSOLUTE
    ..\Src\stm32l0xx_it.c                    0x00000000   Number         0  stm32l0xx_it.o ABSOLUTE
    ..\Src\system_stm32l0xx.c                0x00000000   Number         0  system_stm32l0xx.o ABSOLUTE
    ..\\..\\..\\..\\..\\Drivers\\BSP\\STM32L0538-Discovery\\stm32l0538_discovery.c 0x00000000   Number         0  stm32l0538_discovery.o ABSOLUTE
    ..\\..\\..\\..\\..\\Drivers\\BSP\\STM32L0538-Discovery\\stm32l0538_discovery_epd.c 0x00000000   Number         0  stm32l0538_discovery_epd.o ABSOLUTE
    ..\\..\\..\\..\\..\\Drivers\\STM32L0xx_HAL_Driver\\Src\\stm32l0xx_hal.c 0x00000000   Number         0  stm32l0xx_hal.o ABSOLUTE
    ..\\..\\..\\..\\..\\Drivers\\STM32L0xx_HAL_Driver\\Src\\stm32l0xx_hal_cortex.c 0x00000000   Number         0  stm32l0xx_hal_cortex.o ABSOLUTE
    ..\\..\\..\\..\\..\\Drivers\\STM32L0xx_HAL_Driver\\Src\\stm32l0xx_hal_dma.c 0x00000000   Number         0  stm32l0xx_hal_dma.o ABSOLUTE
    ..\\..\\..\\..\\..\\Drivers\\STM32L0xx_HAL_Driver\\Src\\stm32l0xx_hal_flash.c 0x00000000   Number         0  stm32l0xx_hal_flash.o ABSOLUTE
    ..\\..\\..\\..\\..\\Drivers\\STM32L0xx_HAL_Driver\\Src\\stm32l0xx_hal_flash_ex.c 0x00000000   Number         0  stm32l0xx_hal_flash_ex.o ABSOLUTE
    ..\\..\\..\\..\\..\\Drivers\\STM32L0xx_HAL_Driver\\Src\\stm32l0xx_hal_gpio.c 0x00000000   Number         0  stm32l0xx_hal_gpio.o ABSOLUTE
    ..\\..\\..\\..\\..\\Drivers\\STM32L0xx_HAL_Driver\\Src\\stm32l0xx_hal_pwr.c 0x00000000   Number         0  stm32l0xx_hal_pwr.o ABSOLUTE
    ..\\..\\..\\..\\..\\Drivers\\STM32L0xx_HAL_Driver\\Src\\stm32l0xx_hal_pwr_ex.c 0x00000000   Number         0  stm32l0xx_hal_pwr_ex.o ABSOLUTE
    ..\\..\\..\\..\\..\\Drivers\\STM32L0xx_HAL_Driver\\Src\\stm32l0xx_hal_rcc.c 0x00000000   Number         0  stm32l0xx_hal_rcc.o ABSOLUTE
    ..\\..\\..\\..\\..\\Drivers\\STM32L0xx_HAL_Driver\\Src\\stm32l0xx_hal_rcc_ex.c 0x00000000   Number         0  stm32l0xx_hal_rcc_ex.o ABSOLUTE
    ..\\..\\..\\..\\..\\Drivers\\STM32L0xx_HAL_Driver\\Src\\stm32l0xx_hal_spi.c 0x00000000   Number         0  stm32l0xx_hal_spi.o ABSOLUTE
    ..\\..\\..\\..\\..\\Drivers\\STM32L0xx_HAL_Driver\\Src\\stm32l0xx_hal_tim.c 0x00000000   Number         0  stm32l0xx_hal_tim.o ABSOLUTE
    ..\\..\\..\\..\\..\\Drivers\\STM32L0xx_HAL_Driver\\Src\\stm32l0xx_hal_tim_ex.c 0x00000000   Number         0  stm32l0xx_hal_tim_ex.o ABSOLUTE
    ..\\Src\\main.c                          0x00000000   Number         0  main.o ABSOLUTE
    ..\\Src\\stm32l0xx_hal_msp.c             0x00000000   Number         0  stm32l0xx_hal_msp.o ABSOLUTE
    ..\\Src\\stm32l0xx_it.c                  0x00000000   Number         0  stm32l0xx_it.o ABSOLUTE
    ..\\Src\\system_stm32l0xx.c              0x00000000   Number         0  system_stm32l0xx.o ABSOLUTE
    dc.s                                     0x00000000   Number         0  dc.o ABSOLUTE
    handlers.s                               0x00000000   Number         0  handlers.o ABSOLUTE
    init.s                                   0x00000000   Number         0  init.o ABSOLUTE
    startup_stm32l053xx.s                    0x00000000   Number         0  startup_stm32l053xx.o ABSOLUTE
    RESET                                    0x08000000   Section      192  startup_stm32l053xx.o(RESET)
    .ARM.Collect$$$$00000000                 0x080000c0   Section        0  entry.o(.ARM.Collect$$$$00000000)
    .ARM.Collect$$$$00000001                 0x080000c0   Section        4  entry2.o(.ARM.Collect$$$$00000001)
    .ARM.Collect$$$$00000004                 0x080000c4   Section        4  entry5.o(.ARM.Collect$$$$00000004)
    .ARM.Collect$$$$00000008                 0x080000c8   Section        0  entry7b.o(.ARM.Collect$$$$00000008)
    .ARM.Collect$$$$0000000A                 0x080000c8   Section        0  entry8b.o(.ARM.Collect$$$$0000000A)
    .ARM.Collect$$$$0000000B                 0x080000c8   Section        8  entry9a.o(.ARM.Collect$$$$0000000B)
    .ARM.Collect$$$$0000000D                 0x080000d0   Section        0  entry10a.o(.ARM.Collect$$$$0000000D)
    .ARM.Collect$$$$0000000F                 0x080000d0   Section        0  entry11a.o(.ARM.Collect$$$$0000000F)
    .ARM.Collect$$$$00002712                 0x080000d0   Section        4  entry2.o(.ARM.Collect$$$$00002712)
    __lit__00000000                          0x080000d0   Data           4  entry2.o(.ARM.Collect$$$$00002712)
    .text                                    0x080000d4   Section       32  startup_stm32l053xx.o(.text)
    .text                                    0x080000f4   Section        0  uidiv.o(.text)
    .text                                    0x08000120   Section       36  init.o(.text)
    i.BSP_EPD_Clear                          0x08000144   Section        0  stm32l0538_discovery_epd.o(i.BSP_EPD_Clear)
    i.BSP_EPD_DrawImage                      0x08000174   Section        0  stm32l0538_discovery_epd.o(i.BSP_EPD_DrawImage)
    i.BSP_EPD_GetXSize                       0x080001d0   Section        0  stm32l0538_discovery_epd.o(i.BSP_EPD_GetXSize)
    i.BSP_EPD_GetYSize                       0x080001dc   Section        0  stm32l0538_discovery_epd.o(i.BSP_EPD_GetYSize)
    i.BSP_EPD_Init                           0x080001e8   Section        0  stm32l0538_discovery_epd.o(i.BSP_EPD_Init)
    i.BSP_EPD_RefreshDisplay                 0x08000214   Section        0  stm32l0538_discovery_epd.o(i.BSP_EPD_RefreshDisplay)
    i.DebugMon_Handler                       0x0800024c   Section        0  stm32l0xx_it.o(i.DebugMon_Handler)
    i.EPD_Delay                              0x0800024e   Section        0  stm32l0538_discovery.o(i.EPD_Delay)
    i.EPD_IO_Init                            0x08000258   Section        0  stm32l0538_discovery.o(i.EPD_IO_Init)
    i.EPD_IO_WriteData                       0x08000310   Section        0  stm32l0538_discovery.o(i.EPD_IO_WriteData)
    i.EPD_IO_WriteReg                        0x08000348   Section        0  stm32l0538_discovery.o(i.EPD_IO_WriteReg)
    i.HAL_Delay                              0x08000380   Section        0  stm32l0xx_hal.o(i.HAL_Delay)
    i.HAL_GPIO_Init                          0x08000398   Section        0  stm32l0xx_hal_gpio.o(i.HAL_GPIO_Init)
    i.HAL_GPIO_ReadPin                       0x0800050c   Section        0  stm32l0xx_hal_gpio.o(i.HAL_GPIO_ReadPin)
    i.HAL_GPIO_WritePin                      0x08000516   Section        0  stm32l0xx_hal_gpio.o(i.HAL_GPIO_WritePin)
    i.HAL_GetTick                            0x08000524   Section        0  stm32l0xx_hal.o(i.HAL_GetTick)
    i.HAL_IncTick                            0x08000530   Section        0  stm32l0xx_hal.o(i.HAL_IncTick)
    i.HAL_Init                               0x08000540   Section        0  stm32l0xx_hal.o(i.HAL_Init)
    i.HAL_InitTick                           0x08000568   Section        0  stm32l0xx_hal.o(i.HAL_InitTick)
    i.HAL_MspInit                            0x0800058a   Section        0  stm32l0xx_hal_msp.o(i.HAL_MspInit)
    i.HAL_NVIC_SetPriority                   0x0800058c   Section        0  stm32l0xx_hal_cortex.o(i.HAL_NVIC_SetPriority)
    i.HAL_RCC_ClockConfig                    0x08000594   Section        0  stm32l0xx_hal_rcc.o(i.HAL_RCC_ClockConfig)
    i.HAL_RCC_GetHCLKFreq                    0x08000798   Section        0  stm32l0xx_hal_rcc.o(i.HAL_RCC_GetHCLKFreq)
    i.HAL_RCC_GetSysClockFreq                0x080007c0   Section        0  stm32l0xx_hal_rcc.o(i.HAL_RCC_GetSysClockFreq)
    i.HAL_RCC_OscConfig                      0x08000838   Section        0  stm32l0xx_hal_rcc.o(i.HAL_RCC_OscConfig)
    i.HAL_SPI_DeInit                         0x08000c00   Section        0  stm32l0xx_hal_spi.o(i.HAL_SPI_DeInit)
    i.HAL_SPI_GetState                       0x08000c2c   Section        0  stm32l0xx_hal_spi.o(i.HAL_SPI_GetState)
    i.HAL_SPI_Init                           0x08000c32   Section        0  stm32l0xx_hal_spi.o(i.HAL_SPI_Init)
    i.HAL_SPI_MspDeInit                      0x08000cb4   Section        0  stm32l0xx_hal_spi.o(i.HAL_SPI_MspDeInit)
    i.HAL_SPI_MspInit                        0x08000cb6   Section        0  stm32l0xx_hal_spi.o(i.HAL_SPI_MspInit)
    i.HAL_SPI_Transmit                       0x08000cb8   Section        0  stm32l0xx_hal_spi.o(i.HAL_SPI_Transmit)
    i.HAL_SYSTICK_Config                     0x08000df0   Section        0  stm32l0xx_hal_cortex.o(i.HAL_SYSTICK_Config)
    i.HardFault_Handler                      0x08000e20   Section        0  stm32l0xx_it.o(i.HardFault_Handler)
    i.NMI_Handler                            0x08000e22   Section        0  stm32l0xx_it.o(i.NMI_Handler)
    i.NVIC_SetPriority                       0x08000e24   Section        0  stm32l0xx_hal_cortex.o(i.NVIC_SetPriority)
    NVIC_SetPriority                         0x08000e25   Thumb Code    60  stm32l0xx_hal_cortex.o(i.NVIC_SetPriority)
    i.PendSV_Handler                         0x08000e68   Section        0  stm32l0xx_it.o(i.PendSV_Handler)
    i.SPI_WaitOnFlagUntilTimeout             0x08000e6a   Section        0  stm32l0xx_hal_spi.o(i.SPI_WaitOnFlagUntilTimeout)
    SPI_WaitOnFlagUntilTimeout               0x08000e6b   Thumb Code   156  stm32l0xx_hal_spi.o(i.SPI_WaitOnFlagUntilTimeout)
    i.SPIx_Error                             0x08000f08   Section        0  stm32l0538_discovery.o(i.SPIx_Error)
    SPIx_Error                               0x08000f09   Thumb Code    14  stm32l0538_discovery.o(i.SPIx_Error)
    i.SPIx_Init                              0x08000f1c   Section        0  stm32l0538_discovery.o(i.SPIx_Init)
    SPIx_Init                                0x08000f1d   Thumb Code   124  stm32l0538_discovery.o(i.SPIx_Init)
    i.SPIx_Write                             0x08000fa8   Section        0  stm32l0538_discovery.o(i.SPIx_Write)
    SPIx_Write                               0x08000fa9   Thumb Code    26  stm32l0538_discovery.o(i.SPIx_Write)
    i.SVC_Handler                            0x08000fc8   Section        0  stm32l0xx_it.o(i.SVC_Handler)
    i.SysTick_Handler                        0x08000fca   Section        0  stm32l0xx_it.o(i.SysTick_Handler)
    i.SystemClock_Config                     0x08000fd4   Section        0  main.o(i.SystemClock_Config)
    SystemClock_Config                       0x08000fd5   Thumb Code    88  main.o(i.SystemClock_Config)
    i.SystemInit                             0x08001034   Section        0  system_stm32l0xx.o(i.SystemInit)
    i.__scatterload_copy                     0x08001088   Section       14  handlers.o(i.__scatterload_copy)
    i.__scatterload_null                     0x08001096   Section        2  handlers.o(i.__scatterload_null)
    i.__scatterload_zeroinit                 0x08001098   Section       14  handlers.o(i.__scatterload_zeroinit)
    i.gde021a1_CloseChargePump               0x080010a6   Section        0  gde021a1.o(i.gde021a1_CloseChargePump)
    i.gde021a1_DrawImage                     0x080010bc   Section        0  gde021a1.o(i.gde021a1_DrawImage)
    i.gde021a1_GetEpdPixelHeight             0x0800120a   Section        0  gde021a1.o(i.gde021a1_GetEpdPixelHeight)
    i.gde021a1_GetEpdPixelWidth              0x0800120e   Section        0  gde021a1.o(i.gde021a1_GetEpdPixelWidth)
    i.gde021a1_Init                          0x08001214   Section        0  gde021a1.o(i.gde021a1_Init)
    i.gde021a1_RefreshDisplay                0x080012bc   Section        0  gde021a1.o(i.gde021a1_RefreshDisplay)
    i.gde021a1_SetDisplayWindow              0x080012d2   Section        0  gde021a1.o(i.gde021a1_SetDisplayWindow)
    i.gde021a1_WritePixel                    0x0800131a   Section        0  gde021a1.o(i.gde021a1_WritePixel)
    i.main                                   0x0800132c   Section        0  main.o(i.main)
    .constdata                               0x080013bc   Section     6192  main.o(.constdata)
    .constdata                               0x08002bec   Section       90  gde021a1.o(.constdata)
    .constdata                               0x08002c46   Section     4180  stm32l0538_discovery_epd.o(.constdata)
    .constdata                               0x08003c9a   Section     1995  stm32l0538_discovery_epd.o(.constdata)
    .constdata                               0x08004468   Section       28  stm32l0xx_hal_rcc.o(.constdata)
    .data                                    0x20000000   Section       32  gde021a1.o(.data)
    .data                                    0x20000020   Section       24  stm32l0538_discovery_epd.o(.data)
    pFont                                    0x20000020   Data           4  stm32l0538_discovery_epd.o(.data)
    epd_drv                                  0x20000024   Data           4  stm32l0538_discovery_epd.o(.data)
    .data                                    0x20000038   Section       29  system_stm32l0xx.o(.data)
    .data                                    0x20000058   Section        4  stm32l0xx_hal.o(.data)
    uwTick                                   0x20000058   Data           4  stm32l0xx_hal.o(.data)
    .data                                    0x2000005c   Section       25  stm32l0xx_hal_rcc.o(.data)
    PLLMulTable                              0x2000005c   Data           9  stm32l0xx_hal_rcc.o(.data)
    APBAHBPrescTable                         0x20000065   Data          16  stm32l0xx_hal_rcc.o(.data)
    .bss                                     0x20000078   Section       84  stm32l0538_discovery.o(.bss)
    SpiHandle                                0x20000078   Data          84  stm32l0538_discovery.o(.bss)
    STACK                                    0x200000d0   Section     1024  startup_stm32l053xx.o(STACK)

    Global Symbols

    Symbol Name                              Value     Ov Type        Size  Object(Section)

    BuildAttributes$$THM_ISAv3M$S$PE$A:L22$X:L11$S22$IEEE1$IW$USESV6$~STKCKD$USESV7$~SHL$OSPACE$EBA8$MICROLIB$REQ8$PRES8$EABIv2 0x00000000   Number         0  anon$$obj.o ABSOLUTE
    __ARM_use_no_argv                        0x00000000   Number         0  main.o ABSOLUTE
    __cpp_initialize__aeabi_                  - Undefined Weak Reference
    __cxa_finalize                            - Undefined Weak Reference
    __decompress                              - Undefined Weak Reference
    _clock_init                               - Undefined Weak Reference
    _microlib_exit                            - Undefined Weak Reference
    __Vectors_Size                           0x000000c0   Number         0  startup_stm32l053xx.o ABSOLUTE
    __Vectors                                0x08000000   Data           4  startup_stm32l053xx.o(RESET)
    __Vectors_End                            0x080000c0   Data           0  startup_stm32l053xx.o(RESET)
    __main                                   0x080000c1   Thumb Code     0  entry.o(.ARM.Collect$$$$00000000)
    _main_stk                                0x080000c1   Thumb Code     0  entry2.o(.ARM.Collect$$$$00000001)
    _main_scatterload                        0x080000c5   Thumb Code     0  entry5.o(.ARM.Collect$$$$00000004)
    __main_after_scatterload                 0x080000c9   Thumb Code     0  entry5.o(.ARM.Collect$$$$00000004)
    _main_clock                              0x080000c9   Thumb Code     0  entry7b.o(.ARM.Collect$$$$00000008)
    _main_cpp_init                           0x080000c9   Thumb Code     0  entry8b.o(.ARM.Collect$$$$0000000A)
    _main_init                               0x080000c9   Thumb Code     0  entry9a.o(.ARM.Collect$$$$0000000B)
    __rt_final_cpp                           0x080000d1   Thumb Code     0  entry10a.o(.ARM.Collect$$$$0000000D)
    __rt_final_exit                          0x080000d1   Thumb Code     0  entry11a.o(.ARM.Collect$$$$0000000F)
    Reset_Handler                            0x080000d5   Thumb Code     8  startup_stm32l053xx.o(.text)
    ADC1_COMP_IRQHandler                     0x080000e9   Thumb Code     0  startup_stm32l053xx.o(.text)
    DMA1_Channel1_IRQHandler                 0x080000e9   Thumb Code     0  startup_stm32l053xx.o(.text)
    DMA1_Channel2_3_IRQHandler               0x080000e9   Thumb Code     0  startup_stm32l053xx.o(.text)
    DMA1_Channel4_5_6_7_IRQHandler           0x080000e9   Thumb Code     0  startup_stm32l053xx.o(.text)
    EXTI0_1_IRQHandler                       0x080000e9   Thumb Code     0  startup_stm32l053xx.o(.text)
    EXTI2_3_IRQHandler                       0x080000e9   Thumb Code     0  startup_stm32l053xx.o(.text)
    EXTI4_15_IRQHandler                      0x080000e9   Thumb Code     0  startup_stm32l053xx.o(.text)
    FLASH_IRQHandler                         0x080000e9   Thumb Code     0  startup_stm32l053xx.o(.text)
    I2C1_IRQHandler                          0x080000e9   Thumb Code     0  startup_stm32l053xx.o(.text)
    I2C2_IRQHandler                          0x080000e9   Thumb Code     0  startup_stm32l053xx.o(.text)
    LCD_IRQHandler                           0x080000e9   Thumb Code     0  startup_stm32l053xx.o(.text)
    LPTIM1_IRQHandler                        0x080000e9   Thumb Code     0  startup_stm32l053xx.o(.text)
    PVD_IRQHandler                           0x080000e9   Thumb Code     0  startup_stm32l053xx.o(.text)
    RCC_CRS_IRQHandler                       0x080000e9   Thumb Code     0  startup_stm32l053xx.o(.text)
    RNG_LPUART1_IRQHandler                   0x080000e9   Thumb Code     0  startup_stm32l053xx.o(.text)
    RTC_IRQHandler                           0x080000e9   Thumb Code     0  startup_stm32l053xx.o(.text)
    SPI1_IRQHandler                          0x080000e9   Thumb Code     0  startup_stm32l053xx.o(.text)
    SPI2_IRQHandler                          0x080000e9   Thumb Code     0  startup_stm32l053xx.o(.text)
    TIM21_IRQHandler                         0x080000e9   Thumb Code     0  startup_stm32l053xx.o(.text)
    TIM22_IRQHandler                         0x080000e9   Thumb Code     0  startup_stm32l053xx.o(.text)
    TIM2_IRQHandler                          0x080000e9   Thumb Code     0  startup_stm32l053xx.o(.text)
    TIM6_DAC_IRQHandler                      0x080000e9   Thumb Code     0  startup_stm32l053xx.o(.text)
    TSC_IRQHandler                           0x080000e9   Thumb Code     0  startup_stm32l053xx.o(.text)
    USART1_IRQHandler                        0x080000e9   Thumb Code     0  startup_stm32l053xx.o(.text)
    USART2_IRQHandler                        0x080000e9   Thumb Code     0  startup_stm32l053xx.o(.text)
    USB_IRQHandler                           0x080000e9   Thumb Code     0  startup_stm32l053xx.o(.text)
    WWDG_IRQHandler                          0x080000e9   Thumb Code     0  startup_stm32l053xx.o(.text)
    __aeabi_uidiv                            0x080000f5   Thumb Code     0  uidiv.o(.text)
    __aeabi_uidivmod                         0x080000f5   Thumb Code    44  uidiv.o(.text)
    __scatterload                            0x08000121   Thumb Code    28  init.o(.text)
    __scatterload_rt2                        0x08000121   Thumb Code     0  init.o(.text)
    BSP_EPD_Clear                            0x08000145   Thumb Code    40  stm32l0538_discovery_epd.o(i.BSP_EPD_Clear)
    BSP_EPD_DrawImage                        0x08000175   Thumb Code    88  stm32l0538_discovery_epd.o(i.BSP_EPD_DrawImage)
    BSP_EPD_GetXSize                         0x080001d1   Thumb Code     8  stm32l0538_discovery_epd.o(i.BSP_EPD_GetXSize)
    BSP_EPD_GetYSize                         0x080001dd   Thumb Code     8  stm32l0538_discovery_epd.o(i.BSP_EPD_GetYSize)
    BSP_EPD_Init                             0x080001e9   Thumb Code    34  stm32l0538_discovery_epd.o(i.BSP_EPD_Init)
    BSP_EPD_RefreshDisplay                   0x08000215   Thumb Code    48  stm32l0538_discovery_epd.o(i.BSP_EPD_RefreshDisplay)
    DebugMon_Handler                         0x0800024d   Thumb Code     2  stm32l0xx_it.o(i.DebugMon_Handler)
    EPD_Delay                                0x0800024f   Thumb Code     8  stm32l0538_discovery.o(i.EPD_Delay)
    EPD_IO_Init                              0x08000259   Thumb Code   176  stm32l0538_discovery.o(i.EPD_IO_Init)
    EPD_IO_WriteData                         0x08000311   Thumb Code    50  stm32l0538_discovery.o(i.EPD_IO_WriteData)
    EPD_IO_WriteReg                          0x08000349   Thumb Code    50  stm32l0538_discovery.o(i.EPD_IO_WriteReg)
    HAL_Delay                                0x08000381   Thumb Code    22  stm32l0xx_hal.o(i.HAL_Delay)
    HAL_GPIO_Init                            0x08000399   Thumb Code   342  stm32l0xx_hal_gpio.o(i.HAL_GPIO_Init)
    HAL_GPIO_ReadPin                         0x0800050d   Thumb Code    10  stm32l0xx_hal_gpio.o(i.HAL_GPIO_ReadPin)
    HAL_GPIO_WritePin                        0x08000517   Thumb Code    12  stm32l0xx_hal_gpio.o(i.HAL_GPIO_WritePin)
    HAL_GetTick                              0x08000525   Thumb Code     6  stm32l0xx_hal.o(i.HAL_GetTick)
    HAL_IncTick                              0x08000531   Thumb Code    10  stm32l0xx_hal.o(i.HAL_IncTick)
    HAL_Init                                 0x08000541   Thumb Code    34  stm32l0xx_hal.o(i.HAL_Init)
    HAL_InitTick                             0x08000569   Thumb Code    34  stm32l0xx_hal.o(i.HAL_InitTick)
    HAL_MspInit                              0x0800058b   Thumb Code     2  stm32l0xx_hal_msp.o(i.HAL_MspInit)
    HAL_NVIC_SetPriority                     0x0800058d   Thumb Code     8  stm32l0xx_hal_cortex.o(i.HAL_NVIC_SetPriority)
    HAL_RCC_ClockConfig                      0x08000595   Thumb Code   502  stm32l0xx_hal_rcc.o(i.HAL_RCC_ClockConfig)
    HAL_RCC_GetHCLKFreq                      0x08000799   Thumb Code    26  stm32l0xx_hal_rcc.o(i.HAL_RCC_GetHCLKFreq)
    HAL_RCC_GetSysClockFreq                  0x080007c1   Thumb Code    96  stm32l0xx_hal_rcc.o(i.HAL_RCC_GetSysClockFreq)
    HAL_RCC_OscConfig                        0x08000839   Thumb Code   938  stm32l0xx_hal_rcc.o(i.HAL_RCC_OscConfig)
    HAL_SPI_DeInit                           0x08000c01   Thumb Code    44  stm32l0xx_hal_spi.o(i.HAL_SPI_DeInit)
    HAL_SPI_GetState                         0x08000c2d   Thumb Code     6  stm32l0xx_hal_spi.o(i.HAL_SPI_GetState)
    HAL_SPI_Init                             0x08000c33   Thumb Code   130  stm32l0xx_hal_spi.o(i.HAL_SPI_Init)
    HAL_SPI_MspDeInit                        0x08000cb5   Thumb Code     2  stm32l0xx_hal_spi.o(i.HAL_SPI_MspDeInit)
    HAL_SPI_MspInit                          0x08000cb7   Thumb Code     2  stm32l0xx_hal_spi.o(i.HAL_SPI_MspInit)
    HAL_SPI_Transmit                         0x08000cb9   Thumb Code   312  stm32l0xx_hal_spi.o(i.HAL_SPI_Transmit)
    HAL_SYSTICK_Config                       0x08000df1   Thumb Code    38  stm32l0xx_hal_cortex.o(i.HAL_SYSTICK_Config)
    HardFault_Handler                        0x08000e21   Thumb Code     2  stm32l0xx_it.o(i.HardFault_Handler)
    NMI_Handler                              0x08000e23   Thumb Code     2  stm32l0xx_it.o(i.NMI_Handler)
    PendSV_Handler                           0x08000e69   Thumb Code     2  stm32l0xx_it.o(i.PendSV_Handler)
    SVC_Handler                              0x08000fc9   Thumb Code     2  stm32l0xx_it.o(i.SVC_Handler)
    SysTick_Handler                          0x08000fcb   Thumb Code     8  stm32l0xx_it.o(i.SysTick_Handler)
    SystemInit                               0x08001035   Thumb Code    66  system_stm32l0xx.o(i.SystemInit)
    __scatterload_copy                       0x08001089   Thumb Code    14  handlers.o(i.__scatterload_copy)
    __scatterload_null                       0x08001097   Thumb Code     2  handlers.o(i.__scatterload_null)
    __scatterload_zeroinit                   0x08001099   Thumb Code    14  handlers.o(i.__scatterload_zeroinit)
    gde021a1_CloseChargePump                 0x080010a7   Thumb Code    22  gde021a1.o(i.gde021a1_CloseChargePump)
    gde021a1_DrawImage                       0x080010bd   Thumb Code   334  gde021a1.o(i.gde021a1_DrawImage)
    gde021a1_GetEpdPixelHeight               0x0800120b   Thumb Code     4  gde021a1.o(i.gde021a1_GetEpdPixelHeight)
    gde021a1_GetEpdPixelWidth                0x0800120f   Thumb Code     4  gde021a1.o(i.gde021a1_GetEpdPixelWidth)
    gde021a1_Init                            0x08001215   Thumb Code   164  gde021a1.o(i.gde021a1_Init)
    gde021a1_RefreshDisplay                  0x080012bd   Thumb Code    22  gde021a1.o(i.gde021a1_RefreshDisplay)
    gde021a1_SetDisplayWindow                0x080012d3   Thumb Code    72  gde021a1.o(i.gde021a1_SetDisplayWindow)
    gde021a1_WritePixel                      0x0800131b   Thumb Code    18  gde021a1.o(i.gde021a1_WritePixel)
    main                                     0x0800132d   Thumb Code   122  main.o(i.main)
    picture_1                                0x080013bc   Data        1548  main.o(.constdata)
    picture_2                                0x080019c8   Data        1548  main.o(.constdata)
    picture_3                                0x08001fd4   Data        1548  main.o(.constdata)
    picture_4                                0x080025e0   Data        1548  main.o(.constdata)
    WF_LUT                                   0x08002bec   Data          90  gde021a1.o(.constdata)
    Font16_Table                             0x08002c46   Data        4180  stm32l0538_discovery_epd.o(.constdata)
    Font12_Table                             0x08003c9a   Data        1995  stm32l0538_discovery_epd.o(.constdata)
    MSIRangeTable                            0x08004468   Data          28  stm32l0xx_hal_rcc.o(.constdata)
    Region$$Table$$Base                      0x08004484   Number         0  anon$$obj.o(Region$$Table)
    Region$$Table$$Limit                     0x080044a4   Number         0  anon$$obj.o(Region$$Table)
    gde021a1_drv                             0x20000000   Data          32  gde021a1.o(.data)
    Font16                                   0x20000028   Data           8  stm32l0538_discovery_epd.o(.data)
    Font12                                   0x20000030   Data           8  stm32l0538_discovery_epd.o(.data)
    SystemCoreClock                          0x20000038   Data           4  system_stm32l0xx.o(.data)
    AHBPrescTable                            0x2000003c   Data          16  system_stm32l0xx.o(.data)
    PLLMulTable                              0x2000004c   Data           9  system_stm32l0xx.o(.data)
    __initial_sp                             0x200004d0   Data           0  startup_stm32l053xx.o(STACK)



==============================================================================

Memory Map of the image

  Image Entry point : 0x080000c1

  Load Region LR_IROM1 (Base: 0x08000000, Size: 0x0000451c, Max: 0x00010000, ABSOLUTE)

    Execution Region ER_IROM1 (Base: 0x08000000, Size: 0x000044a4, Max: 0x00010000, ABSOLUTE)

    Base Addr    Size         Type   Attr      Idx    E Section Name        Object

    0x08000000   0x000000c0   Data   RO            3    RESET               startup_stm32l053xx.o
    0x080000c0   0x00000000   Code   RO         1636  * .ARM.Collect$$$$00000000  mc_p.l(entry.o)
    0x080000c0   0x00000004   Code   RO         1641    .ARM.Collect$$$$00000001  mc_p.l(entry2.o)
    0x080000c4   0x00000004   Code   RO         1644    .ARM.Collect$$$$00000004  mc_p.l(entry5.o)
    0x080000c8   0x00000000   Code   RO         1646    .ARM.Collect$$$$00000008  mc_p.l(entry7b.o)
    0x080000c8   0x00000000   Code   RO         1648    .ARM.Collect$$$$0000000A  mc_p.l(entry8b.o)
    0x080000c8   0x00000008   Code   RO         1649    .ARM.Collect$$$$0000000B  mc_p.l(entry9a.o)
    0x080000d0   0x00000000   Code   RO         1651    .ARM.Collect$$$$0000000D  mc_p.l(entry10a.o)
    0x080000d0   0x00000000   Code   RO         1653    .ARM.Collect$$$$0000000F  mc_p.l(entry11a.o)
    0x080000d0   0x00000004   Code   RO         1642    .ARM.Collect$$$$00002712  mc_p.l(entry2.o)
    0x080000d4   0x00000020   Code   RO            4    .text               startup_stm32l053xx.o
    0x080000f4   0x0000002c   Code   RO         1639    .text               mc_p.l(uidiv.o)
    0x08000120   0x00000024   Code   RO         1655    .text               mc_p.l(init.o)
    0x08000144   0x00000030   Code   RO          392    i.BSP_EPD_Clear     stm32l0538_discovery_epd.o
    0x08000174   0x0000005c   Code   RO          398    i.BSP_EPD_DrawImage  stm32l0538_discovery_epd.o
    0x080001d0   0x0000000c   Code   RO          403    i.BSP_EPD_GetXSize  stm32l0538_discovery_epd.o
    0x080001dc   0x0000000c   Code   RO          404    i.BSP_EPD_GetYSize  stm32l0538_discovery_epd.o
    0x080001e8   0x0000002c   Code   RO          405    i.BSP_EPD_Init      stm32l0538_discovery_epd.o
    0x08000214   0x00000038   Code   RO          406    i.BSP_EPD_RefreshDisplay  stm32l0538_discovery_epd.o
    0x0800024c   0x00000002   Code   RO          157    i.DebugMon_Handler  stm32l0xx_it.o
    0x0800024e   0x00000008   Code   RO          293    i.EPD_Delay         stm32l0538_discovery.o
    0x08000256   0x00000002   PAD
    0x08000258   0x000000b8   Code   RO          294    i.EPD_IO_Init       stm32l0538_discovery.o
    0x08000310   0x00000038   Code   RO          296    i.EPD_IO_WriteData  stm32l0538_discovery.o
    0x08000348   0x00000038   Code   RO          297    i.EPD_IO_WriteReg   stm32l0538_discovery.o
    0x08000380   0x00000016   Code   RO          560    i.HAL_Delay         stm32l0xx_hal.o
    0x08000396   0x00000002   PAD
    0x08000398   0x00000174   Code   RO         1073    i.HAL_GPIO_Init     stm32l0xx_hal_gpio.o
    0x0800050c   0x0000000a   Code   RO         1074    i.HAL_GPIO_ReadPin  stm32l0xx_hal_gpio.o
    0x08000516   0x0000000c   Code   RO         1076    i.HAL_GPIO_WritePin  stm32l0xx_hal_gpio.o
    0x08000522   0x00000002   PAD
    0x08000524   0x0000000c   Code   RO          565    i.HAL_GetTick       stm32l0xx_hal.o
    0x08000530   0x00000010   Code   RO          567    i.HAL_IncTick       stm32l0xx_hal.o
    0x08000540   0x00000028   Code   RO          568    i.HAL_Init          stm32l0xx_hal.o
    0x08000568   0x00000022   Code   RO          569    i.HAL_InitTick      stm32l0xx_hal.o
    0x0800058a   0x00000002   Code   RO          132    i.HAL_MspInit       stm32l0xx_hal_msp.o
    0x0800058c   0x00000008   Code   RO          714    i.HAL_NVIC_SetPriority  stm32l0xx_hal_cortex.o
    0x08000594   0x00000204   Code   RO         1269    i.HAL_RCC_ClockConfig  stm32l0xx_hal_rcc.o
    0x08000798   0x00000028   Code   RO         1273    i.HAL_RCC_GetHCLKFreq  stm32l0xx_hal_rcc.o
    0x080007c0   0x00000078   Code   RO         1277    i.HAL_RCC_GetSysClockFreq  stm32l0xx_hal_rcc.o
    0x08000838   0x000003c8   Code   RO         1280    i.HAL_RCC_OscConfig  stm32l0xx_hal_rcc.o
    0x08000c00   0x0000002c   Code   RO         1426    i.HAL_SPI_DeInit    stm32l0xx_hal_spi.o
    0x08000c2c   0x00000006   Code   RO         1429    i.HAL_SPI_GetState  stm32l0xx_hal_spi.o
    0x08000c32   0x00000082   Code   RO         1431    i.HAL_SPI_Init      stm32l0xx_hal_spi.o
    0x08000cb4   0x00000002   Code   RO         1432    i.HAL_SPI_MspDeInit  stm32l0xx_hal_spi.o
    0x08000cb6   0x00000002   Code   RO         1433    i.HAL_SPI_MspInit   stm32l0xx_hal_spi.o
    0x08000cb8   0x00000138   Code   RO         1438    i.HAL_SPI_Transmit  stm32l0xx_hal_spi.o
    0x08000df0   0x00000030   Code   RO          718    i.HAL_SYSTICK_Config  stm32l0xx_hal_cortex.o
    0x08000e20   0x00000002   Code   RO          158    i.HardFault_Handler  stm32l0xx_it.o
    0x08000e22   0x00000002   Code   RO          159    i.NMI_Handler       stm32l0xx_it.o
    0x08000e24   0x00000044   Code   RO          720    i.NVIC_SetPriority  stm32l0xx_hal_cortex.o
    0x08000e68   0x00000002   Code   RO          160    i.PendSV_Handler    stm32l0xx_it.o
    0x08000e6a   0x0000009c   Code   RO         1455    i.SPI_WaitOnFlagUntilTimeout  stm32l0xx_hal_spi.o
    0x08000f06   0x00000002   PAD
    0x08000f08   0x00000014   Code   RO          298    i.SPIx_Error        stm32l0538_discovery.o
    0x08000f1c   0x0000008c   Code   RO          299    i.SPIx_Init         stm32l0538_discovery.o
    0x08000fa8   0x00000020   Code   RO          300    i.SPIx_Write        stm32l0538_discovery.o
    0x08000fc8   0x00000002   Code   RO          161    i.SVC_Handler       stm32l0xx_it.o
    0x08000fca   0x00000008   Code   RO          162    i.SysTick_Handler   stm32l0xx_it.o
    0x08000fd2   0x00000002   PAD
    0x08000fd4   0x00000060   Code   RO           12    i.SystemClock_Config  main.o
    0x08001034   0x00000054   Code   RO          524    i.SystemInit        system_stm32l0xx.o
    0x08001088   0x0000000e   Code   RO         1659    i.__scatterload_copy  mc_p.l(handlers.o)
    0x08001096   0x00000002   Code   RO         1660    i.__scatterload_null  mc_p.l(handlers.o)
    0x08001098   0x0000000e   Code   RO         1661    i.__scatterload_zeroinit  mc_p.l(handlers.o)
    0x080010a6   0x00000016   Code   RO          208    i.gde021a1_CloseChargePump  gde021a1.o
    0x080010bc   0x0000014e   Code   RO          209    i.gde021a1_DrawImage  gde021a1.o
    0x0800120a   0x00000004   Code   RO          210    i.gde021a1_GetEpdPixelHeight  gde021a1.o
    0x0800120e   0x00000004   Code   RO          211    i.gde021a1_GetEpdPixelWidth  gde021a1.o
    0x08001212   0x00000002   PAD
    0x08001214   0x000000a8   Code   RO          212    i.gde021a1_Init     gde021a1.o
    0x080012bc   0x00000016   Code   RO          214    i.gde021a1_RefreshDisplay  gde021a1.o
    0x080012d2   0x00000048   Code   RO          215    i.gde021a1_SetDisplayWindow  gde021a1.o
    0x0800131a   0x00000012   Code   RO          216    i.gde021a1_WritePixel  gde021a1.o
    0x0800132c   0x00000090   Code   RO           13    i.main              main.o
    0x080013bc   0x00001830   Data   RO           14    .constdata          main.o
    0x08002bec   0x0000005a   Data   RO          218    .constdata          gde021a1.o
    0x08002c46   0x00001054   Data   RO          409    .constdata          stm32l0538_discovery_epd.o
    0x08003c9a   0x000007cb   Data   RO          410    .constdata          stm32l0538_discovery_epd.o
    0x08004465   0x00000003   PAD
    0x08004468   0x0000001c   Data   RO         1281    .constdata          stm32l0xx_hal_rcc.o
    0x08004484   0x00000020   Data   RO         1657    Region$$Table       anon$$obj.o


    Execution Region RW_IRAM1 (Base: 0x20000000, Size: 0x000004d0, Max: 0x00002000, ABSOLUTE)

    Base Addr    Size         Type   Attr      Idx    E Section Name        Object

    0x20000000   0x00000020   Data   RW          219    .data               gde021a1.o
    0x20000020   0x00000018   Data   RW          413    .data               stm32l0538_discovery_epd.o
    0x20000038   0x0000001d   Data   RW          525    .data               system_stm32l0xx.o
    0x20000055   0x00000003   PAD
    0x20000058   0x00000004   Data   RW          578    .data               stm32l0xx_hal.o
    0x2000005c   0x00000019   Data   RW         1282    .data               stm32l0xx_hal_rcc.o
    0x20000075   0x00000003   PAD
    0x20000078   0x00000054   Zero   RW          301    .bss                stm32l0538_discovery.o
    0x200000cc   0x00000004   PAD
    0x200000d0   0x00000400   Zero   RW            1    STACK               startup_stm32l053xx.o


==============================================================================

Image component sizes


      Code (inc. data)   RO Data    RW Data    ZI Data      Debug   Object Name

       644          4         90         32          0       7335   gde021a1.o
       240         30       6192          0          0     159969   main.o
        32         10        192          0       1024        748   startup_stm32l053xx.o
       496         48          0          0         84       6371   stm32l0538_discovery.o
       264         38       6175         24          0       8068   stm32l0538_discovery_epd.o
       124         18          0          4          0       4254   stm32l0xx_hal.o
       124         18          0          0          0       9632   stm32l0xx_hal_cortex.o
       394         30          0          0          0       3463   stm32l0xx_hal_gpio.o
         2          0          0          0          0        494   stm32l0xx_hal_msp.o
      1644         82         28         25          0       5666   stm32l0xx_hal_rcc.o
       652          0          0          0          0       5752   stm32l0xx_hal_spi.o
        18          0          0          0          0       2974   stm32l0xx_it.o
        84         18          0         29          0       1393   system_stm32l0xx.o

    ----------------------------------------------------------------------
      4730        296      12712        120       1112     216119   Object Totals
         0          0         32          0          0          0   (incl. Generated)
        12          0          3          6          4          0   (incl. Padding)

    ----------------------------------------------------------------------

      Code (inc. data)   RO Data    RW Data    ZI Data      Debug   Library Member Name

         0          0          0          0          0          0   entry.o
         0          0          0          0          0          0   entry10a.o
         0          0          0          0          0          0   entry11a.o
         8          4          0          0          0          0   entry2.o
         4          0          0          0          0          0   entry5.o
         0          0          0          0          0          0   entry7b.o
         0          0          0          0          0          0   entry8b.o
         8          4          0          0          0          0   entry9a.o
        30          0          0          0          0          0   handlers.o
        36          8          0          0          0         68   init.o
        44          0          0          0          0         72   uidiv.o

    ----------------------------------------------------------------------
       130         16          0          0          0        140   Library Totals
         0          0          0          0          0          0   (incl. Padding)

    ----------------------------------------------------------------------

      Code (inc. data)   RO Data    RW Data    ZI Data      Debug   Library Name

       130         16          0          0          0        140   mc_p.l

    ----------------------------------------------------------------------
       130         16          0          0          0        140   Library Totals

    ----------------------------------------------------------------------

==============================================================================


      Code (inc. data)   RO Data    RW Data    ZI Data      Debug   

      4860        312      12712        120       1112     214299   Grand Totals
      4860        312      12712        120       1112     214299   ELF Image Totals
      4860        312      12712        120          0          0   ROM Totals

==============================================================================

    Total RO  Size (Code + RO Data)                17572 (  17.16kB)
    Total RW  Size (RW Data + ZI Data)              1232 (   1.20kB)
    Total ROM Size (Code + RO Data + RW Data)      17692 (  17.28kB)

==============================================================================

