******************************************************************************
                  TI ARM Linker PC v5.2.7                      
******************************************************************************
>> Linked Wed Jun 29 06:15:35 2016

OUTPUT FILE NAME:   <blinky.out>
ENTRY POINT SYMBOL: "_c_int00"  address: 20004f91


MEMORY CONFIGURATION

         name            origin    length      used     unused   attr    fill
----------------------  --------  ---------  --------  --------  ----  --------
  SRAM_CODE             20004000   00019000  0000153a  00017ac6  RW X
  SRAM_DATA             2001d000   00023000  00000837  000227c9  RW X


SEGMENT ALLOCATION MAP

run origin  load origin   length   init length attrs members
----------  ----------- ---------- ----------- ----- -------
20004000    20004000    00001540   00001540    r-x
  20004000    20004000    00000400   00000400    r-- .intvecs
  20004400    20004400    00000dee   00000dee    r-x .text
  200051f0    200051f0    000002fc   000002fc    r-- .const
  200054f0    200054f0    00000050   00000050    r-- .cinit
2001d000    2001d000    00000037   00000000    rw-
  2001d000    2001d000    00000034   00000000    rw- .data
  2001d034    2001d034    00000003   00000000    rw- .bss
2003f800    2003f800    00000800   00000000    rw-
  2003f800    2003f800    00000800   00000000    rw- .stack


SECTION ALLOCATION MAP

 output                                  attributes/
section   page    origin      length       input sections
--------  ----  ----------  ----------   ----------------
.intvecs   0    20004000    00000400     
                  20004000    00000400     startup_ccs.obj (.intvecs)

.init_array 
*          0    20004000    00000000     UNINITIALIZED

.text      0    20004400    00000dee     
                  20004400    0000039c     gpio_if.obj (.text)
                  2000479c    00000178     driverlib.a : prcm.obj (.text:PRCMCC3200MCUInit)
                  20004914    000000a8                 : interrupt.obj (.text:IntEnable)
                  200049bc    0000009c     rtsv7M4_T_le_eabi.lib : memcpy_t2.obj (.text)
                  20004a58    00000090     main.obj (.text)
                  20004ae8    00000088     driverlib.a : pin.obj (.text:PinConfigSet)
                  20004b70    00000082                 : gpio.obj (.text:GPIOIntTypeSet)
                  20004bf2    0000007a     rtsv7M4_T_le_eabi.lib : memset_t2.obj (.text)
                  20004c6c    0000006c                           : autoinit.obj (.text)
                  20004cd8    0000006a                           : copy_decompress_rle.obj (.text)
                  20004d42    00000002     --HOLE-- [fill = 0]
                  20004d44    00000058     driverlib.a : prcm.obj (.text:PRCMPeripheralReset)
                  20004d9c    00000054                 : interrupt.obj (.text:IntPrioritySet)
                  20004df0    0000004c     pinmux.obj (.text)
                  20004e3c    0000004c     rtsv7M4_T_le_eabi.lib : cpy_tbl.obj (.text)
                  20004e88    00000048     driverlib.a : gpio.obj (.text:GPIOGetIntNumber)
                  20004ed0    00000044     rtsv7M4_T_le_eabi.lib : exit.obj (.text)
                  20004f14    00000040     driverlib.a : pin.obj (.text:PinModeSet)
                  20004f54    0000003c                 : prcm.obj (.text:PRCMPeripheralClkEnable)
                  20004f90    0000003c     rtsv7M4_T_le_eabi.lib : boot.obj (.text)
                  20004fcc    00000036     driverlib.a : gpio.obj (.text:GPIODirModeSet)
                  20005002    00000030                 : pin.obj (.text:PinTypeGPIO)
                  20005032    00000002     --HOLE-- [fill = 0]
                  20005034    0000002c                 : prcm.obj (.text:PRCMSysResetCauseGet)
                  20005060    00000028                 : prcm.obj (.text:PRCMPeripheralClkDisable)
                  20005088    00000020                 : gpio.obj (.text:GPIOPinWrite)
                  200050a8    00000020                 : interrupt.obj (.text:IntRegister)
                  200050c8    0000001e                 : gpio.obj (.text:GPIOIntRegister)
                  200050e6    0000001a                 : gpio.obj (.text:GPIOIntEnable)
                  20005100    00000018                 : gpio.obj (.text:GPIOPinRead)
                  20005118    00000018     rtsv7M4_T_le_eabi.lib : args_main.obj (.text)
                  20005130    00000016     driverlib.a : prcm.obj (.text:PRCMHIBRegRead)
                  20005146    00000016                 : prcm.obj (.text:PRCMHIBRegWrite)
                  2000515c    00000014                 : cpu.obj (.text:CPUcpsie)
                  20005170    00000014                 : gpio.obj (.text:GPIOIntClear)
                  20005184    00000014                 : interrupt.obj (.text:IntVTableBaseSet)
                  20005198    00000014     rtsv7M4_T_le_eabi.lib : _lock.obj (.text)
                  200051ac    0000000e                           : copy_decompress_none.obj (.text:decompress:none)
                  200051ba    0000000e     startup_ccs.obj (.text)
                  200051c8    0000000c     rtsv7M4_T_le_eabi.lib : copy_zero_init.obj (.text:decompress:ZI)
                  200051d4    0000000a     driverlib.a : interrupt.obj (.text:IntMasterEnable)
                  200051de    00000006                 : utils.obj (.text:UtilsDelay)
                  200051e4    00000006     rtsv7M4_T_le_eabi.lib : copy_decompress_rle.obj (.text:decompress:rle24)
                  200051ea    00000004                           : pre_init.obj (.text)

.const     0    200051f0    000002fc     
                  200051f0    00000100     driverlib.a : pin.obj (.const:g_ulPinToPadMap)
                  200052f0    000000d4                 : interrupt.obj (.const:g_pulRegs)
                  200053c4    000000a8                 : prcm.obj (.const:PRCM_PeriphRegsList)
                  2000546c    00000080                 : interrupt.obj (.const)

.cinit     0    200054f0    00000050     
                  200054f0    00000028     (.cinit..data.load) [load image, compression = rle]
                  20005518    0000000c     (__TI_handler_table)
                  20005524    00000004     --HOLE-- [fill = 0]
                  20005528    00000008     (.cinit..bss.load) [load image, compression = zero_init]
                  20005530    00000010     (__TI_cinit_table)

.data      0    2001d000    00000034     UNINITIALIZED
                  2001d000    00000020     gpio_if.obj (.data)
                  2001d020    00000008     rtsv7M4_T_le_eabi.lib : _lock.obj (.data)
                  2001d028    00000008                           : exit.obj (.data)
                  2001d030    00000004                           : stkdepth_vars.obj (.data)

.bss       0    2001d034    00000003     UNINITIALIZED
                  2001d034    00000001     (.common:g_ucLED1Pin)
                  2001d035    00000001     (.common:g_ucLED2Pin)
                  2001d036    00000001     (.common:g_ucLED3Pin)

.TI.persistent 
*          0    2001d000    00000000     UNINITIALIZED

.TI.noinit 
*          0    2001d034    00000000     UNINITIALIZED

.stack     0    2003f800    00000800     UNINITIALIZED
                  2003f800    00000800     --HOLE--


LINKER GENERATED COPY TABLES

__TI_cinit_table @ 20005530 records: 2, size/record: 8, table size: 16
	.data: load addr=200054f0, load size=00000028 bytes, run addr=2001d000, run size=00000034 bytes, compression=rle
	.bss: load addr=20005528, load size=00000008 bytes, run addr=2001d034, run size=00000003 bytes, compression=zero_init


LINKER GENERATED HANDLER TABLE

__TI_handler_table @ 20005518 records: 3, size/record: 4, table size: 12
	index: 0, handler: __TI_decompress_rle24
	index: 1, handler: __TI_decompress_none
	index: 2, handler: __TI_zero_init


GLOBAL SYMBOLS: SORTED ALPHABETICALLY BY Name 

address   name                       
-------   ----                       
20004ed1  C$$EXIT                    
2000515d  CPUcpsie                   
20004fcd  GPIODirModeSet             
20005171  GPIOIntClear               
200050e7  GPIOIntEnable              
200050c9  GPIOIntRegister            
20004b71  GPIOIntTypeSet             
20005101  GPIOPinRead                
20005089  GPIOPinWrite               
200046c1  GPIO_IF_ConfigureNIntEnable
2000474d  GPIO_IF_Get                
2000467b  GPIO_IF_GetPortNPin        
2000443d  GPIO_IF_LedConfigure       
2000452f  GPIO_IF_LedOff             
2000447b  GPIO_IF_LedOn              
200045e3  GPIO_IF_LedStatus          
2000464d  GPIO_IF_LedToggle          
20004709  GPIO_IF_Set                
20004915  IntEnable                  
200051d5  IntMasterEnable            
20004d9d  IntPrioritySet             
200050a9  IntRegister                
20005185  IntVTableBaseSet           
20004a59  LEDBlinkyRoutine           
2000479d  PRCMCC3200MCUInit          
20005131  PRCMHIBRegRead             
20005147  PRCMHIBRegWrite            
20005061  PRCMPeripheralClkDisable   
20004f55  PRCMPeripheralClkEnable    
20004d45  PRCMPeripheralReset        
20005035  PRCMSysResetCauseGet       
20004ae9  PinConfigSet               
20004f15  PinModeSet                 
20004df1  PinMuxConfig               
20005003  PinTypeGPIO                
200051bb  ResetISR                   
UNDEFED   SHT$$INIT_ARRAY$$Base      
UNDEFED   SHT$$INIT_ARRAY$$Limit     
200051df  UtilsDelay                 
20040000  __STACK_END                
00000800  __STACK_SIZE               
20005530  __TI_CINIT_Base            
20005540  __TI_CINIT_Limit           
20005518  __TI_Handler_Table_Base    
20005524  __TI_Handler_Table_Limit   
20004c6d  __TI_auto_init             
2001d028  __TI_cleanup_ptr           
200051ad  __TI_decompress_none       
200051e5  __TI_decompress_rle24      
2001d02c  __TI_dtors_ptr             
200054f0  __TI_static_base__         
200051c9  __TI_zero_init             
20004bf3  __aeabi_memclr             
20004bf3  __aeabi_memclr4            
20004bf3  __aeabi_memclr8            
200049bd  __aeabi_memcpy             
200049bd  __aeabi_memcpy4            
200049bd  __aeabi_memcpy8            
20004bf5  __aeabi_memset             
20004bf5  __aeabi_memset4            
20004bf5  __aeabi_memset8            
ffffffff  __binit__                  
ffffffff  __c_args__                 
2003f800  __stack                    
20005119  _args_main                 
20004f91  _c_int00                   
2001d020  _lock                      
200051a7  _nop                       
2000519f  _register_lock             
20005199  _register_unlock           
200051eb  _system_pre_init           
2001d024  _unlock                    
20004ed5  abort                      
ffffffff  binit                      
20004e3d  copy_in                    
20004edd  exit                       
20004000  g_pfnVectors               
2001d034  g_ucLED1Pin                
2001d035  g_ucLED2Pin                
2001d036  g_ucLED3Pin                
2001d014  g_uiLED1Port               
2001d018  g_uiLED2Port               
2001d01c  g_uiLED3Port               
20004ac3  main                       
2001d030  main_func_sp               
200049bd  memcpy                     
20004bfb  memset                     


GLOBAL SYMBOLS: SORTED BY Symbol Address 

address   name                       
-------   ----                       
00000800  __STACK_SIZE               
20004000  g_pfnVectors               
2000443d  GPIO_IF_LedConfigure       
2000447b  GPIO_IF_LedOn              
2000452f  GPIO_IF_LedOff             
200045e3  GPIO_IF_LedStatus          
2000464d  GPIO_IF_LedToggle          
2000467b  GPIO_IF_GetPortNPin        
200046c1  GPIO_IF_ConfigureNIntEnable
20004709  GPIO_IF_Set                
2000474d  GPIO_IF_Get                
2000479d  PRCMCC3200MCUInit          
20004915  IntEnable                  
200049bd  __aeabi_memcpy             
200049bd  __aeabi_memcpy4            
200049bd  __aeabi_memcpy8            
200049bd  memcpy                     
20004a59  LEDBlinkyRoutine           
20004ac3  main                       
20004ae9  PinConfigSet               
20004b71  GPIOIntTypeSet             
20004bf3  __aeabi_memclr             
20004bf3  __aeabi_memclr4            
20004bf3  __aeabi_memclr8            
20004bf5  __aeabi_memset             
20004bf5  __aeabi_memset4            
20004bf5  __aeabi_memset8            
20004bfb  memset                     
20004c6d  __TI_auto_init             
20004d45  PRCMPeripheralReset        
20004d9d  IntPrioritySet             
20004df1  PinMuxConfig               
20004e3d  copy_in                    
20004ed1  C$$EXIT                    
20004ed5  abort                      
20004edd  exit                       
20004f15  PinModeSet                 
20004f55  PRCMPeripheralClkEnable    
20004f91  _c_int00                   
20004fcd  GPIODirModeSet             
20005003  PinTypeGPIO                
20005035  PRCMSysResetCauseGet       
20005061  PRCMPeripheralClkDisable   
20005089  GPIOPinWrite               
200050a9  IntRegister                
200050c9  GPIOIntRegister            
200050e7  GPIOIntEnable              
20005101  GPIOPinRead                
20005119  _args_main                 
20005131  PRCMHIBRegRead             
20005147  PRCMHIBRegWrite            
2000515d  CPUcpsie                   
20005171  GPIOIntClear               
20005185  IntVTableBaseSet           
20005199  _register_unlock           
2000519f  _register_lock             
200051a7  _nop                       
200051ad  __TI_decompress_none       
200051bb  ResetISR                   
200051c9  __TI_zero_init             
200051d5  IntMasterEnable            
200051df  UtilsDelay                 
200051e5  __TI_decompress_rle24      
200051eb  _system_pre_init           
200054f0  __TI_static_base__         
20005518  __TI_Handler_Table_Base    
20005524  __TI_Handler_Table_Limit   
20005530  __TI_CINIT_Base            
20005540  __TI_CINIT_Limit           
2001d014  g_uiLED1Port               
2001d018  g_uiLED2Port               
2001d01c  g_uiLED3Port               
2001d020  _lock                      
2001d024  _unlock                    
2001d028  __TI_cleanup_ptr           
2001d02c  __TI_dtors_ptr             
2001d030  main_func_sp               
2001d034  g_ucLED1Pin                
2001d035  g_ucLED2Pin                
2001d036  g_ucLED3Pin                
2003f800  __stack                    
20040000  __STACK_END                
ffffffff  __binit__                  
ffffffff  __c_args__                 
ffffffff  binit                      
UNDEFED   SHT$$INIT_ARRAY$$Base      
UNDEFED   SHT$$INIT_ARRAY$$Limit     

[87 symbols]
