******************************************************************************
                  TI ARM Linker PC v5.2.7                      
******************************************************************************
>> Linked Tue Jun 21 07:02:00 2016

OUTPUT FILE NAME:   <spi_demo.out>
ENTRY POINT SYMBOL: "_c_int00"  address: 20007569


MEMORY CONFIGURATION

         name            origin    length      used     unused   attr    fill
----------------------  --------  ---------  --------  --------  ----  --------
  SRAM_CODE             20004000   00013000  00003dae  0000f252  RW X
  SRAM_DATA             20017000   00019000  00005f82  0001307e  RW X


SEGMENT ALLOCATION MAP

run origin  load origin   length   init length attrs members
----------  ----------- ---------- ----------- ----- -------
20004000    20004000    00003db0   00003db0    r-x
  20004000    20004000    00000400   00000400    r-- .intvecs
  20004400    20004400    000035ce   000035ce    r-x .text
  200079d0    200079d0    00000368   00000368    r-- .const
  20007d38    20007d38    00000078   00000078    r-- .cinit
20017000    20017000    00005784   00000000    rw-
  20017000    20017000    00004e26   00000000    rw- .bss
  2001be28    2001be28    00000800   00000000    rw- .sysmem
  2001c628    2001c628    0000015c   00000000    rw- .data
2002f800    2002f800    00000800   00000000    rw-
  2002f800    2002f800    00000800   00000000    rw- .stack


SECTION ALLOCATION MAP

 output                                  attributes/
section   page    origin      length       input sections
--------  ----  ----------  ----------   ----------------
.intvecs   0    20004000    00000400     
                  20004000    00000400     startup_ccs.obj (.intvecs)

.init_array 
*          0    20004000    00000000     UNINITIALIZED

.text      0    20004400    000035ce     
                  20004400    000010a6     rtsv7M4_T_le_eabi.lib : _printfi.obj (.text)
                  200054a6    00000002     --HOLE-- [fill = 0]
                  200054a8    000003dc                           : memory.obj (.text)
                  20005884    000002e4     main.obj (.text)
                  20005b68    00000280     uart_if.obj (.text)
                  20005de8    000001f4     rtsv7M4_T_le_eabi.lib : ull_div_t2.obj (.text)
                  20005fdc    000001b6                           : fd_add_t2.obj (.text)
                  20006192    00000002     --HOLE-- [fill = 0]
                  20006194    00000178     driverlib.a : prcm.obj (.text:PRCMCC3200MCUInit)
                  2000630c    00000136     rtsv7M4_T_le_eabi.lib : fd_div_t2.obj (.text)
                  20006442    00000002     --HOLE-- [fill = 0]
                  20006444    00000110                           : xdscale.obj (.text)
                  20006554    000000fc                           : fd_mul_t2.obj (.text)
                  20006650    000000d0     driverlib.a : spi.obj (.text:SPITransfer32)
                  20006720    000000ce                 : spi.obj (.text:SPITransfer16)
                  200067ee    000000be     rtsv7M4_T_le_eabi.lib : xdnorm.obj (.text)
                  200068ac    000000b8     driverlib.a : spi.obj (.text:SPITransfer8)
                  20006964    000000a8                 : interrupt.obj (.text:IntEnable)
                  20006a0c    000000a0                 : spi.obj (.text:SPIConfigSetExpClk)
                  20006aac    0000009c     rtsv7M4_T_le_eabi.lib : memcpy_t2.obj (.text)
                  20006b48    00000094     driverlib.a : prcm.obj (.text:PRCMPeripheralClockGet)
                  20006bdc    00000088                 : pin.obj (.text:PinConfigSet)
                  20006c64    00000088                 : spi.obj (.text:SPITransfer)
                  20006cec    00000088     rtsv7M4_T_le_eabi.lib : vsnprintf.obj (.text)
                  20006d74    00000086                           : fd_cmp_t2.obj (.text:__aeabi_cdcmple)
                  20006dfa    00000086                           : fd_cmp_t2.obj (.text:__aeabi_cdrcmple)
                  20006e80    0000007c     driverlib.a : spi.obj (.text:SPIIntStatus)
                  20006efc    0000007a     rtsv7M4_T_le_eabi.lib : memset_t2.obj (.text)
                  20006f76    00000076     driverlib.a : uart.obj (.text:UARTConfigSetExpClk)
                  20006fec    0000006c     rtsv7M4_T_le_eabi.lib : autoinit.obj (.text)
                  20007058    0000006a                           : copy_decompress_rle.obj (.text)
                  200070c2    00000066                           : xdunscal.obj (.text)
                  20007128    00000058     driverlib.a : prcm.obj (.text:PRCMPeripheralReset)
                  20007180    00000056     rtsv7M4_T_le_eabi.lib : ltoa.obj (.text)
                  200071d6    00000002     --HOLE-- [fill = 0]
                  200071d8    0000004c     driverlib.a : spi.obj (.text:SPIIntEnable)
                  20007224    0000004c                 : spi.obj (.text:SPIIntNumberGet)
                  20007270    0000004c     rtsv7M4_T_le_eabi.lib : atoi.obj (.text)
                  200072bc    0000004c                           : cpy_tbl.obj (.text)
                  20007308    00000048     driverlib.a : spi.obj (.text:SPIIntClear)
                  20007350    00000048     rtsv7M4_T_le_eabi.lib : fd_toi_t2.obj (.text)
                  20007398    00000046                           : ldexp.obj (.text)
                  200073de    00000002     --HOLE-- [fill = 0]
                  200073e0    00000044     driverlib.a : spi.obj (.text:SPIDmaMaskGet)
                  20007424    00000044     pinmux.obj (.text)
                  20007468    00000044     rtsv7M4_T_le_eabi.lib : exit.obj (.text)
                  200074ac    00000040     driverlib.a : pin.obj (.text:PinModeSet)
                  200074ec    00000040     rtsv7M4_T_le_eabi.lib : signal.obj (.text)
                  2000752c    0000003c     driverlib.a : prcm.obj (.text:PRCMPeripheralClkEnable)
                  20007568    0000003c     rtsv7M4_T_le_eabi.lib : boot.obj (.text)
                  200075a4    00000034                           : feraiseexcept.obj (.text)
                  200075d8    00000030     driverlib.a : uart.obj (.text:UARTDisable)
                  20007608    00000030     rtsv7M4_T_le_eabi.lib : xferaise.obj (.text)
                  20007638    0000002e                           : i_tofd_t2.obj (.text)
                  20007666    0000002e                           : raise.obj (.text)
                  20007694    0000002c     driverlib.a : prcm.obj (.text:PRCMSysResetCauseGet)
                  200076c0    0000002a                 : spi.obj (.text:SPIDataGetNonBlocking)
                  200076ea    0000002a     rtsv7M4_T_le_eabi.lib : xdclass.obj (.text)
                  20007714    00000028     driverlib.a : prcm.obj (.text:PRCMPeripheralClkDisable)
                  2000773c    00000024                 : uart.obj (.text:UARTEnable)
                  20007760    00000024     rtsv7M4_T_le_eabi.lib : memmov.obj (.text)
                  20007784    00000022     driverlib.a : spi.obj (.text:SPIReset)
                  200077a6    00000022     rtsv7M4_T_le_eabi.lib : frexp.obj (.text)
                  200077c8    00000020     driverlib.a : interrupt.obj (.text:IntRegister)
                  200077e8    0000001e                 : spi.obj (.text:SPIDataPut)
                  20007806    0000001e                 : spi.obj (.text:SPIIntRegister)
                  20007824    0000001e                 : uart.obj (.text:UARTCharPut)
                  20007842    0000001c                 : uart.obj (.text:UARTCharGetNonBlocking)
                  2000785e    0000001c     rtsv7M4_T_le_eabi.lib : memccpy.obj (.text)
                  2000787a    0000001a     driverlib.a : pin.obj (.text:PinTypeSPI)
                  20007894    0000001a                 : pin.obj (.text:PinTypeUART)
                  200078ae    00000018                 : spi.obj (.text:SPIEnable)
                  200078c6    00000018                 : uart.obj (.text:UARTCharsAvail)
                  200078de    00000002     --HOLE-- [fill = 0]
                  200078e0    00000018     rtsv7M4_T_le_eabi.lib : args_main.obj (.text)
                  200078f8    00000016     driverlib.a : prcm.obj (.text:PRCMHIBRegRead)
                  2000790e    00000016                 : prcm.obj (.text:PRCMHIBRegWrite)
                  20007924    00000016     rtsv7M4_T_le_eabi.lib : strchr.obj (.text)
                  2000793a    00000014     driverlib.a : cpu.obj (.text:CPUcpsie)
                  2000794e    00000002     --HOLE-- [fill = 0]
                  20007950    00000014                 : interrupt.obj (.text:IntVTableBaseSet)
                  20007964    00000014     rtsv7M4_T_le_eabi.lib : _lock.obj (.text)
                  20007978    00000014                           : strlen.obj (.text)
                  2000798c    0000000e                           : copy_decompress_none.obj (.text:decompress:none)
                  2000799a    0000000e     startup_ccs.obj (.text)
                  200079a8    0000000c     rtsv7M4_T_le_eabi.lib : copy_zero_init.obj (.text:decompress:ZI)
                  200079b4    0000000a     driverlib.a : interrupt.obj (.text:IntMasterEnable)
                  200079be    00000006                 : utils.obj (.text:UtilsDelay)
                  200079c4    00000006     rtsv7M4_T_le_eabi.lib : copy_decompress_rle.obj (.text:decompress:rle24)
                  200079ca    00000004                           : pre_init.obj (.text)

.const     0    200079d0    00000368     
                  200079d0    00000101     rtsv7M4_T_le_eabi.lib : ctype.obj (.const:.string:_ctypes_)
                  20007ad1    00000003     --HOLE-- [fill = 0]
                  20007ad4    00000100     driverlib.a : pin.obj (.const:g_ulPinToPadMap)
                  20007bd4    000000a8                 : prcm.obj (.const:PRCM_PeriphRegsList)
                  20007c7c    00000080                 : interrupt.obj (.const)
                  20007cfc    00000024                 : spi.obj (.const:g_ppulSPIIntMap)
                  20007d20    00000018                 : spi.obj (.const)

.cinit     0    20007d38    00000078     
                  20007d38    0000004e     (.cinit..data.load) [load image, compression = rle]
                  20007d86    00000002     --HOLE-- [fill = 0]
                  20007d88    0000000c     (__TI_handler_table)
                  20007d94    00000004     --HOLE-- [fill = 0]
                  20007d98    00000008     (.cinit..bss.load) [load image, compression = zero_init]
                  20007da0    00000010     (__TI_cinit_table)

.bss       0    20017000    00004e26     UNINITIALIZED
                  20017000    00002710     main.obj (.bss:g_ucRxBuff)
                  20019710    00002710     main.obj (.bss:g_ucTxBuff)
                  2001be20    00000004     (.common:__Errorlog)
                  2001be24    00000001     (.common:ucRxBuffNdx)
                  2001be25    00000001     (.common:ucTxBuffNdx)

.TI.noinit 
*          0    20017000    00000000     UNINITIALIZED

.sysmem    0    2001be28    00000800     UNINITIALIZED
                  2001be28    00000008     rtsv7M4_T_le_eabi.lib : memory.obj (.sysmem)
                  2001be30    000007f8     --HOLE--

.data      0    2001c628    0000015c     UNINITIALIZED
                  2001c628    000000b0     rtsv7M4_T_le_eabi.lib : signal.obj (.data:sigtable)
                  2001c6d8    00000080                           : xvalues.obj (.data)
                  2001c758    0000000c                           : memory.obj (.data)
                  2001c764    00000008                           : _lock.obj (.data)
                  2001c76c    00000008                           : exit.obj (.data)
                  2001c774    00000008                           : feraiseexcept.obj (.data)
                  2001c77c    00000004                           : errno.obj (.data)
                  2001c780    00000004                           : stkdepth_vars.obj (.data)

.TI.persistent 
*          0    2001c628    00000000     UNINITIALIZED

.stack     0    2002f800    00000800     UNINITIALIZED
                  2002f800    00000800     --HOLE--


LINKER GENERATED COPY TABLES

__TI_cinit_table @ 20007da0 records: 2, size/record: 8, table size: 16
	.data: load addr=20007d38, load size=0000004e bytes, run addr=2001c628, run size=0000015c bytes, compression=rle
	.bss: load addr=20007d98, load size=00000008 bytes, run addr=20017000, run size=00004e26 bytes, compression=zero_init


LINKER GENERATED HANDLER TABLE

__TI_handler_table @ 20007d88 records: 3, size/record: 4, table size: 12
	index: 0, handler: __TI_decompress_rle24
	index: 1, handler: __TI_decompress_none
	index: 2, handler: __TI_zero_init


GLOBAL SYMBOLS: SORTED ALPHABETICALLY BY Name 

address   name                    
-------   ----                    
20007469  C$$EXIT                 
2000793b  CPUcpsie                
20005ba9  ClearTerm               
20005bb3  Error                   
20005beb  GetCmd                  
20005b69  InitTerm                
20006965  IntEnable               
200079b5  IntMasterEnable         
200077c9  IntRegister             
20007951  IntVTableBaseSet        
200058f9  MasterMain              
20005b87  Message                 
20006195  PRCMCC3200MCUInit       
200078f9  PRCMHIBRegRead          
2000790f  PRCMHIBRegWrite         
20007715  PRCMPeripheralClkDisable
2000752d  PRCMPeripheralClkEnable 
20006b49  PRCMPeripheralClockGet  
20007129  PRCMPeripheralReset     
20007695  PRCMSysResetCauseGet    
20006bdd  PinConfigSet            
200074ad  PinModeSet              
20007425  PinMuxConfig            
2000787b  PinTypeSPI              
20007895  PinTypeUART             
20005d29  Report                  
2000799b  ResetISR                
UNDEFED   SHT$$INIT_ARRAY$$Base   
UNDEFED   SHT$$INIT_ARRAY$$Limit  
20006a0d  SPIConfigSetExpClk      
200076c1  SPIDataGetNonBlocking   
200077e9  SPIDataPut              
200078af  SPIEnable               
20007309  SPIIntClear             
200071d9  SPIIntEnable            
20007807  SPIIntRegister          
20006e81  SPIIntStatus            
20007785  SPIReset                
20006c65  SPITransfer             
20005959  SlaveMain               
20005c91  TrimSpace               
20007843  UARTCharGetNonBlocking  
20007825  UARTCharPut             
200078c7  UARTCharsAvail          
20006f77  UARTConfigSetExpClk     
200075d9  UARTDisable             
2000773d  UARTEnable              
200079bf  UtilsDelay              
200076eb  _Dclass                 
2001c6d8  _Denorm                 
200067ef  _Dnorm                  
20006445  _Dscale                 
200070c3  _Dunscale               
2001c6e8  _Eps                    
2001c77c  _Errno                  
2001c774  _Fenv                   
20007609  _Feraise                
2001c6f8  _Hugeval                
2001c708  _Inf                    
2001c718  _Nan                    
2001c738  _Rteps                  
2001c728  _Snan                   
2001c778  _Tls_setup__Fenv        
2001c748  _Xbig                   
2001c750  _Zero                   
20030000  __STACK_END             
00000800  __STACK_SIZE            
00000800  __SYSMEM_SIZE           
20007da0  __TI_CINIT_Base         
20007db0  __TI_CINIT_Limit        
20007d88  __TI_Handler_Table_Base 
20007d94  __TI_Handler_Table_Limit
20006fed  __TI_auto_init          
2001c76c  __TI_cleanup_ptr        
2000798d  __TI_decompress_none    
200079c5  __TI_decompress_rle24   
2001c770  __TI_dtors_ptr          
200051a1  __TI_printfi            
20007d38  __TI_static_base__      
200079a9  __TI_zero_init          
20006d75  __aeabi_cdcmpeq         
20006d75  __aeabi_cdcmple         
20006dfb  __aeabi_cdrcmple        
20007351  __aeabi_d2iz            
20005fe7  __aeabi_dadd            
2000630d  __aeabi_ddiv            
20006555  __aeabi_dmul            
20005fdd  __aeabi_dsub            
20007639  __aeabi_i2d             
20006efd  __aeabi_memclr          
20006efd  __aeabi_memclr4         
20006efd  __aeabi_memclr8         
20006aad  __aeabi_memcpy          
20006aad  __aeabi_memcpy4         
20006aad  __aeabi_memcpy8         
20006eff  __aeabi_memset          
20006eff  __aeabi_memset4         
20006eff  __aeabi_memset8         
20005de9  __aeabi_uldivmod        
ffffffff  __binit__               
ffffffff  __c_args__              
2002f800  __stack                 
200078e1  _args_main              
20007569  _c_int00                
200079d0  _ctypes_                
2001c764  _lock                   
20007973  _nop                    
2000796b  _register_lock          
20007965  _register_unlock        
2001be28  _sys_memory             
200079cb  _system_pre_init        
2001c768  _unlock                 
2000746d  abort                   
20007271  atoi                    
ffffffff  binit                   
20005851  calloc                  
200072bd  copy_in                 
20007475  exit                    
200075a5  feraiseexcept           
2000559f  free                    
200077a7  frexp                   
20004000  g_pfnVectors            
20007399  ldexp                   
20007181  ltoa                    
200059c9  main                    
2001c780  main_func_sp            
20005537  malloc                  
2000576d  memalign                
2000785f  memccpy                 
20006aad  memcpy                  
20007761  memmove                 
20006f05  memset                  
200054a9  minit                   
20007667  raise                   
20005661  realloc                 
200074ed  signal                  
20007925  strchr                  
20007979  strlen                  
20006ced  vsnprintf               


GLOBAL SYMBOLS: SORTED BY Symbol Address 

address   name                    
-------   ----                    
00000800  __STACK_SIZE            
00000800  __SYSMEM_SIZE           
20004000  g_pfnVectors            
200051a1  __TI_printfi            
200054a9  minit                   
20005537  malloc                  
2000559f  free                    
20005661  realloc                 
2000576d  memalign                
20005851  calloc                  
200058f9  MasterMain              
20005959  SlaveMain               
200059c9  main                    
20005b69  InitTerm                
20005b87  Message                 
20005ba9  ClearTerm               
20005bb3  Error                   
20005beb  GetCmd                  
20005c91  TrimSpace               
20005d29  Report                  
20005de9  __aeabi_uldivmod        
20005fdd  __aeabi_dsub            
20005fe7  __aeabi_dadd            
20006195  PRCMCC3200MCUInit       
2000630d  __aeabi_ddiv            
20006445  _Dscale                 
20006555  __aeabi_dmul            
200067ef  _Dnorm                  
20006965  IntEnable               
20006a0d  SPIConfigSetExpClk      
20006aad  __aeabi_memcpy          
20006aad  __aeabi_memcpy4         
20006aad  __aeabi_memcpy8         
20006aad  memcpy                  
20006b49  PRCMPeripheralClockGet  
20006bdd  PinConfigSet            
20006c65  SPITransfer             
20006ced  vsnprintf               
20006d75  __aeabi_cdcmpeq         
20006d75  __aeabi_cdcmple         
20006dfb  __aeabi_cdrcmple        
20006e81  SPIIntStatus            
20006efd  __aeabi_memclr          
20006efd  __aeabi_memclr4         
20006efd  __aeabi_memclr8         
20006eff  __aeabi_memset          
20006eff  __aeabi_memset4         
20006eff  __aeabi_memset8         
20006f05  memset                  
20006f77  UARTConfigSetExpClk     
20006fed  __TI_auto_init          
200070c3  _Dunscale               
20007129  PRCMPeripheralReset     
20007181  ltoa                    
200071d9  SPIIntEnable            
20007271  atoi                    
200072bd  copy_in                 
20007309  SPIIntClear             
20007351  __aeabi_d2iz            
20007399  ldexp                   
20007425  PinMuxConfig            
20007469  C$$EXIT                 
2000746d  abort                   
20007475  exit                    
200074ad  PinModeSet              
200074ed  signal                  
2000752d  PRCMPeripheralClkEnable 
20007569  _c_int00                
200075a5  feraiseexcept           
200075d9  UARTDisable             
20007609  _Feraise                
20007639  __aeabi_i2d             
20007667  raise                   
20007695  PRCMSysResetCauseGet    
200076c1  SPIDataGetNonBlocking   
200076eb  _Dclass                 
20007715  PRCMPeripheralClkDisable
2000773d  UARTEnable              
20007761  memmove                 
20007785  SPIReset                
200077a7  frexp                   
200077c9  IntRegister             
200077e9  SPIDataPut              
20007807  SPIIntRegister          
20007825  UARTCharPut             
20007843  UARTCharGetNonBlocking  
2000785f  memccpy                 
2000787b  PinTypeSPI              
20007895  PinTypeUART             
200078af  SPIEnable               
200078c7  UARTCharsAvail          
200078e1  _args_main              
200078f9  PRCMHIBRegRead          
2000790f  PRCMHIBRegWrite         
20007925  strchr                  
2000793b  CPUcpsie                
20007951  IntVTableBaseSet        
20007965  _register_unlock        
2000796b  _register_lock          
20007973  _nop                    
20007979  strlen                  
2000798d  __TI_decompress_none    
2000799b  ResetISR                
200079a9  __TI_zero_init          
200079b5  IntMasterEnable         
200079bf  UtilsDelay              
200079c5  __TI_decompress_rle24   
200079cb  _system_pre_init        
200079d0  _ctypes_                
20007d38  __TI_static_base__      
20007d88  __TI_Handler_Table_Base 
20007d94  __TI_Handler_Table_Limit
20007da0  __TI_CINIT_Base         
20007db0  __TI_CINIT_Limit        
2001be28  _sys_memory             
2001c6d8  _Denorm                 
2001c6e8  _Eps                    
2001c6f8  _Hugeval                
2001c708  _Inf                    
2001c718  _Nan                    
2001c728  _Snan                   
2001c738  _Rteps                  
2001c748  _Xbig                   
2001c750  _Zero                   
2001c764  _lock                   
2001c768  _unlock                 
2001c76c  __TI_cleanup_ptr        
2001c770  __TI_dtors_ptr          
2001c774  _Fenv                   
2001c778  _Tls_setup__Fenv        
2001c77c  _Errno                  
2001c780  main_func_sp            
2002f800  __stack                 
20030000  __STACK_END             
ffffffff  __binit__               
ffffffff  __c_args__              
ffffffff  binit                   
UNDEFED   SHT$$INIT_ARRAY$$Base   
UNDEFED   SHT$$INIT_ARRAY$$Limit  

[139 symbols]
