******************************************************************************
               TMS320C6x Linker PC v7.3.1                      
******************************************************************************
>> Linked Wed Dec 07 00:12:09 2011

OUTPUT FILE NAME:   <keystone_flash.out>
ENTRY POINT SYMBOL: "_c_int00"  address: 1180f3a0


MEMORY CONFIGURATION

         name            origin    length      used     unused   attr    fill
----------------------  --------  ---------  --------  --------  ----  --------
  IROM                  11700000   00100000  00000000  00100000  R  X
  IRAM                  11800000   00040000  000254b6  0001ab4a  RW X
  L3_CBA_RAM            80000000   00020000  00000000  00020000  RW X
  DDR                   c0000000   08000000  00000000  08000000  RW X


SECTION ALLOCATION MAP

 output                                  attributes/
section   page    origin      length       input sections
--------  ----  ----------  ----------   ----------------
.pinit     0    11800000    00000000     UNINITIALIZED

.data      0    11800000    00000000     UNINITIALIZED

xdc.meta   0    11800000    000000e7     COPY SECTION
                  11800000    000000e7     keystone_flash_p674.o674 (xdc.meta)

.text      0    11800000    000139a0     
                  11800000    00000c20     evmomapl138_bsl.lib : evmomapl138.obj (.text)
                  11800c20    00000940     ti.targets.rts6000.a674 : System.o674 (.text:_xdc_runtime_System_doPrint__I)
                  11801560    00000780     sysbios.lib : BIOS.obj (.text:_ti_sysbios_family_c64p_Exception_handler__I)
                  11801ce0    00000660                 : BIOS.obj (.text:_ti_sysbios_heaps_HeapMem_free__E)
                  11802340    00000620                 : BIOS.obj (.text:_ti_sysbios_heaps_HeapMem_alloc__E)
                  11802960    000005a0     rts6740.lib : divd.obj (.text:__divd)
                  11802f00    000005a0     sysbios.lib : BIOS.obj (.text:_ti_sysbios_timers_timer64_Timer_Module_startup__F)
                  118034a0    00000580     rts6740.lib : _printfi.obj (.text:__getarg_diouxp)
                  11803a20    00000520     sysbios.lib : BIOS.obj (.text:_ti_sysbios_utils_Load_update__E)
                  11803f40    000004e0     evmomapl138_bsl.lib : evmomapl138_i2c_gpio.obj (.text)
                  11804420    00000480     rts6740.lib : _printfi.obj (.text:__setfield)
                  118048a0    00000460     sysbios.lib : BIOS.obj (.text:_ti_sysbios_utils_Load_logLoads__I)
                  11804d00    00000440     rts6740.lib : _printfi.obj (.text:__printfi)
                  11805140    00000400     sysbios.lib : BIOS.obj (.text:_ti_sysbios_knl_Semaphore_pend__E)
                  11805540    000003a0     mcasp_TTO.obj (.text)
                  118058e0    00000380     evmomapl138_bsl.lib : evmomapl138_i2c.obj (.text)
                  11805c60    00000300     rts6740.lib : fputs.obj (.text:_fputs)
                  11805f60    00000300     sysbios.lib : BIOS.obj (.text:_ti_sysbios_family_c64p_Hwi_dispatchC__I)
                  11806260    000002e0     led.obj (.text)
                  11806540    000002c0     rts6740.lib : _printfi.obj (.text:__pproc_fge)
                  11806800    000002c0                 : _printfi.obj (.text:__pproc_fwp)
                  11806ac0    000002a0                 : _printfi.obj (.text:_ecvt)
                  11806d60    000002a0                 : _printfi.obj (.text:_fcvt)
                  11807000    000002a0     sysbios.lib : BIOS.obj (.text:_ti_sysbios_knl_Clock_workFunc__E)
                  118072a0    00000280                 : BIOS.obj (.text:_deviceConfig$41)
                  11807520    00000280                 : BIOS.obj (.text:_ti_sysbios_family_c64p_Cache_Module_startup__F)
                  118077a0    00000280                 : BIOS.obj (.text:_ti_sysbios_knl_Clock_Instance_init__F)
                  11807a20    00000280                 : BIOS.obj (.text:_ti_sysbios_knl_Task_exit__E)
                  11807ca0    00000280     ti.targets.rts6000.a674 : Core-mem.o674 (.text:_xdc_runtime_Core_createObject__I)
                  11807f20    00000280                             : Error.o674 (.text:_xdc_runtime_Error_raiseX__F)
                  118081a0    00000260     rts6740.lib : imath64.obj (.text:__divull)
                  11808400    00000260                 : _printfi.obj (.text:__pconv_e)
                  11808660    00000260     ti.targets.rts6000.a674 : Startup.o674 (.text:_xdc_runtime_Startup_startMods__I)
                  118088c0    00000240     rts6740.lib : _printfi.obj (.text:__pproc_diouxp)
                  11808b00    00000240     sysbios.lib : BIOS.obj (.text:_ti_sysbios_family_c64p_Exception_internalHandler__I)
                  11808d40    00000240                 : BIOS.obj (.text:_ti_sysbios_utils_Load_taskDeleteHook__E)
                  11808f80    00000240     ti.targets.rts6000.a674 : LoggerBuf.o674 (.text:_xdc_runtime_LoggerBuf_write8__F)
                  118091c0    00000220     rts6740.lib : _printfi.obj (.text:__pproc_str)
                  118093e0    00000220     sysbios.lib : BIOS.obj (.text:_ti_sysbios_knl_Swi_run__I)
                  11809600    00000220                 : BIOS.obj (.text:_ti_sysbios_knl_Task_schedule__I)
                  11809820    00000220                 : BIOS.obj (.text:_ti_sysbios_knl_Task_startup__E)
                  11809a40    00000200     rts6740.lib : _printfi.obj (.text:__pconv_g)
                  11809c40    00000200     sysbios.lib : c64p_Hwi_disp_always.obj (.text:_ti_sysbios_family_c64p_Hwi_dispatchAlways)
                  11809e40    000001e0                 : BIOS.obj (.text:_ti_sysbios_knl_Task_postInit__I)
                  1180a020    000001e0                 : BIOS.obj (.text:_ti_sysbios_timers_timer64_Timer_getFreq__E)
                  1180a200    000001e0                 : BIOS.obj (.text:_ti_sysbios_timers_timer64_Timer_setPeriodMicroSecs__E)
                  1180a3e0    000001e0     evmomapl138_bsl.lib : evmomapl138_led.obj (.text)
                  1180a5c0    000001c0     rts6740.lib : _printfi.obj (.text:__mcpy)
                  1180a780    000001c0     sysbios.lib : BIOS.obj (.text:_ti_sysbios_knl_Task_checkStacks__E)
                  1180a940    000001c0                 : BIOS.obj (.text:_ti_sysbios_utils_Load_idleFxn__E)
                  1180ab00    000001c0     keystone_flash_p674.o674 (.text:_xdc_runtime_System_printfExtend__I)
                  1180acc0    000001a0     rts6740.lib : imath40.obj (.text:__divul)
                  1180ae60    000001a0     sysbios.lib : BIOS.obj (.text:_ti_sysbios_gates_GateMutex_enter__E)
                  1180b000    000001a0                 : BIOS.obj (.text:_ti_sysbios_knl_Swi_schedule__I)
                  1180b1a0    000001a0                 : BIOS.obj (.text:_ti_sysbios_timers_timer64_Timer_start__E)
                  1180b340    000001a0     ti.targets.rts6000.a674 : LoggerBuf.o674 (.text:_xdc_runtime_LoggerBuf_write4__F)
                  1180b4e0    00000180     rts6740.lib : trgdrv.obj (.text:_HOSTrename)
                  1180b660    00000180                 : setvbuf.obj (.text:_setvbuf)
                  1180b7e0    00000180     sysbios.lib : BIOS.obj (.text:_ti_sysbios_heaps_HeapMem_Instance_init__F)
                  1180b960    00000180                 : BIOS.obj (.text:_ti_sysbios_knl_Semaphore_post__E)
                  1180bae0    00000180                 : BIOS.obj (.text:_ti_sysbios_knl_Task_unblockI__E)
                  1180bc60    00000180     ti.targets.rts6000.a674 : Text.o674 (.text:_xdc_runtime_Text_putSite__F)
                  1180bde0    00000180     sysbios.lib : c64p_Exception_asm.obj (.text)
                  1180bf60    00000160                 : BIOS.obj (.text:_ti_sysbios_utils_Load_taskCreateHook__E)
                  1180c0c0    00000160     aic3106_TTO.obj (.text)
                  1180c220    00000160     main.obj (.text)
                  1180c380    00000140     rts6740.lib : _printfi.obj (.text:__pproc_fflags)
                  1180c4c0    00000140                 : fputc.obj (.text:_fputc)
                  1180c600    00000140                 : lowlev.obj (.text:_getdevice)
                  1180c740    00000140     sysbios.lib : BIOS.obj (.text:_ti_sysbios_family_c64p_Hwi_Module_startup__F)
                  1180c880    00000140                 : BIOS.obj (.text:_ti_sysbios_knl_Clock_Instance_finalize__F)
                  1180c9c0    00000140                 : BIOS.obj (.text:_ti_sysbios_knl_Semaphore_Instance_init__F)
                  1180cb00    00000140                 : BIOS.obj (.text:_ti_sysbios_knl_Swi_post__E)
                  1180cc40    00000140                 : BIOS.obj (.text:_ti_sysbios_knl_Task_Module_startup__F)
                  1180cd80    00000140                 : BIOS.obj (.text:_ti_sysbios_knl_Task_blockI__E)
                  1180cec0    00000140                 : BIOS.obj (.text:_ti_sysbios_utils_Load_addTask__E)
                  1180d000    00000120     boot.a674 : autoinit.o674 (.text:__auto_init)
                  1180d120    00000120     rts6740.lib : imath64.obj (.text:__divlli)
                  1180d240    00000120                 : fclose.obj (.text:_fclose)
                  1180d360    00000120     sysbios.lib : BIOS.obj (.text:_rtsUnlock$0)
                  1180d480    00000120     ti.targets.rts6000.a674 : LoggerBuf.o674 (.text:_xdc_runtime_LoggerBuf_setFilterLevel__F)
                  1180d5a0    00000120                             : Text.o674 (.text:_xdc_runtime_Text_putLab__F)
                  1180d6c0    00000120     isr.obj (.text)
                  1180d7e0    00000100     rts6740.lib : trgdrv.obj (.text:_HOSTlseek)
                  1180d8e0    00000100                 : _printfi.obj (.text:__ltostr)
                  1180d9e0    00000100                 : _io_perm.obj (.text:__wrt_ok)
                  1180dae0    00000100                 : sinit.obj (.text:_call_dtors)
                  1180dbe0    00000100     sysbios.lib : BIOS.obj (.text:_initDevice$41)
                  1180dce0    00000100                 : BIOS.obj (.text:_ti_sysbios_knl_Clock_startI__E)
                  1180dde0    00000100                 : BIOS.obj (.text:_ti_sysbios_knl_Swi_restoreHwi__E)
                  1180dee0    00000100                 : BIOS.obj (.text:_ti_sysbios_rta_SupportLogger_Module_startup__F)
                  1180dfe0    00000100     ti.targets.rts6000.a674 : Core-mem.o674 (.text:_xdc_runtime_Core_deleteObject__I)
                  1180e0e0    00000100                             : LoggerBuf.o674 (.text:_xdc_runtime_LoggerBuf_getFilterLevel__F)
                  1180e1e0    00000100                             : Startup.o674 (.text:_xdc_runtime_Startup_exec__F)
                  1180e2e0    00000100                             : Text.o674 (.text:_xdc_runtime_Text_putMod__F)
                  1180e3e0    00000100                             : Text.o674 (.text:_xdc_runtime_Text_visitRope2__I)
                  1180e4e0    000000e0     rts6740.lib : trgdrv.obj (.text:_HOSTopen)
                  1180e5c0    000000e0                 : atoi.obj (.text:_atoi)
                  1180e6a0    000000e0                 : lowlev.obj (.text:_close)
                  1180e780    000000e0                 : exit.obj (.text:_exit)
                  1180e860    000000e0                 : memset.obj (.text:_memset)
                  1180e940    000000e0     sysbios.lib : BIOS.obj (.text:_ti_sysbios_knl_Clock_start__E)
                  1180ea20    000000e0                 : BIOS.obj (.text:_ti_sysbios_timers_timer64_Timer_startup__E)
                  1180eb00    000000e0     ti.targets.rts6000.a674 : Error.o674 (.text:_xdc_runtime_Error_print__F)
                  1180ebe0    000000e0     keystone_flash_p674.o674 (.text:_xdc_runtime_LoggerBuf_Object__create__S)
                  1180ecc0    000000e0     ti.targets.rts6000.a674 : Memory.o674 (.text:_xdc_runtime_Memory_alloc__F)
                  1180eda0    000000c0     rts6740.lib : trgdrv.obj (.text:_HOSTread)
                  1180ee60    000000c0                 : trgdrv.obj (.text:_HOSTunlink)
                  1180ef20    000000c0                 : trgdrv.obj (.text:_HOSTwrite)
                  1180efe0    000000c0                 : fopen.obj (.text:__cleanup)
                  1180f0a0    000000c0                 : _printfi.obj (.text:__div)
                  1180f160    000000c0                 : divu.obj (.text:__divu)
                  1180f220    000000c0                 : fflush.obj (.text:__doflush)
                  1180f2e0    000000c0                 : atexit.obj (.text:_atexit)
                  1180f3a0    000000c0     boot.a674 : boot.o674 (.text:_c_int00)
                  1180f460    000000c0     rts6740.lib : fseek.obj (.text:_fseek)
                  1180f520    000000c0                 : lowlev.obj (.text:_lseek)
                  1180f5e0    000000c0                 : ltoa.obj (.text:_ltoa)
                  1180f6a0    000000c0     sysbios.lib : BIOS.obj (.text:_ti_sysbios_BIOS_errorRaiseHook__I)
                  1180f760    000000c0                 : BIOS.obj (.text:_ti_sysbios_heaps_HeapMem_getStats__E)
                  1180f820    000000c0                 : BIOS.obj (.text:_ti_sysbios_knl_Clock_logTick__E)
                  1180f8e0    000000c0                 : BIOS.obj (.text:_ti_sysbios_knl_Idle_loop__E)
                  1180f9a0    000000c0                 : BIOS.obj (.text:_ti_sysbios_timers_timer64_Timer_stop__E)
                  1180fa60    000000c0     rts6740.lib : lowlev.obj (.text:_write)
                  1180fb20    000000c0     ti.targets.rts6000.a674 : LoggerBuf.o674 (.text:_xdc_runtime_LoggerBuf_Instance_init__F)
                  1180fbe0    000000c0                             : System.o674 (.text:_xdc_runtime_System_formatNum__I)
                  1180fca0    000000a0     rts6740.lib : trgdrv.obj (.text:_HOSTclose)
                  1180fd40    000000a0                 : imath40.obj (.text:__divli)
                  1180fde0    000000a0                 : _printfi.obj (.text:__ecpy)
                  1180fe80    000000a0                 : _printfi.obj (.text:__fcpy)
                  1180ff20    000000a0                 : fixdli.obj (.text:__fixdli)
                  1180ffc0    000000a0                 : _printfi.obj (.text:__pconv_f)
                  11810060    000000a0                 : remu.obj (.text:__remu)
                  11810100    000000a0                 : lowlev.obj (.text:_finddevice)
                  118101a0    000000a0                 : memcpy64.obj (.text:_memcpy)
                  11810240    000000a0     sysbios.lib : BIOS.obj (.text:_ti_sysbios_heaps_HeapMem_init__I)
                  118102e0    000000a0     keystone_flash_p674.o674 (.text:_ti_sysbios_knl_Clock_Object__create__S)
                  11810380    000000a0     sysbios.lib : BIOS.obj (.text:_ti_sysbios_utils_Load_taskSwitchHook__E)
                  11810420    000000a0     ti.targets.rts6000.a674 : Assert.o674 (.text:_xdc_runtime_Assert_raise__I)
                  118104c0    000000a0                             : LoggerBuf.o674 (.text:_xdc_runtime_LoggerBuf_Module_startup__F)
                  11810560    000000a0                             : SysMin.o674 (.text:_xdc_runtime_SysMin_abort__F)
                  11810600    000000a0                             : SysMin.o674 (.text:_xdc_runtime_SysMin_flush__F)
                  118106a0    000000a0                             : SysMin.o674 (.text:_xdc_runtime_SysMin_putch__F)
                  11810740    00000080     rts6740.lib : fltlid.obj (.text:__fltlid)
                  118107c0    00000080                 : llshift.obj (.text:__llshl)
                  11810840    00000080     keystone_flash_p674.o674 (.text:_malloc)
                  118108c0    00000080     rts6740.lib : printf.obj (.text:_printf)
                  11810940    00000080                 : trgmsg.obj (.text:_readmsg)
                  118109c0    00000080     sysbios.lib : BIOS.obj (.text:_ti_sysbios_family_c62_TaskSupport_start__E)
                  11810a40    00000080                 : c62_TaskSupport_asm.obj (.text:_ti_sysbios_family_c62_TaskSupport_swap__E)
                  11810ac0    00000080     keystone_flash_p674.o674 (.text:_ti_sysbios_gates_GateHwi_Object__create__S)
                  11810b40    00000080     keystone_flash_p674.o674 (.text:_ti_sysbios_gates_GateMutex_Object__create__S)
                  11810bc0    00000080     keystone_flash_p674.o674 (.text:_ti_sysbios_heaps_HeapMem_Object__create__S)
                  11810c40    00000080     sysbios.lib : BIOS.obj (.text:_ti_sysbios_knl_Clock_Module_startup__F)
                  11810cc0    00000080     keystone_flash_p674.o674 (.text:_ti_sysbios_knl_Clock_doTick__I)
                  11810d40    00000080     sysbios.lib : BIOS.obj (.text:_ti_sysbios_knl_Clock_getTicks__E)
                  11810dc0    00000080     keystone_flash_p674.o674 (.text:_ti_sysbios_knl_Queue_Object__create__S)
                  11810e40    00000080     keystone_flash_p674.o674 (.text:_ti_sysbios_knl_Semaphore_Object__create__S)
                  11810ec0    00000080     sysbios.lib : BIOS.obj (.text:_ti_sysbios_knl_Swi_startup__E)
                  11810f40    00000080                 : BIOS.obj (.text:_ti_sysbios_knl_Task_restore__E)
                  11810fc0    00000080                 : BIOS.obj (.text:_ti_sysbios_timers_timer64_Timer_getCount__E)
                  11811040    00000080                 : BIOS.obj (.text:_ti_sysbios_timers_timer64_Timer_getPeriod__E)
                  118110c0    00000080     rts6740.lib : lowlev.obj (.text:_unlink)
                  11811140    00000080     ti.targets.rts6000.a674 : Core-label.o674 (.text:_xdc_runtime_Core_assignLabel__I)
                  118111c0    00000080                             : Core-params.o674 (.text:_xdc_runtime_Core_assignParams__I)
                  11811240    00000080                             : LoggerBuf.o674 (.text:_xdc_runtime_LoggerBuf_filterOutEvent__I)
                  118112c0    00000080     keystone_flash_p674.o674 (.text:_xdc_runtime_SysMin_output__I)
                  11811340    00000080     ti.targets.rts6000.a674 : System.o674 (.text:_xdc_runtime_System_atexit__F)
                  118113c0    00000080                             : System.o674 (.text:_xdc_runtime_System_rtsExit__I)
                  11811440    00000080                             : Text.o674 (.text:_xdc_runtime_Text_printVisFxn__I)
                  118114c0    00000080                             : Text.o674 (.text:_xdc_runtime_Text_xprintf__I)
                  11811540    00000080     sysbios.lib : BIOS.obj (.text:ti_sysbios_hal_Hwi_initStack:_ti_sysbios_hal_Hwi_initStack)
                  118115c0    00000060     rts6740.lib : imath64.obj (.text:__subcull)
                  11811620    00000060                 : memccpy.obj (.text:_memccpy)
                  11811680    00000060     keystone_flash_p674.o674 (.text:_ti_sysbios_BIOS_exitFunc__I)
                  118116e0    00000060     sysbios.lib : BIOS.obj (.text:_ti_sysbios_BIOS_registerRTSLock__I)
                  11811740    00000060                 : BIOS.obj (.text:_ti_sysbios_family_c64p_Cache_setMar__E)
                  118117a0    00000060                 : BIOS.obj (.text:_ti_sysbios_family_c64p_Exception_Module_startup__F)
                  11811800    00000060                 : BIOS.obj (.text:_ti_sysbios_family_c64p_primus_TimerSupport_enable__E)
                  11811860    00000060     keystone_flash_p674.o674 (.text:_ti_sysbios_gates_GateHwi_Handle__label__S)
                  118118c0    00000060     keystone_flash_p674.o674 (.text:_ti_sysbios_gates_GateMutex_Handle__label__S)
                  11811920    00000060     sysbios.lib : BIOS.obj (.text:_ti_sysbios_gates_GateMutex_Instance_init__F)
                  11811980    00000060     keystone_flash_p674.o674 (.text:_ti_sysbios_gates_GateMutex_Object__delete__S)
                  118119e0    00000060     keystone_flash_p674.o674 (.text:_ti_sysbios_heaps_HeapMem_Handle__label__S)
                  11811a40    00000060     sysbios.lib : BIOS.obj (.text:_ti_sysbios_knl_Semaphore_pendTimeout__I)
                  11811aa0    00000060                 : BIOS.obj (.text:_ti_sysbios_knl_Swi_Module_startup__F)
                  11811b00    00000060                 : BIOS.obj (.text:_ti_sysbios_knl_Task_allBlockedFunction__I)
                  11811b60    00000060                 : BIOS.obj (.text:_ti_sysbios_knl_Task_enter__I)
                  11811bc0    00000060     rts6740.lib : trgmsg.obj (.text:_writemsg)
                  11811c20    00000060     keystone_flash_p674.o674 (.text:_xdc_runtime_LoggerBuf_Handle__label__S)
                  11811c80    00000060     keystone_flash_p674.o674 (.text:_xdc_runtime_LoggerBuf_Object__delete__S)
                  11811ce0    00000060     ti.targets.rts6000.a674 : Memory.o674 (.text:_xdc_runtime_Memory_calloc__F)
                  11811d40    00000060                             : SysMin.o674 (.text:_xdc_runtime_SysMin_Module_startup__F)
                  11811da0    00000060                             : SysMin.o674 (.text:_xdc_runtime_SysMin_exit__F)
                  11811e00    00000060                             : System.o674 (.text:_xdc_runtime_System_avprintf__F)
                  11811e60    00000060                             : System.o674 (.text:_xdc_runtime_System_vprintf__F)
                  11811ec0    00000060                             : Text.o674 (.text:_xdc_runtime_Text_cordText__F)
                  11811f20    00000060     fir.obj (.text)
                  11811f80    00000060     sysbios.lib : BIOS.obj (.text:ti_sysbios_hal_Hwi_checkStack:_ti_sysbios_hal_Hwi_checkStack)
                  11811fe0    00000040     rts6740.lib : sinit.obj (.text:___add_dtor)
                  11812020    00000040                 : isinf.obj (.text:___isinf)
                  11812060    00000040                 : _printfi.obj (.text:___isnan)
                  118120a0    00000040                 : args_main.obj (.text:__args_main)
                  118120e0    00000040                 : frcmpyd_div.obj (.text:__frcmpyd_div)
                  11812120    00000040                 : llshift.obj (.text:__llshru)
                  11812160    00000040                 : imath40.obj (.text:__remli)
                  118121a0    00000040     keystone_flash_p674.o674 (.text:_free)
                  118121e0    00000040     rts6740.lib : abs.obj (.text:_llabs)
                  11812220    00000040     sysbios.lib : BIOS.obj (.text:_rtsLock$0)
                  11812260    00000040     keystone_flash_p674.o674 (.text:_ti_sysbios_BIOS_startFunc__I)
                  118122a0    00000040     sysbios.lib : c62_TaskSupport_asm.obj (.text:_ti_sysbios_family_c62_TaskSupport_buildTaskStack)
                  118122e0    00000040     keystone_flash_p674.o674 (.text:_ti_sysbios_family_c64p_Hwi_Module__startupDone__F)
                  11812320    00000040     sysbios.lib : BIOS.obj (.text:_ti_sysbios_family_c64p_Hwi_disableInterrupt__E)
                  11812360    00000040                 : BIOS.obj (.text:_ti_sysbios_family_c64p_Hwi_enableInterrupt__E)
                  118123a0    00000040                 : c64p_Hwi_asm_switch.obj (.text:_ti_sysbios_family_xxx_Hwi_switchToIsrStack)
                  118123e0    00000040     keystone_flash_p674.o674 (.text:_ti_sysbios_gates_GateHwi_Object__delete__S)
                  11812420    00000040     sysbios.lib : BIOS.obj (.text:_ti_sysbios_gates_GateMutex_leave__E)
                  11812460    00000040     keystone_flash_p674.o674 (.text:_ti_sysbios_hal_Timer_Module__startupDone__F)
                  118124a0    00000040     keystone_flash_p674.o674 (.text:_ti_sysbios_heaps_HeapMem_Object__delete__S)
                  118124e0    00000040     keystone_flash_p674.o674 (.text:_ti_sysbios_heaps_HeapMem_Object__get__S)
                  11812520    00000040     keystone_flash_p674.o674 (.text:_ti_sysbios_knl_Clock_Object__destruct__S)
                  11812560    00000040     keystone_flash_p674.o674 (.text:_ti_sysbios_knl_Clock_Params__init__S)
                  118125a0    00000040     keystone_flash_p674.o674 (.text:_ti_sysbios_knl_Queue_Object__destruct__S)
                  118125e0    00000040     keystone_flash_p674.o674 (.text:_ti_sysbios_knl_Semaphore_Object__destruct__S)
                  11812620    00000040     keystone_flash_p674.o674 (.text:_ti_sysbios_knl_Swi_Object__get__S)
                  11812660    00000040     keystone_flash_p674.o674 (.text:_ti_sysbios_knl_Task_Object__get__S)
                  118126a0    00000040     keystone_flash_p674.o674 (.text:_ti_sysbios_timers_timer64_Timer_Module__startupDone__F)
                  118126e0    00000040     ti.targets.rts6000.a674 : Error.o674 (.text:_xdc_runtime_Error_check__F)
                  11812720    00000040                             : Error.o674 (.text:_xdc_runtime_Error_init__F)
                  11812760    00000040                             : LoggerBuf.o674 (.text:_xdc_runtime_LoggerBuf_Instance_finalize__F)
                  118127a0    00000040     keystone_flash_p674.o674 (.text:_xdc_runtime_LoggerBuf_Module__startupDone__F)
                  118127e0    00000040     keystone_flash_p674.o674 (.text:_xdc_runtime_LoggerBuf_Object__get__S)
                  11812820    00000040     ti.targets.rts6000.a674 : LoggerBuf.o674 (.text:_xdc_runtime_LoggerBuf_write0__F)
                  11812860    00000040     keystone_flash_p674.o674 (.text:_xdc_runtime_LoggerBuf_write8__E)
                  118128a0    00000040     keystone_flash_p674.o674 (.text:_xdc_runtime_Memory_HeapProxy_alloc__E)
                  118128e0    00000040     keystone_flash_p674.o674 (.text:_xdc_runtime_Memory_HeapProxy_free__E)
                  11812920    00000040     ti.targets.rts6000.a674 : Memory.o674 (.text:_xdc_runtime_Memory_free__F)
                  11812960    00000040                             : Registry.o674 (.text:_xdc_runtime_Registry_findById__F)
                  118129a0    00000040                             : System.o674 (.text:_xdc_runtime_System_abort__F)
                  118129e0    00000040     keystone_flash_p674.o674 (.text:_xdc_runtime_System_aprintf__E)
                  11812a20    00000040     keystone_flash_p674.o674 (.text:_xdc_runtime_System_printf__E)
                  11812a60    00000040     ti.targets.rts6000.a674 : Text.o674 (.text:_xdc_runtime_Text_ropeText__F)
                  11812aa0    00000020                             : xdc_noinit.o674 (.text:___xdc__init)
                  11812ac0    00000020     rts6740.lib : negll.obj (.text:__negll)
                  11812ae0    00000020                 : _lock.obj (.text:__nop)
                  11812b00    00000020                 : printf.obj (.text:__outc)
                  11812b20    00000020                 : printf.obj (.text:__outs)
                  11812b40    00000020                 : _lock.obj (.text:__register_lock)
                  11812b60    00000020                 : _lock.obj (.text:__register_unlock)
                  11812b80    00000020                 : exit.obj (.text:_abort)
                  11812ba0    00000020     sysbios.lib : BIOS.obj (.text:_nullFunc$0)
                  11812bc0    00000020     rts6740.lib : remove.obj (.text:_remove)
                  11812be0    00000020     keystone_flash_p674.o674 (.text:_ti_sysbios_BIOS_RtsGateProxy_enter__E)
                  11812c00    00000020     keystone_flash_p674.o674 (.text:_ti_sysbios_BIOS_RtsGateProxy_leave__E)
                  11812c20    00000020     sysbios.lib : BIOS.obj (.text:_ti_sysbios_BIOS_getCpuFreq__E)
                  11812c40    00000020                 : BIOS.obj (.text:_ti_sysbios_BIOS_setThreadType__E)
                  11812c60    00000020                 : BIOS.obj (.text:_ti_sysbios_BIOS_start__E)
                  11812c80    00000020     keystone_flash_p674.o674 (.text:_ti_sysbios_family_c62_TaskSupport_Module__startupDone__S)
                  11812ca0    00000020     sysbios.lib : BIOS.obj (.text:_ti_sysbios_family_c62_TaskSupport_checkStack__E)
                  11812cc0    00000020                 : c62_TaskSupport_asm.obj (.text:_ti_sysbios_family_c62_TaskSupport_glue)
                  11812ce0    00000020     keystone_flash_p674.o674 (.text:_ti_sysbios_family_c64p_Cache_Module_startup__E)
                  11812d00    00000020     keystone_flash_p674.o674 (.text:_ti_sysbios_family_c64p_Exception_Module_startup__E)
                  11812d20    00000020     keystone_flash_p674.o674 (.text:_ti_sysbios_family_c64p_Hwi_Module_startup__E)
                  11812d40    00000020     sysbios.lib : BIOS.obj (.text:_ti_sysbios_family_c64p_Hwi_clearInterrupt__E)
                  11812d60    00000020                 : BIOS.obj (.text:_ti_sysbios_family_c64p_Hwi_startup__E)
                  11812d80    00000020                 : BIOS.obj (.text:_ti_sysbios_family_c64p_Hwi_switchFromBootStack__E)
                  11812da0    00000020     keystone_flash_p674.o674 (.text:_ti_sysbios_family_c64p_TimestampProvider_Module_startup__E)
                  11812dc0    00000020     sysbios.lib : BIOS.obj (.text:_ti_sysbios_family_c64p_TimestampProvider_Module_startup__F)
                  11812de0    00000020                 : BIOS.obj (.text:_ti_sysbios_family_c64p_TimestampProvider_get32__E)
                  11812e00    00000020                 : BIOS.obj (.text:_ti_sysbios_family_c64p_TimestampProvider_get64__E)
                  11812e20    00000020                 : c64p_Hwi_asm_switch.obj (.text:_ti_sysbios_family_xxx_Hwi_switchToTaskStack)
                  11812e40    00000020                 : BIOS.obj (.text:_ti_sysbios_gates_GateHwi_Instance_init__F)
                  11812e60    00000020                 : BIOS.obj (.text:_ti_sysbios_gates_GateHwi_enter__E)
                  11812e80    00000020                 : BIOS.obj (.text:_ti_sysbios_gates_GateHwi_leave__E)
                  11812ea0    00000020     keystone_flash_p674.o674 (.text:_ti_sysbios_gates_GateHwi_query__E)
                  11812ec0    00000020     sysbios.lib : BIOS.obj (.text:_ti_sysbios_gates_GateHwi_query__F)
                  11812ee0    00000020                 : BIOS.obj (.text:_ti_sysbios_gates_GateMutex_Instance_finalize__F)
                  11812f00    00000020     keystone_flash_p674.o674 (.text:_ti_sysbios_gates_GateMutex_query__E)
                  11812f20    00000020     sysbios.lib : BIOS.obj (.text:_ti_sysbios_gates_GateMutex_query__F)
                  11812f40    00000020     keystone_flash_p674.o674 (.text:_ti_sysbios_hal_Hwi_HwiProxy_clearInterrupt__E)
                  11812f60    00000020     keystone_flash_p674.o674 (.text:_ti_sysbios_hal_Hwi_HwiProxy_disableInterrupt__E)
                  11812f80    00000020     keystone_flash_p674.o674 (.text:_ti_sysbios_hal_Hwi_HwiProxy_enableInterrupt__E)
                  11812fa0    00000020     keystone_flash_p674.o674 (.text:_ti_sysbios_hal_Hwi_HwiProxy_startup__E)
                  11812fc0    00000020     keystone_flash_p674.o674 (.text:_ti_sysbios_hal_Hwi_HwiProxy_switchFromBootStack__E)
                  11812fe0    00000020     keystone_flash_p674.o674 (.text:_ti_sysbios_hal_Hwi_Module_startup__E)
                  11813000    00000020     sysbios.lib : BIOS.obj (.text:_ti_sysbios_hal_Hwi_Module_startup__F)
                  11813020    00000020                 : BIOS.obj (.text:_ti_sysbios_hal_Hwi_startup__E)
                  11813040    00000020     keystone_flash_p674.o674 (.text:_ti_sysbios_hal_Timer_Module_startup__E)
                  11813060    00000020     sysbios.lib : BIOS.obj (.text:_ti_sysbios_hal_Timer_Module_startup__F)
                  11813080    00000020     keystone_flash_p674.o674 (.text:_ti_sysbios_hal_Timer_TimerProxy_getExpiredCounts__E)
                  118130a0    00000020     keystone_flash_p674.o674 (.text:_ti_sysbios_hal_Timer_TimerProxy_getPeriod__E)
                  118130c0    00000020     keystone_flash_p674.o674 (.text:_ti_sysbios_hal_Timer_TimerProxy_setNextTick__E)
                  118130e0    00000020     keystone_flash_p674.o674 (.text:_ti_sysbios_hal_Timer_TimerProxy_startup__E)
                  11813100    00000020     sysbios.lib : BIOS.obj (.text:_ti_sysbios_hal_Timer_startup__E)
                  11813120    00000020     keystone_flash_p674.o674 (.text:_ti_sysbios_heaps_HeapMem_Module_GateProxy_enter__E)
                  11813140    00000020     keystone_flash_p674.o674 (.text:_ti_sysbios_heaps_HeapMem_Module_GateProxy_leave__E)
                  11813160    00000020     sysbios.lib : BIOS.obj (.text:_ti_sysbios_heaps_HeapMem_isBlocking__E)
                  11813180    00000020     keystone_flash_p674.o674 (.text:_ti_sysbios_knl_Clock_Module_startup__E)
                  118131a0    00000020     sysbios.lib : BIOS.obj (.text:_ti_sysbios_knl_Queue_Instance_init__F)
                  118131c0    00000020     keystone_flash_p674.o674 (.text:_ti_sysbios_knl_Queue_Object__get__S)
                  118131e0    00000020     sysbios.lib : BIOS.obj (.text:_ti_sysbios_knl_Queue_empty__E)
                  11813200    00000020                 : BIOS.obj (.text:_ti_sysbios_knl_Semaphore_Instance_finalize__F)
                  11813220    00000020     keystone_flash_p674.o674 (.text:_ti_sysbios_knl_Swi_Module_startup__E)
                  11813240    00000020     sysbios.lib : BIOS.obj (.text:_ti_sysbios_knl_Swi_disable__E)
                  11813260    00000020     keystone_flash_p674.o674 (.text:_ti_sysbios_knl_Task_Module_startup__E)
                  11813280    00000020     keystone_flash_p674.o674 (.text:_ti_sysbios_knl_Task_Object__first__S)
                  118132a0    00000020     keystone_flash_p674.o674 (.text:_ti_sysbios_knl_Task_Object__next__S)
                  118132c0    00000020     keystone_flash_p674.o674 (.text:_ti_sysbios_knl_Task_SupportProxy_checkStack__E)
                  118132e0    00000020     keystone_flash_p674.o674 (.text:_ti_sysbios_knl_Task_SupportProxy_start__E)
                  11813300    00000020     keystone_flash_p674.o674 (.text:_ti_sysbios_knl_Task_SupportProxy_swap__E)
                  11813320    00000020     sysbios.lib : BIOS.obj (.text:_ti_sysbios_knl_Task_disable__E)
                  11813340    00000020     keystone_flash_p674.o674 (.text:_ti_sysbios_rta_SupportLogger_Module_startup__E)
                  11813360    00000020     keystone_flash_p674.o674 (.text:_ti_sysbios_timers_timer64_Timer_Module_startup__E)
                  11813380    00000020     keystone_flash_p674.o674 (.text:_ti_sysbios_timers_timer64_Timer_TimerSupportProxy_enable__E)
                  118133a0    00000020     sysbios.lib : BIOS.obj (.text:_ti_sysbios_timers_timer64_Timer_setNextTick__E)
                  118133c0    00000020                 : BIOS.obj (.text:_ti_sysbios_utils_Load_getCPULoad__E)
                  118133e0    00000020                 : BIOS.obj (.text:_ti_sysbios_utils_Load_taskRegHook__E)
                  11813400    00000020     keystone_flash_p674.o674 (.text:_xdc_runtime_Error_check__E)
                  11813420    00000020     keystone_flash_p674.o674 (.text:_xdc_runtime_Error_init__E)
                  11813440    00000020     keystone_flash_p674.o674 (.text:_xdc_runtime_Error_print__E)
                  11813460    00000020     ti.targets.rts6000.a674 : Gate.o674 (.text:_xdc_runtime_Gate_enterSystem__F)
                  11813480    00000020                             : Gate.o674 (.text:_xdc_runtime_Gate_leaveSystem__F)
                  118134a0    00000020     keystone_flash_p674.o674 (.text:_xdc_runtime_LoggerBuf_Module_GateProxy_enter__E)
                  118134c0    00000020     keystone_flash_p674.o674 (.text:_xdc_runtime_LoggerBuf_Module_GateProxy_leave__E)
                  118134e0    00000020     keystone_flash_p674.o674 (.text:_xdc_runtime_LoggerBuf_Module_startup__E)
                  11813500    00000020     keystone_flash_p674.o674 (.text:_xdc_runtime_LoggerBuf_TimestampProxy_get64__E)
                  11813520    00000020     keystone_flash_p674.o674 (.text:_xdc_runtime_LoggerBuf_disable__E)
                  11813540    00000020     ti.targets.rts6000.a674 : LoggerBuf.o674 (.text:_xdc_runtime_LoggerBuf_disable__F)
                  11813560    00000020     keystone_flash_p674.o674 (.text:_xdc_runtime_LoggerBuf_enable__E)
                  11813580    00000020     ti.targets.rts6000.a674 : LoggerBuf.o674 (.text:_xdc_runtime_LoggerBuf_enable__F)
                  118135a0    00000020     keystone_flash_p674.o674 (.text:_xdc_runtime_LoggerBuf_getFilterLevel__E)
                  118135c0    00000020     keystone_flash_p674.o674 (.text:_xdc_runtime_LoggerBuf_setFilterLevel__E)
                  118135e0    00000020     keystone_flash_p674.o674 (.text:_xdc_runtime_LoggerBuf_write0__E)
                  11813600    00000020     keystone_flash_p674.o674 (.text:_xdc_runtime_LoggerBuf_write1__E)
                  11813620    00000020     ti.targets.rts6000.a674 : LoggerBuf.o674 (.text:_xdc_runtime_LoggerBuf_write1__F)
                  11813640    00000020     keystone_flash_p674.o674 (.text:_xdc_runtime_LoggerBuf_write2__E)
                  11813660    00000020     ti.targets.rts6000.a674 : LoggerBuf.o674 (.text:_xdc_runtime_LoggerBuf_write2__F)
                  11813680    00000020     keystone_flash_p674.o674 (.text:_xdc_runtime_LoggerBuf_write4__E)
                  118136a0    00000020     keystone_flash_p674.o674 (.text:_xdc_runtime_Memory_alloc__E)
                  118136c0    00000020     keystone_flash_p674.o674 (.text:_xdc_runtime_Memory_free__E)
                  118136e0    00000020     keystone_flash_p674.o674 (.text:_xdc_runtime_Startup_exec__I)
                  11813700    00000020     keystone_flash_p674.o674 (.text:_xdc_runtime_Startup_reset__I)
                  11813720    00000020     keystone_flash_p674.o674 (.text:_xdc_runtime_SysMin_Module_startup__E)
                  11813740    00000020     keystone_flash_p674.o674 (.text:_xdc_runtime_SysMin_abort__E)
                  11813760    00000020     keystone_flash_p674.o674 (.text:_xdc_runtime_SysMin_exit__E)
                  11813780    00000020     keystone_flash_p674.o674 (.text:_xdc_runtime_SysMin_putch__E)
                  118137a0    00000020     keystone_flash_p674.o674 (.text:_xdc_runtime_SysMin_ready__E)
                  118137c0    00000020     ti.targets.rts6000.a674 : SysMin.o674 (.text:_xdc_runtime_SysMin_ready__F)
                  118137e0    00000020     keystone_flash_p674.o674 (.text:_xdc_runtime_System_Module_GateProxy_enter__E)
                  11813800    00000020     keystone_flash_p674.o674 (.text:_xdc_runtime_System_Module_GateProxy_leave__E)
                  11813820    00000020     keystone_flash_p674.o674 (.text:_xdc_runtime_System_Module_startup__E)
                  11813840    00000020     ti.targets.rts6000.a674 : System.o674 (.text:_xdc_runtime_System_Module_startup__F)
                  11813860    00000020     keystone_flash_p674.o674 (.text:_xdc_runtime_System_atexit__E)
                  11813880    00000020     ti.targets.rts6000.a674 : System.o674 (.text:_xdc_runtime_System_exit__F)
                  118138a0    00000020                             : System.o674 (.text:_xdc_runtime_System_vsprintf__F)
                  118138c0    00000020     keystone_flash_p674.o674 (.text:_xdc_runtime_Text_putLab__E)
                  118138e0    00000020     keystone_flash_p674.o674 (.text:_xdc_runtime_Text_putSite__E)
                  11813900    00000020     keystone_flash_p674.o674 (.text:_xdc_runtime_Text_visitRope__I)
                  11813920    00000020     keystone_flash_p674.o674 (.text:_xdc_runtime_Timestamp_SupportProxy_get32__E)
                  11813940    00000020     keystone_flash_p674.o674 (.text:_xdc_runtime_Timestamp_SupportProxy_getFreq__E)
                  11813960    00000020     ti.targets.rts6000.a674 : Timestamp.o674 (.text:_xdc_runtime_Timestamp_get32__F)
                  11813980    00000020                             : Timestamp.o674 (.text:_xdc_runtime_Timestamp_getFreq__F)

.far       0    118139a0    0000c8fc     UNINITIALIZED
                  118139a0    0000a248     keystone_flash_p674.o674 (.far)
                  1181dbe8    00001800     keystone_flash_p674.o674 (.far:taskStackSection)
                  1181f3e8    00000800     main.obj (.far)
                  1181fbe8    00000324     rts6740.lib : defs.obj (.far)
                  1181ff0c    00000004                 : fopen.obj (.far)
                  1181ff10    00000188                 : atexit.obj (.far)
                  11820098    0000011c                 : lowlev.obj (.far)
                  118201b4    00000004                 : sinit.obj (.far)
                  118201b8    000000d0                 : trgdrv.obj (.far)
                  11820288    0000000c                 : exit.obj (.far)
                  11820294    00000008                 : _lock.obj (.far)

.const     0    118202a0    000022ca     
                  118202a0    0000144c     keystone_flash_p674.o674 (.const:xdc_runtime_Text_charTab__A)
                  118216ec    000003d0     sysbios.lib : BIOS.obj (.const:.string)
                  11821abc    00000004     ti.targets.rts6000.a674 : Assert.o674 (.const:.string)
                  11821ac0    00000101     rts6740.lib : ctype.obj (.const:__ctypes_)
                  11821bc1    00000002                 : fputs.obj (.const)
                  11821bc3    00000001     --HOLE-- [fill = 0]
                  11821bc4    00000004     ti.targets.rts6000.a674 : Diags.o674 (.const:.string)
                  11821bc8    000000e4     keystone_flash_p674.o674 (.const:xdc_runtime_Text_nodeTab__A)
                  11821cac    00000058     ti.targets.rts6000.a674 : Error.o674 (.const:.string)
                  11821d04    00000058     keystone_flash_p674.o674 (.const)
                  11821d5c    00000048     ti.targets.rts6000.a674 : Log.o674 (.const:.string)
                  11821da4    00000048     led.obj (.const)
                  11821dec    00000040     evmomapl138_bsl.lib : evmomapl138.obj (.const:.string)
                  11821e2c    00000040     ti.targets.rts6000.a674 : Text.o674 (.const:.string)
                  11821e6c    0000003c     keystone_flash_p674.o674 (.const:xdc_runtime_LoggerBuf_Module__FXNS__C)
                  11821ea8    00000038     keystone_flash_p674.o674 (.const:xdc_runtime_Startup_sfxnTab__A)
                  11821ee0    00000030     keystone_flash_p674.o674 (.const:ti_sysbios_knl_Task_hooks__A)
                  11821f10    0000002c     ti.targets.rts6000.a674 : Startup.o674 (.const:.string)
                  11821f3c    00000028     keystone_flash_p674.o674 (.const:ti_sysbios_heaps_HeapMem_Module__FXNS__C)
                  11821f64    00000028     keystone_flash_p674.o674 (.const:xdc_runtime_LoggerBuf_Object__PARAMS__C)
                  11821f8c    00000024     keystone_flash_p674.o674 (.const:ti_sysbios_gates_GateHwi_Module__FXNS__C)
                  11821fb0    00000024     keystone_flash_p674.o674 (.const:ti_sysbios_gates_GateMutex_Module__FXNS__C)
                  11821fd4    00000024     keystone_flash_p674.o674 (.const:ti_sysbios_knl_Clock_Object__PARAMS__C)
                  11821ff8    00000024     keystone_flash_p674.o674 (.const:ti_sysbios_knl_Semaphore_Object__PARAMS__C)
                  1182201c    00000023     rts6740.lib : _printfi.obj (.const)
                  1182203f    00000001     --HOLE-- [fill = 0]
                  11822040    00000020     ti.targets.rts6000.a674 : Core-mem.o674 (.const:.string)
                  11822060    00000020     keystone_flash_p674.o674 (.const:ti_sysbios_gates_GateHwi_Object__DESC__C)
                  11822080    00000020     keystone_flash_p674.o674 (.const:ti_sysbios_gates_GateMutex_Object__DESC__C)
                  118220a0    00000020     keystone_flash_p674.o674 (.const:ti_sysbios_heaps_HeapMem_Object__DESC__C)
                  118220c0    00000020     keystone_flash_p674.o674 (.const:ti_sysbios_heaps_HeapMem_Object__PARAMS__C)
                  118220e0    00000020     keystone_flash_p674.o674 (.const:ti_sysbios_knl_Clock_Object__DESC__C)
                  11822100    00000020     keystone_flash_p674.o674 (.const:ti_sysbios_knl_Queue_Object__DESC__C)
                  11822120    00000020     keystone_flash_p674.o674 (.const:ti_sysbios_knl_Semaphore_Object__DESC__C)
                  11822140    00000020     keystone_flash_p674.o674 (.const:xdc_runtime_LoggerBuf_Object__DESC__C)
                  11822160    0000001c     keystone_flash_p674.o674 (.const:xdc_runtime_Startup_sfxnRts__A)
                  1182217c    00000018     keystone_flash_p674.o674 (.const:ti_sysbios_gates_GateHwi_Object__PARAMS__C)
                  11822194    00000018     keystone_flash_p674.o674 (.const:ti_sysbios_gates_GateMutex_Object__PARAMS__C)
                  118221ac    00000018     keystone_flash_p674.o674 (.const:ti_sysbios_knl_Queue_Object__PARAMS__C)
                  118221c4    00000004     keystone_flash_p674.o674 (.const:ti_sysbios_BIOS_Module__diagsEnabled__C)
                  118221c8    00000011     ti.targets.rts6000.a674 : System.o674 (.const:_digtohex)
                  118221d9    00000003     --HOLE-- [fill = 0]
                  118221dc    0000000c     keystone_flash_p674.o674 (.const:ti_sysbios_family_c64p_Cache_initSize__C)
                  118221e8    00000008     ti.targets.rts6000.a674 : System.o674 (.const:.string)
                  118221f0    00000008     keystone_flash_p674.o674 (.const:ti_sysbios_knl_Idle_funcList__A)
                  118221f8    00000008     keystone_flash_p674.o674 (.const:ti_sysbios_knl_Idle_funcList__C)
                  11822200    00000008     keystone_flash_p674.o674 (.const:ti_sysbios_knl_Task_hooks__C)
                  11822208    00000008     keystone_flash_p674.o674 (.const:xdc_runtime_Startup_firstFxns__A)
                  11822210    00000008     keystone_flash_p674.o674 (.const:xdc_runtime_Startup_firstFxns__C)
                  11822218    00000008     keystone_flash_p674.o674 (.const:xdc_runtime_Startup_lastFxns__C)
                  11822220    00000004     keystone_flash_p674.o674 (.const:ti_sysbios_BIOS_Module__diagsIncluded__C)
                  11822224    00000004     keystone_flash_p674.o674 (.const:ti_sysbios_BIOS_Module__diagsMask__C)
                  11822228    00000004     keystone_flash_p674.o674 (.const:ti_sysbios_BIOS_installedErrorHook__C)
                  1182222c    00000004     keystone_flash_p674.o674 (.const:ti_sysbios_family_c64p_Cache_MAR0_31__C)
                  11822230    00000004     keystone_flash_p674.o674 (.const:ti_sysbios_family_c64p_Cache_MAR128_159__C)
                  11822234    00000004     keystone_flash_p674.o674 (.const:ti_sysbios_family_c64p_Cache_MAR160_191__C)
                  11822238    00000004     keystone_flash_p674.o674 (.const:ti_sysbios_family_c64p_Cache_MAR192_223__C)
                  1182223c    00000004     keystone_flash_p674.o674 (.const:ti_sysbios_family_c64p_Cache_MAR224_255__C)
                  11822240    00000004     keystone_flash_p674.o674 (.const:ti_sysbios_family_c64p_Cache_MAR32_63__C)
                  11822244    00000004     keystone_flash_p674.o674 (.const:ti_sysbios_family_c64p_Cache_MAR64_95__C)
                  11822248    00000004     keystone_flash_p674.o674 (.const:ti_sysbios_family_c64p_Cache_MAR96_127__C)
                  1182224c    00000004     keystone_flash_p674.o674 (.const:ti_sysbios_family_c64p_Exception_E_exceptionMin__C)
                  11822250    00000004     keystone_flash_p674.o674 (.const:ti_sysbios_family_c64p_Exception_exceptionHook__C)
                  11822254    00000004     keystone_flash_p674.o674 (.const:ti_sysbios_family_c64p_Exception_externalHook__C)
                  11822258    00000004     keystone_flash_p674.o674 (.const:ti_sysbios_family_c64p_Exception_internalHook__C)
                  1182225c    00000004     keystone_flash_p674.o674 (.const:ti_sysbios_family_c64p_Exception_nmiHook__C)
                  11822260    00000004     keystone_flash_p674.o674 (.const:ti_sysbios_family_c64p_Hwi_LD_end__C)
                  11822264    00000004     keystone_flash_p674.o674 (.const:ti_sysbios_family_c64p_Hwi_LM_begin__C)
                  11822268    00000004     keystone_flash_p674.o674 (.const:ti_sysbios_family_c64p_Hwi_Module__diagsEnabled__C)
                  1182226c    00000004     keystone_flash_p674.o674 (.const:ti_sysbios_family_c64p_Hwi_Module__diagsIncluded__C)
                  11822270    00000004     keystone_flash_p674.o674 (.const:ti_sysbios_family_c64p_Hwi_Module__diagsMask__C)
                  11822274    00000004     keystone_flash_p674.o674 (.const:ti_sysbios_family_c64p_Hwi_Module__loggerFxn1__C)
                  11822278    00000004     keystone_flash_p674.o674 (.const:ti_sysbios_family_c64p_Hwi_Module__loggerFxn8__C)
                  1182227c    00000004     keystone_flash_p674.o674 (.const:ti_sysbios_family_c64p_Hwi_Module__loggerObj__C)
                  11822280    00000004     keystone_flash_p674.o674 (.const:ti_sysbios_gates_GateMutex_A_badContext__C)
                  11822284    00000004     keystone_flash_p674.o674 (.const:ti_sysbios_gates_GateMutex_Instance_State_sem__O)
                  11822288    00000004     keystone_flash_p674.o674 (.const:ti_sysbios_gates_GateMutex_Module__diagsEnabled__C)
                  1182228c    00000004     keystone_flash_p674.o674 (.const:ti_sysbios_gates_GateMutex_Module__diagsIncluded__C)
                  11822290    00000004     keystone_flash_p674.o674 (.const:ti_sysbios_gates_GateMutex_Module__diagsMask__C)
                  11822294    00000004     keystone_flash_p674.o674 (.const:ti_sysbios_hal_Hwi_E_stackOverflow__C)
                  11822298    00000004     keystone_flash_p674.o674 (.const:ti_sysbios_heaps_HeapMem_A_align__C)
                  1182229c    00000004     keystone_flash_p674.o674 (.const:ti_sysbios_heaps_HeapMem_A_heapSize__C)
                  118222a0    00000004     keystone_flash_p674.o674 (.const:ti_sysbios_heaps_HeapMem_A_invalidFree__C)
                  118222a4    00000004     keystone_flash_p674.o674 (.const:ti_sysbios_heaps_HeapMem_A_zeroBlock__C)
                  118222a8    00000004     keystone_flash_p674.o674 (.const:ti_sysbios_heaps_HeapMem_E_memory__C)
                  118222ac    00000004     keystone_flash_p674.o674 (.const:ti_sysbios_heaps_HeapMem_Module__diagsEnabled__C)
                  118222b0    00000004     keystone_flash_p674.o674 (.const:ti_sysbios_heaps_HeapMem_Module__diagsIncluded__C)
                  118222b4    00000004     keystone_flash_p674.o674 (.const:ti_sysbios_heaps_HeapMem_Module__diagsMask__C)
                  118222b8    00000004     keystone_flash_p674.o674 (.const:ti_sysbios_heaps_HeapMem_Module__gateObj__C)
                  118222bc    00000004     keystone_flash_p674.o674 (.const:ti_sysbios_heaps_HeapMem_Object__count__C)
                  118222c0    00000004     keystone_flash_p674.o674 (.const:ti_sysbios_heaps_HeapMem_reqAlignMask__C)
                  118222c4    00000004     keystone_flash_p674.o674 (.const:ti_sysbios_heaps_HeapMem_reqAlign__C)
                  118222c8    00000004     keystone_flash_p674.o674 (.const:ti_sysbios_knl_Clock_A_badThreadType__C)
                  118222cc    00000004     keystone_flash_p674.o674 (.const:ti_sysbios_knl_Clock_LM_begin__C)
                  118222d0    00000004     keystone_flash_p674.o674 (.const:ti_sysbios_knl_Clock_LM_tick__C)
                  118222d4    00000004     keystone_flash_p674.o674 (.const:ti_sysbios_knl_Clock_LW_delayed__C)
                  118222d8    00000004     keystone_flash_p674.o674 (.const:ti_sysbios_knl_Clock_Module_State_clockQ__O)
                  118222dc    00000004     keystone_flash_p674.o674 (.const:ti_sysbios_knl_Clock_Module__diagsEnabled__C)
                  118222e0    00000004     keystone_flash_p674.o674 (.const:ti_sysbios_knl_Clock_Module__diagsIncluded__C)
                  118222e4    00000004     keystone_flash_p674.o674 (.const:ti_sysbios_knl_Clock_Module__diagsMask__C)
                  118222e8    00000004     keystone_flash_p674.o674 (.const:ti_sysbios_knl_Clock_Module__loggerFxn1__C)
                  118222ec    00000004     keystone_flash_p674.o674 (.const:ti_sysbios_knl_Clock_Module__loggerFxn2__C)
                  118222f0    00000004     keystone_flash_p674.o674 (.const:ti_sysbios_knl_Clock_Module__loggerObj__C)
                  118222f4    00000004     keystone_flash_p674.o674 (.const:ti_sysbios_knl_Clock_tickMode__C)
                  118222f8    00000004     keystone_flash_p674.o674 (.const:ti_sysbios_knl_Clock_tickSource__C)
                  118222fc    00000004     keystone_flash_p674.o674 (.const:ti_sysbios_knl_Semaphore_A_badContext__C)
                  11822300    00000004     keystone_flash_p674.o674 (.const:ti_sysbios_knl_Semaphore_A_noEvents__C)
                  11822304    00000004     keystone_flash_p674.o674 (.const:ti_sysbios_knl_Semaphore_Instance_State_pendQ__O)
                  11822308    00000004     keystone_flash_p674.o674 (.const:ti_sysbios_knl_Semaphore_LM_pend__C)
                  1182230c    00000004     keystone_flash_p674.o674 (.const:ti_sysbios_knl_Semaphore_LM_post__C)
                  11822310    00000004     keystone_flash_p674.o674 (.const:ti_sysbios_knl_Semaphore_Module__diagsEnabled__C)
                  11822314    00000004     keystone_flash_p674.o674 (.const:ti_sysbios_knl_Semaphore_Module__diagsIncluded__C)
                  11822318    00000004     keystone_flash_p674.o674 (.const:ti_sysbios_knl_Semaphore_Module__diagsMask__C)
                  1182231c    00000004     keystone_flash_p674.o674 (.const:ti_sysbios_knl_Semaphore_Module__loggerFxn2__C)
                  11822320    00000004     keystone_flash_p674.o674 (.const:ti_sysbios_knl_Semaphore_Module__loggerFxn4__C)
                  11822324    00000004     keystone_flash_p674.o674 (.const:ti_sysbios_knl_Semaphore_Module__loggerObj__C)
                  11822328    00000004     keystone_flash_p674.o674 (.const:ti_sysbios_knl_Swi_LD_end__C)
                  1182232c    00000004     keystone_flash_p674.o674 (.const:ti_sysbios_knl_Swi_LM_begin__C)
                  11822330    00000004     keystone_flash_p674.o674 (.const:ti_sysbios_knl_Swi_LM_post__C)
                  11822334    00000004     keystone_flash_p674.o674 (.const:ti_sysbios_knl_Swi_Module__diagsEnabled__C)
                  11822338    00000004     keystone_flash_p674.o674 (.const:ti_sysbios_knl_Swi_Module__diagsIncluded__C)
                  1182233c    00000004     keystone_flash_p674.o674 (.const:ti_sysbios_knl_Swi_Module__diagsMask__C)
                  11822340    00000004     keystone_flash_p674.o674 (.const:ti_sysbios_knl_Swi_Module__loggerFxn1__C)
                  11822344    00000004     keystone_flash_p674.o674 (.const:ti_sysbios_knl_Swi_Module__loggerFxn4__C)
                  11822348    00000004     keystone_flash_p674.o674 (.const:ti_sysbios_knl_Swi_Module__loggerObj__C)
                  1182234c    00000004     keystone_flash_p674.o674 (.const:ti_sysbios_knl_Swi_Object__count__C)
                  11822350    00000004     keystone_flash_p674.o674 (.const:ti_sysbios_knl_Task_E_spOutOfBounds__C)
                  11822354    00000004     keystone_flash_p674.o674 (.const:ti_sysbios_knl_Task_E_stackOverflow__C)
                  11822358    00000004     keystone_flash_p674.o674 (.const:ti_sysbios_knl_Task_LD_block__C)
                  1182235c    00000004     keystone_flash_p674.o674 (.const:ti_sysbios_knl_Task_LD_exit__C)
                  11822360    00000004     keystone_flash_p674.o674 (.const:ti_sysbios_knl_Task_LD_ready__C)
                  11822364    00000004     keystone_flash_p674.o674 (.const:ti_sysbios_knl_Task_LM_switch__C)
                  11822368    00000004     keystone_flash_p674.o674 (.const:ti_sysbios_knl_Task_Module_State_inactiveQ__O)
                  1182236c    00000004     keystone_flash_p674.o674 (.const:ti_sysbios_knl_Task_Module_State_terminatedQ__O)
                  11822370    00000004     keystone_flash_p674.o674 (.const:ti_sysbios_knl_Task_Module__diagsEnabled__C)
                  11822374    00000004     keystone_flash_p674.o674 (.const:ti_sysbios_knl_Task_Module__diagsIncluded__C)
                  11822378    00000004     keystone_flash_p674.o674 (.const:ti_sysbios_knl_Task_Module__diagsMask__C)
                  1182237c    00000004     keystone_flash_p674.o674 (.const:ti_sysbios_knl_Task_Module__loggerFxn2__C)
                  11822380    00000004     keystone_flash_p674.o674 (.const:ti_sysbios_knl_Task_Module__loggerFxn4__C)
                  11822384    00000004     keystone_flash_p674.o674 (.const:ti_sysbios_knl_Task_Module__loggerObj__C)
                  11822388    00000004     keystone_flash_p674.o674 (.const:ti_sysbios_knl_Task_Object__count__C)
                  1182238c    00000004     keystone_flash_p674.o674 (.const:ti_sysbios_knl_Task_Object__heap__C)
                  11822390    00000004     keystone_flash_p674.o674 (.const:ti_sysbios_knl_Task_allBlockedFunc__C)
                  11822394    00000004     keystone_flash_p674.o674 (.const:ti_sysbios_knl_Task_numConstructedTasks__C)
                  11822398    00000004     keystone_flash_p674.o674 (.const:ti_sysbios_rta_SupportLogger_LM_timestampFreq__C)
                  1182239c    00000004     keystone_flash_p674.o674 (.const:ti_sysbios_rta_SupportLogger_Module__diagsEnabled__C)
                  118223a0    00000004     keystone_flash_p674.o674 (.const:ti_sysbios_rta_SupportLogger_Module__diagsIncluded__C)
                  118223a4    00000004     keystone_flash_p674.o674 (.const:ti_sysbios_rta_SupportLogger_Module__diagsMask__C)
                  118223a8    00000004     keystone_flash_p674.o674 (.const:ti_sysbios_rta_SupportLogger_Module__loggerFxn2__C)
                  118223ac    00000004     keystone_flash_p674.o674 (.const:ti_sysbios_rta_SupportLogger_Module__loggerObj__C)
                  118223b0    00000004     keystone_flash_p674.o674 (.const:ti_sysbios_timers_timer64_Timer_A_notAvailable__C)
                  118223b4    00000004     keystone_flash_p674.o674 (.const:ti_sysbios_timers_timer64_Timer_E_cannotSupport__C)
                  118223b8    00000004     keystone_flash_p674.o674 (.const:ti_sysbios_timers_timer64_Timer_Module__diagsEnabled__C)
                  118223bc    00000004     keystone_flash_p674.o674 (.const:ti_sysbios_timers_timer64_Timer_Module__diagsIncluded__C)
                  118223c0    00000004     keystone_flash_p674.o674 (.const:ti_sysbios_timers_timer64_Timer_Module__diagsMask__C)
                  118223c4    00000004     keystone_flash_p674.o674 (.const:ti_sysbios_timers_timer64_Timer_anyMask__C)
                  118223c8    00000004     keystone_flash_p674.o674 (.const:ti_sysbios_timers_timer64_Timer_freqDivisor__C)
                  118223cc    00000004     keystone_flash_p674.o674 (.const:ti_sysbios_timers_timer64_Timer_numLocalTimers__C)
                  118223d0    00000004     keystone_flash_p674.o674 (.const:ti_sysbios_timers_timer64_Timer_numTimerDevices__C)
                  118223d4    00000004     keystone_flash_p674.o674 (.const:ti_sysbios_utils_Load_LS_cpuLoad__C)
                  118223d8    00000004     keystone_flash_p674.o674 (.const:ti_sysbios_utils_Load_LS_hwiLoad__C)
                  118223dc    00000004     keystone_flash_p674.o674 (.const:ti_sysbios_utils_Load_LS_swiLoad__C)
                  118223e0    00000004     keystone_flash_p674.o674 (.const:ti_sysbios_utils_Load_LS_taskLoad__C)
                  118223e4    00000004     keystone_flash_p674.o674 (.const:ti_sysbios_utils_Load_Module_State_gate__O)
                  118223e8    00000004     keystone_flash_p674.o674 (.const:ti_sysbios_utils_Load_Module_State_taskList__O)
                  118223ec    00000004     keystone_flash_p674.o674 (.const:ti_sysbios_utils_Load_Module__diagsEnabled__C)
                  118223f0    00000004     keystone_flash_p674.o674 (.const:ti_sysbios_utils_Load_Module__diagsIncluded__C)
                  118223f4    00000004     keystone_flash_p674.o674 (.const:ti_sysbios_utils_Load_Module__diagsMask__C)
                  118223f8    00000004     keystone_flash_p674.o674 (.const:ti_sysbios_utils_Load_Module__loggerFxn1__C)
                  118223fc    00000004     keystone_flash_p674.o674 (.const:ti_sysbios_utils_Load_Module__loggerFxn2__C)
                  11822400    00000004     keystone_flash_p674.o674 (.const:ti_sysbios_utils_Load_Module__loggerFxn4__C)
                  11822404    00000004     keystone_flash_p674.o674 (.const:ti_sysbios_utils_Load_Module__loggerObj__C)
                  11822408    00000004     keystone_flash_p674.o674 (.const:ti_sysbios_utils_Load_postUpdate__C)
                  1182240c    00000004     keystone_flash_p674.o674 (.const:ti_sysbios_utils_Load_windowInMs__C)
                  11822410    00000004     keystone_flash_p674.o674 (.const:xdc_runtime_Assert_E_assertFailed__C)
                  11822414    00000004     keystone_flash_p674.o674 (.const:xdc_runtime_Core_A_initializedParams__C)
                  11822418    00000004     keystone_flash_p674.o674 (.const:xdc_runtime_Core_Module__diagsEnabled__C)
                  1182241c    00000004     keystone_flash_p674.o674 (.const:xdc_runtime_Core_Module__diagsIncluded__C)
                  11822420    00000004     keystone_flash_p674.o674 (.const:xdc_runtime_Core_Module__diagsMask__C)
                  11822424    00000004     keystone_flash_p674.o674 (.const:xdc_runtime_Error_E_generic__C)
                  11822428    00000004     keystone_flash_p674.o674 (.const:xdc_runtime_Error_E_memory__C)
                  1182242c    00000004     keystone_flash_p674.o674 (.const:xdc_runtime_Error_Module__diagsEnabled__C)
                  11822430    00000004     keystone_flash_p674.o674 (.const:xdc_runtime_Error_Module__diagsIncluded__C)
                  11822434    00000004     keystone_flash_p674.o674 (.const:xdc_runtime_Error_Module__diagsMask__C)
                  11822438    00000004     keystone_flash_p674.o674 (.const:xdc_runtime_Error_Module__loggerFxn8__C)
                  1182243c    00000004     keystone_flash_p674.o674 (.const:xdc_runtime_Error_Module__loggerObj__C)
                  11822440    00000004     keystone_flash_p674.o674 (.const:xdc_runtime_Error_policy__C)
                  11822444    00000004     keystone_flash_p674.o674 (.const:xdc_runtime_Error_raiseHook__C)
                  11822448    00000004     keystone_flash_p674.o674 (.const:xdc_runtime_IFilterLogger_Interface__BASE__C)
                  1182244c    00000004     keystone_flash_p674.o674 (.const:xdc_runtime_IGateProvider_Interface__BASE__C)
                  11822450    00000004     keystone_flash_p674.o674 (.const:xdc_runtime_IHeap_Interface__BASE__C)
                  11822454    00000004     keystone_flash_p674.o674 (.const:xdc_runtime_ILogger_Interface__BASE__C)
                  11822458    00000004     keystone_flash_p674.o674 (.const:xdc_runtime_IModule_Interface__BASE__C)
                  1182245c    00000004     keystone_flash_p674.o674 (.const:xdc_runtime_Log_L_error__C)
                  11822460    00000004     keystone_flash_p674.o674 (.const:xdc_runtime_Log_L_info__C)
                  11822464    00000004     keystone_flash_p674.o674 (.const:xdc_runtime_LoggerBuf_E_badLevel__C)
                  11822468    00000004     keystone_flash_p674.o674 (.const:xdc_runtime_LoggerBuf_Module__gateObj__C)
                  1182246c    00000004     keystone_flash_p674.o674 (.const:xdc_runtime_LoggerBuf_Object__count__C)
                  11822470    00000004     keystone_flash_p674.o674 (.const:xdc_runtime_LoggerBuf_statusLogger__C)
                  11822474    00000004     keystone_flash_p674.o674 (.const:xdc_runtime_Main_Module__diagsEnabled__C)
                  11822478    00000004     keystone_flash_p674.o674 (.const:xdc_runtime_Main_Module__diagsIncluded__C)
                  1182247c    00000004     keystone_flash_p674.o674 (.const:xdc_runtime_Main_Module__diagsMask__C)
                  11822480    00000004     keystone_flash_p674.o674 (.const:xdc_runtime_Main_Module__loggerFxn4__C)
                  11822484    00000004     keystone_flash_p674.o674 (.const:xdc_runtime_Main_Module__loggerObj__C)
                  11822488    00000004     keystone_flash_p674.o674 (.const:xdc_runtime_Memory_defaultHeapInstance__C)
                  1182248c    00000004     keystone_flash_p674.o674 (.const:xdc_runtime_Startup_execImpl__C)
                  11822490    00000004     keystone_flash_p674.o674 (.const:xdc_runtime_Startup_maxPasses__C)
                  11822494    00000004     keystone_flash_p674.o674 (.const:xdc_runtime_Startup_sfxnRts__C)
                  11822498    00000004     keystone_flash_p674.o674 (.const:xdc_runtime_Startup_sfxnTab__C)
                  1182249c    00000004     keystone_flash_p674.o674 (.const:xdc_runtime_SysMin_bufSize__C)
                  118224a0    00000004     keystone_flash_p674.o674 (.const:xdc_runtime_SysMin_outputFunc__C)
                  118224a4    00000004     keystone_flash_p674.o674 (.const:xdc_runtime_System_Module__gateObj__C)
                  118224a8    00000004     keystone_flash_p674.o674 (.const:xdc_runtime_System_extendFxn__C)
                  118224ac    00000004     keystone_flash_p674.o674 (.const:xdc_runtime_System_maxAtexitHandlers__C)
                  118224b0    00000004     keystone_flash_p674.o674 (.const:xdc_runtime_Text_charTab__C)
                  118224b4    00000004     keystone_flash_p674.o674 (.const:xdc_runtime_Text_nameEmpty__C)
                  118224b8    00000004     keystone_flash_p674.o674 (.const:xdc_runtime_Text_nameStatic__C)
                  118224bc    00000004     keystone_flash_p674.o674 (.const:xdc_runtime_Text_nameUnknown__C)
                  118224c0    00000004     keystone_flash_p674.o674 (.const:xdc_runtime_Text_nodeTab__C)
                  118224c4    00000004     keystone_flash_p674.o674 (.const:xdc_runtime_Text_visitRopeFxn__C)
                  118224c8    00000002     keystone_flash_p674.o674 (.const:ti_sysbios_BIOS_Module__id__C)
                  118224ca    00000002     --HOLE-- [fill = 0]
                  118224cc    00000002     keystone_flash_p674.o674 (.const:ti_sysbios_family_c64p_Exception_Module__id__C)
                  118224ce    00000002     --HOLE-- [fill = 0]
                  118224d0    00000002     keystone_flash_p674.o674 (.const:ti_sysbios_family_c64p_Hwi_Module__id__C)
                  118224d2    00000002     --HOLE-- [fill = 0]
                  118224d4    00000002     keystone_flash_p674.o674 (.const:ti_sysbios_family_c64p_Hwi_Module__loggerDefined__C)
                  118224d6    00000002     --HOLE-- [fill = 0]
                  118224d8    00000002     keystone_flash_p674.o674 (.const:ti_sysbios_gates_GateMutex_Module__id__C)
                  118224da    00000002     --HOLE-- [fill = 0]
                  118224dc    00000002     keystone_flash_p674.o674 (.const:ti_sysbios_hal_Hwi_Module__id__C)
                  118224de    00000002     --HOLE-- [fill = 0]
                  118224e0    00000002     keystone_flash_p674.o674 (.const:ti_sysbios_heaps_HeapMem_Module__id__C)
                  118224e2    00000002     --HOLE-- [fill = 0]
                  118224e4    00000002     keystone_flash_p674.o674 (.const:ti_sysbios_knl_Clock_Module__id__C)
                  118224e6    00000002     --HOLE-- [fill = 0]
                  118224e8    00000002     keystone_flash_p674.o674 (.const:ti_sysbios_knl_Clock_Module__loggerDefined__C)
                  118224ea    00000002     --HOLE-- [fill = 0]
                  118224ec    00000002     keystone_flash_p674.o674 (.const:ti_sysbios_knl_Semaphore_Module__id__C)
                  118224ee    00000002     --HOLE-- [fill = 0]
                  118224f0    00000002     keystone_flash_p674.o674 (.const:ti_sysbios_knl_Semaphore_Module__loggerDefined__C)
                  118224f2    00000002     --HOLE-- [fill = 0]
                  118224f4    00000002     keystone_flash_p674.o674 (.const:ti_sysbios_knl_Swi_Module__id__C)
                  118224f6    00000002     --HOLE-- [fill = 0]
                  118224f8    00000002     keystone_flash_p674.o674 (.const:ti_sysbios_knl_Swi_Module__loggerDefined__C)
                  118224fa    00000002     --HOLE-- [fill = 0]
                  118224fc    00000002     keystone_flash_p674.o674 (.const:ti_sysbios_knl_Task_Module__id__C)
                  118224fe    00000002     --HOLE-- [fill = 0]
                  11822500    00000002     keystone_flash_p674.o674 (.const:ti_sysbios_knl_Task_Module__loggerDefined__C)
                  11822502    00000002     --HOLE-- [fill = 0]
                  11822504    00000002     keystone_flash_p674.o674 (.const:ti_sysbios_knl_Task_deleteTerminatedTasks__C)
                  11822506    00000002     --HOLE-- [fill = 0]
                  11822508    00000002     keystone_flash_p674.o674 (.const:ti_sysbios_knl_Task_initStackFlag__C)
                  1182250a    00000002     --HOLE-- [fill = 0]
                  1182250c    00000002     keystone_flash_p674.o674 (.const:ti_sysbios_rta_SupportLogger_Module__id__C)
                  1182250e    00000002     --HOLE-- [fill = 0]
                  11822510    00000002     keystone_flash_p674.o674 (.const:ti_sysbios_rta_SupportLogger_Module__loggerDefined__C)
                  11822512    00000002     --HOLE-- [fill = 0]
                  11822514    00000002     keystone_flash_p674.o674 (.const:ti_sysbios_timers_timer64_Timer_Module__id__C)
                  11822516    00000002     --HOLE-- [fill = 0]
                  11822518    00000002     keystone_flash_p674.o674 (.const:ti_sysbios_timers_timer64_Timer_startupNeeded__C)
                  1182251a    00000002     --HOLE-- [fill = 0]
                  1182251c    00000002     keystone_flash_p674.o674 (.const:ti_sysbios_utils_Load_Module__id__C)
                  1182251e    00000002     --HOLE-- [fill = 0]
                  11822520    00000002     keystone_flash_p674.o674 (.const:ti_sysbios_utils_Load_Module__loggerDefined__C)
                  11822522    00000002     --HOLE-- [fill = 0]
                  11822524    00000002     keystone_flash_p674.o674 (.const:ti_sysbios_utils_Load_autoAddTasks__C)
                  11822526    00000002     --HOLE-- [fill = 0]
                  11822528    00000002     keystone_flash_p674.o674 (.const:ti_sysbios_utils_Load_hwiEnabled__C)
                  1182252a    00000002     --HOLE-- [fill = 0]
                  1182252c    00000002     keystone_flash_p674.o674 (.const:ti_sysbios_utils_Load_swiEnabled__C)
                  1182252e    00000002     --HOLE-- [fill = 0]
                  11822530    00000002     keystone_flash_p674.o674 (.const:ti_sysbios_utils_Load_taskEnabled__C)
                  11822532    00000002     --HOLE-- [fill = 0]
                  11822534    00000002     keystone_flash_p674.o674 (.const:ti_sysbios_utils_Load_updateInIdle__C)
                  11822536    00000002     --HOLE-- [fill = 0]
                  11822538    00000002     keystone_flash_p674.o674 (.const:xdc_runtime_Core_Module__id__C)
                  1182253a    00000002     --HOLE-- [fill = 0]
                  1182253c    00000002     keystone_flash_p674.o674 (.const:xdc_runtime_Error_Module__loggerDefined__C)
                  1182253e    00000002     --HOLE-- [fill = 0]
                  11822540    00000002     keystone_flash_p674.o674 (.const:xdc_runtime_Error_maxDepth__C)
                  11822542    00000002     --HOLE-- [fill = 0]
                  11822544    00000002     keystone_flash_p674.o674 (.const:xdc_runtime_LoggerBuf_Module__id__C)
                  11822546    00000002     --HOLE-- [fill = 0]
                  11822548    00000002     keystone_flash_p674.o674 (.const:xdc_runtime_LoggerBuf_filterByLevel__C)
                  1182254a    00000002     --HOLE-- [fill = 0]
                  1182254c    00000002     keystone_flash_p674.o674 (.const:xdc_runtime_Main_Module__id__C)
                  1182254e    00000002     --HOLE-- [fill = 0]
                  11822550    00000002     keystone_flash_p674.o674 (.const:xdc_runtime_Main_Module__loggerDefined__C)
                  11822552    00000002     --HOLE-- [fill = 0]
                  11822554    00000002     keystone_flash_p674.o674 (.const:xdc_runtime_Memory_Module__id__C)
                  11822556    00000002     --HOLE-- [fill = 0]
                  11822558    00000002     keystone_flash_p674.o674 (.const:xdc_runtime_SysMin_flushAtExit__C)
                  1182255a    00000002     --HOLE-- [fill = 0]
                  1182255c    00000002     keystone_flash_p674.o674 (.const:xdc_runtime_Text_charCnt__C)
                  1182255e    00000002     --HOLE-- [fill = 0]
                  11822560    00000002     keystone_flash_p674.o674 (.const:xdc_runtime_Text_isLoaded__C)
                  11822562    00000002     --HOLE-- [fill = 0]
                  11822564    00000002     keystone_flash_p674.o674 (.const:xdc_runtime_Text_registryModsLastId__C)
                  11822566    00000002     --HOLE-- [fill = 0]
                  11822568    00000002     keystone_flash_p674.o674 (.const:xdc_runtime_Text_unnamedModsLastId__C)

.stack     0    11822570    00002000     UNINITIALIZED
                  11822570    00000008     boot.a674 : boot.o674 (.stack)
                  11822578    00001ff8     --HOLE--

.cinit     0    11824570    00000bfc     
                  11824570    00000a74     keystone_flash_p674.o674 (.cinit)
                  11824fe4    00000004     --HOLE-- [fill = 0]
                  11824fe8    0000005c     rts6740.lib : defs.obj (.cinit)
                  11825044    00000004     --HOLE-- [fill = 0]
                  11825048    0000005c                 : lowlev.obj (.cinit)
                  118250a4    00000004     --HOLE-- [fill = 0]
                  118250a8    0000002c                 : exit.obj (.cinit)
                  118250d4    00000004     --HOLE-- [fill = 0]
                  118250d8    0000001c                 : _lock.obj (.cinit)
                  118250f4    00000004     --HOLE-- [fill = 0]
                  118250f8    0000001c                 : atexit.obj (.cinit)
                  11825114    00000004     --HOLE-- [fill = 0]
                  11825118    0000000c                 : fopen.obj (.cinit)
                  11825124    00000004     --HOLE-- [fill = 0]
                  11825128    0000000c                 : sinit.obj (.cinit)
                  11825134    00000004     --HOLE-- [fill = 0]
                  11825138    0000000a     isr.obj (.cinit)
                  11825142    00000006     --HOLE-- [fill = 0]
                  11825148    0000000a     led.obj (.cinit)
                  11825152    00000006     --HOLE-- [fill = 0]
                  11825158    0000000a     main.obj (.cinit)
                  11825162    00000006     --HOLE-- [fill = 0]
                  11825168    00000004     (.pad.cinit) [fill = 0]

.cio       0    1182516c    00000120     UNINITIALIZED
                  1182516c    00000120     rts6740.lib : trgmsg.obj (.cio)

.bss       0    1182528c    00000034     UNINITIALIZED
                  1182528c    00000018     keystone_flash_p674.o674 (.bss)
                  118252a4    00000014     isr.obj (.bss)
                  118252b8    00000004     evmomapl138_bsl.lib : evmomapl138_i2c.obj (.bss)
                  118252bc    00000002     led.obj (.bss)
                  118252be    00000002     main.obj (.bss)

.vecs      0    11825400    00000200     
                  11825400    00000200     keystone_flash_p674.o674 (.vecs)


GLOBAL SYMBOLS: SORTED ALPHABETICALLY BY Name 

address    name
--------   ----
1182528c   $bss
1182528c   .bss
ffffffff   .data
ffffffff   .text
11812b80   C$$EXIT
11811c18   C$$IO$$
1180c0c0   _AIC3106_Init_TTO
1180c180   _AIC3106_readRegister
1180c1d4   _AIC3106_writeRegister
118001e8   _EVMOMAPL138_enableDsp
11800000   _EVMOMAPL138_init
1180002c   _EVMOMAPL138_initRAM
118002b0   _EVMOMAPL138_lpscTransition
11800214   _EVMOMAPL138_pinmuxConfig
11811f20   _FIR_process
1180fca0   _HOSTclose
1180d7e0   _HOSTlseek
1180e4e0   _HOSTopen
1180eda0   _HOSTread
1180b4e0   _HOSTrename
1180ee60   _HOSTunlink
1180ef20   _HOSTwrite
1182528c   _HWI_INT5
11804014   _I2CGPIO_getInput
11804130   _I2CGPIO_getInputAll
11803f40   _I2CGPIO_init
11804240   _I2CGPIO_setOutput
11804388   _I2CGPIO_setOutputAll
118058e0   _I2C_init
118059cc   _I2C_read
11805b28   _I2C_write
1180a3e0   _LED_init
1180a42c   _LED_isOn
1180a52c   _LED_toggle
1180a4e4   _LED_turnOff
1180a494   _LED_turnOn
11805540   _McASP_Init_TTO
11805674   _McASP_Start_TTO
1181d7c0   _TSK_idle
1180c2ec   _USTIMER_delay
11800c00   _UTIL_isUIBoardAttached
11800aa8   _UTIL_printMem
1182516c   __CIOBUF_
11824570   __STACK_END
00002000   __STACK_SIZE
00000001   __TI_args_main
11800000   ___ASM__
11800068   ___ISA__
11800080   ___PLAT__
118000a0   ___TARG__
11820290   ___TI_enable_exit_profile_output
ffffffff   ___TI_pprof_out_hndl
ffffffff   ___TI_prof_data_size
ffffffff   ___TI_prof_data_start
118000c0   ___TRDR__
11811fe0   ___add_dtor
1181ff10   ___atexit_func_id__
ffffffff   ___binit__
1182528c   ___bss__
ffffffff   ___c_args__
11824570   ___cinit__
ffffffff   ___data__
ffffffff   ___edata__
118252c0   ___end__
ffffffff   ___etext__
11812020   ___isinf
ffffffff   ___pinit__
ffffffff   ___text__
11812aa0   ___xdc__init
1181dbe4   ___xdc__init__addr
118120a0   __args_main
1180d000   __auto_init
1180f160   __c6xabi_divu
11810060   __c6xabi_remu
1180efe0   __cleanup
11820288   __cleanup_ptr
11821ac0   __ctypes_
11802960   __divd
1180fd40   __divli
1180d120   __divlli
1180f160   __divu
1180acc0   __divul
118081a0   __divull
1180f220   __doflush
1182028c   __dtors_ptr
1180ff20   __fixdli
11810740   __fltlid
118120e0   __frcmpyd_div
1181ff08   __ft_end
1181fbe8   __ftable
118107c0   __llshl
11812120   __llshru
11820294   __lock
11812ac0   __negll
11812ae0   __nop
11804d00   __printfi
11812b40   __register_lock
11812b60   __register_unlock
11812160   __remli
11810060   __remu
11822570   __stack
118115c0   __subcull
1181fdc8   __tmpnams
11820298   __unlock
1180d9e0   __wrt_ok
11812b80   _abort
00000000   _argsize
1180f2e0   _atexit
1180e5c0   _atoi
1180f3a0   _c_int00
1180dae0   _call_dtors
1180e6a0   _close
11800688   _config_pll0
118008c4   _config_pll1
118201b4   _dtors
1180e780   _exit
1180d240   _fclose
[...]
11813680   _xdc_runtime_LoggerBuf_write4__E
118136a0   _xdc_runtime_Memory_alloc__E
118136c0   _xdc_runtime_Memory_free__E
118136e0   _xdc_runtime_Startup_exec__I
11813700   _xdc_runtime_Startup_reset__I
11813720   _xdc_runtime_SysMin_Module_startup__E
11813740   _xdc_runtime_SysMin_abort__E
11813740   _xdc_runtime_System_SupportProxy_abort__E
11813760   _xdc_runtime_SysMin_exit__E
11813760   _xdc_runtime_System_SupportProxy_exit__E
11813780   _xdc_runtime_SysMin_putch__E
11813780   _xdc_runtime_System_SupportProxy_putch__E
118137a0   _xdc_runtime_SysMin_ready__E
118137a0   _xdc_runtime_System_SupportProxy_ready__E
118137c0   _xdc_runtime_SysMin_ready__F
118137e0   _xdc_runtime_System_Module_GateProxy_enter__E
11813800   _xdc_runtime_System_Module_GateProxy_leave__E
11813820   _xdc_runtime_System_Module_startup__E
11813840   _xdc_runtime_System_Module_startup__F
11813860   _xdc_runtime_System_atexit__E
11813880   _xdc_runtime_System_exit__F
118138a0   _xdc_runtime_System_sprintf_va__F
118138a0   _xdc_runtime_System_vsprintf__F
118138c0   _xdc_runtime_Text_putLab__E
118138e0   _xdc_runtime_Text_putSite__E
11813900   _xdc_runtime_Text_visitRope__I
11813920   _xdc_runtime_Timestamp_SupportProxy_get32__E
11813940   _xdc_runtime_Timestamp_SupportProxy_getFreq__E
11813960   _xdc_runtime_Timestamp_get32__F
11813980   _xdc_runtime_Timestamp_getFreq__F
118139a0   _ti_sysbios_heaps_HeapMem_Instance_State_0_buf__A
118149a0   _ti_sysbios_knl_Task_Instance_State_0_hookEnv__A
118149a8   _ti_sysbios_knl_Task_Instance_State_1_hookEnv__A
118149b0   _ti_sysbios_knl_Task_Instance_State_2_hookEnv__A
118149b8   _xdc_runtime_LoggerBuf_Instance_State_0_entryArr__A
11814bb8   _xdc_runtime_LoggerBuf_Instance_State_1_entryArr__A
11814bd8   _xdc_runtime_LoggerBuf_Instance_State_2_entryArr__A
1181cbd8   _xdc_runtime_LoggerBuf_Instance_State_3_entryArr__A
1181cdd8   _xdc_runtime_LoggerBuf_Instance_State_4_entryArr__A
1181d1d8   _xdc_runtime_SysMin_Module_State_0_outbuf__A
1181d3d8   _xdc_runtime_Diags_dictElems
1181d408   _ti_sysbios_BIOS_Module__state__V
1181d424   _ti_sysbios_family_c64p_Cache_Module__state__V
1181d428   _ti_sysbios_family_c64p_Exception_Module__state__V
1181d454   _ti_sysbios_family_c64p_Hwi_Module__root__V
1181d460   _ti_sysbios_family_c64p_Hwi_Object__table__V
1181d490   _ti_sysbios_family_c64p_Hwi_Module__state__V
1181d4f8   _ti_sysbios_family_c64p_primus_TimerSupport_Module_State_0_suspSrc__A
1181d500   _ti_sysbios_family_c64p_primus_TimerSupport_Module__state__V
1181d504   _ti_sysbios_gates_GateHwi_Module__root__V
1181d510   _ti_sysbios_gates_GateHwi_Object__table__V
1181d514   _ti_sysbios_gates_GateMutex_Module__root__V
1181d520   _ti_sysbios_gates_GateMutex_Object__table__V
1181d560   _ti_sysbios_hal_Hwi_Module__root__V
1181d568   _ti_sysbios_hal_Hwi_Object__table__V
1181d578   _ti_sysbios_hal_Timer_Module__root__V
1181d580   _ti_sysbios_hal_Timer_Object__table__V
1181d588   _ti_sysbios_heaps_HeapMem_Module__root__V
1181d590   _ti_sysbios_heaps_HeapMem_Object__table__V
1181d5a4   _ti_sysbios_knl_Clock_Module__root__V
1181d5b0   _ti_sysbios_knl_Clock_Object__table__V
1181d5d0   _ti_sysbios_knl_Clock_Module__state__V
1181d5fc   _ti_sysbios_knl_Event_Module__root__V
1181d608   _ti_sysbios_knl_Queue_Module__root__V
1181d610   _ti_sysbios_knl_Semaphore_Module__root__V
1181d620   _ti_sysbios_knl_Semaphore_Object__table__V
1181d650   _ti_sysbios_knl_Swi_Module__root__V
1181d658   _ti_sysbios_knl_Swi_Object__table__V
1181d688   _ti_sysbios_knl_Swi_Module_State_0_readyQ__A
1181d708   _ti_sysbios_knl_Swi_Module__state__V
1181d724   _ti_sysbios_knl_Task_Module__root__V
1181d730   _ti_sysbios_knl_Task_Object__table__V
1181d7c0   _TSK_idle
1181d808   _ti_sysbios_knl_Task_Module_State_0_readyQ__A
1181d888   _ti_sysbios_knl_Task_Module__state__V
1181d8bc   _ti_sysbios_rta_Agent_Module__state__V
1181d904   _ti_sysbios_timers_timer64_Timer_Module__root__V
1181d910   _ti_sysbios_timers_timer64_Timer_Object__table__V
1181d960   _ti_sysbios_timers_timer64_Timer_Module_State_0_intFreqs__A
1181d980   _ti_sysbios_timers_timer64_Timer_Module_State_0_gctrl__A
1181d9a0   _ti_sysbios_timers_timer64_Timer_Module_State_0_device__A
1181da00   _ti_sysbios_timers_timer64_Timer_Module_State_0_handles__A
1181da20   _ti_sysbios_timers_timer64_Timer_Module__state__V
1181da34   _ti_sysbios_utils_Load_Module__root__V
1181da38   _ti_sysbios_utils_Load_Module__state__V
1181dad4   _xdc_runtime_Error_Module__state__V
1181dad8   _xdc_runtime_LoggerBuf_Module__root__V
1181dae0   _xdc_runtime_LoggerBuf_Object__table__V
1181db94   _xdc_runtime_LoggerBuf_Module__state__V
1181db9a   _xdc_runtime_Main_Module__root__V
1181db9c   _xdc_runtime_Memory_Module__state__V
1181dba0   _xdc_runtime_Registry_Module__state__V
1181dba8   _xdc_runtime_Startup_Module__state__V
1181dbb0   _xdc_runtime_SysMin_Module__state__V
1181dbc0   _xdc_runtime_System_Module_State_0_atexitHandlers__A
1181dbd0   _xdc_runtime_System_Module__state__V
1181dbdc   _xdc_runtime_Text_Module__state__V
1181dbe4   ___xdc__init__addr
1181dbe8   _ti_sysbios_knl_Task_Instance_State_0_stack__A
1181e3e8   _ti_sysbios_knl_Task_Instance_State_1_stack__A
1181ebe8   _ti_sysbios_knl_Task_Instance_State_2_stack__A
1181f3e8   _rcvPing
1181f5e8   _rcvPong
1181f7e8   _xmtPing
1181f9e8   _xmtPong
1181fbe8   __ftable
1181fdc8   __tmpnams
1181ff08   __ft_end
1181ff10   ___atexit_func_id__
118201b4   _dtors
11820288   __cleanup_ptr
1182028c   __dtors_ptr
11820290   ___TI_enable_exit_profile_output
11820294   __lock
11820298   __unlock
118202a0   _xdc_runtime_Text_charTab__A
11821ac0   __ctypes_
11821bc8   _xdc_runtime_Text_nodeTab__A
11821e6c   _xdc_runtime_LoggerBuf_Module__FXNS__C
11821ea8   _xdc_runtime_Startup_sfxnTab__A
11821ee0   _ti_sysbios_knl_Task_hooks__A
11821f3c   _ti_sysbios_heaps_HeapMem_Module__FXNS__C
11821f64   _xdc_runtime_LoggerBuf_Object__PARAMS__C
11821f8c   _ti_sysbios_gates_GateHwi_Module__FXNS__C
11821fb0   _ti_sysbios_gates_GateMutex_Module__FXNS__C
11821fd4   _ti_sysbios_knl_Clock_Object__PARAMS__C
11821ff8   _ti_sysbios_knl_Semaphore_Object__PARAMS__C
11822060   _ti_sysbios_gates_GateHwi_Object__DESC__C
11822080   _ti_sysbios_gates_GateMutex_Object__DESC__C
118220a0   _ti_sysbios_heaps_HeapMem_Object__DESC__C
118220c0   _ti_sysbios_heaps_HeapMem_Object__PARAMS__C
118220e0   _ti_sysbios_knl_Clock_Object__DESC__C
11822100   _ti_sysbios_knl_Queue_Object__DESC__C
11822120   _ti_sysbios_knl_Semaphore_Object__DESC__C
11822140   _xdc_runtime_LoggerBuf_Object__DESC__C
11822160   _xdc_runtime_Startup_sfxnRts__A
1182217c   _ti_sysbios_gates_GateHwi_Object__PARAMS__C
11822194   _ti_sysbios_gates_GateMutex_Object__PARAMS__C
118221ac   _ti_sysbios_knl_Queue_Object__PARAMS__C
118221c4   _ti_sysbios_BIOS_Module__diagsEnabled__C
118221dc   _ti_sysbios_family_c64p_Cache_initSize__C
118221f0   _ti_sysbios_knl_Idle_funcList__A
118221f8   _ti_sysbios_knl_Idle_funcList__C
11822200   _ti_sysbios_knl_Task_hooks__C
11822208   _xdc_runtime_Startup_firstFxns__A
11822210   _xdc_runtime_Startup_firstFxns__C
11822218   _xdc_runtime_Startup_lastFxns__C
11822220   _ti_sysbios_BIOS_Module__diagsIncluded__C
11822224   _ti_sysbios_BIOS_Module__diagsMask__C
11822228   _ti_sysbios_BIOS_installedErrorHook__C
1182222c   _ti_sysbios_family_c64p_Cache_MAR0_31__C
11822230   _ti_sysbios_family_c64p_Cache_MAR128_159__C
11822234   _ti_sysbios_family_c64p_Cache_MAR160_191__C
11822238   _ti_sysbios_family_c64p_Cache_MAR192_223__C
1182223c   _ti_sysbios_family_c64p_Cache_MAR224_255__C
11822240   _ti_sysbios_family_c64p_Cache_MAR32_63__C
11822244   _ti_sysbios_family_c64p_Cache_MAR64_95__C
11822248   _ti_sysbios_family_c64p_Cache_MAR96_127__C
1182224c   _ti_sysbios_family_c64p_Exception_E_exceptionMin__C
11822250   _ti_sysbios_family_c64p_Exception_exceptionHook__C
11822254   _ti_sysbios_family_c64p_Exception_externalHook__C
11822258   _ti_sysbios_family_c64p_Exception_internalHook__C
1182225c   _ti_sysbios_family_c64p_Exception_nmiHook__C
11822260   _ti_sysbios_family_c64p_Hwi_LD_end__C
11822264   _ti_sysbios_family_c64p_Hwi_LM_begin__C
11822268   _ti_sysbios_family_c64p_Hwi_Module__diagsEnabled__C
1182226c   _ti_sysbios_family_c64p_Hwi_Module__diagsIncluded__C
11822270   _ti_sysbios_family_c64p_Hwi_Module__diagsMask__C
11822274   _ti_sysbios_family_c64p_Hwi_Module__loggerFxn1__C
11822278   _ti_sysbios_family_c64p_Hwi_Module__loggerFxn8__C
1182227c   _ti_sysbios_family_c64p_Hwi_Module__loggerObj__C
11822280   _ti_sysbios_gates_GateMutex_A_badContext__C
11822284   _ti_sysbios_gates_GateMutex_Instance_State_sem__O
11822288   _ti_sysbios_gates_GateMutex_Module__diagsEnabled__C
1182228c   _ti_sysbios_gates_GateMutex_Module__diagsIncluded__C
11822290   _ti_sysbios_gates_GateMutex_Module__diagsMask__C
11822294   _ti_sysbios_hal_Hwi_E_stackOverflow__C
11822298   _ti_sysbios_heaps_HeapMem_A_align__C
1182229c   _ti_sysbios_heaps_HeapMem_A_heapSize__C
118222a0   _ti_sysbios_heaps_HeapMem_A_invalidFree__C
118222a4   _ti_sysbios_heaps_HeapMem_A_zeroBlock__C
118222a8   _ti_sysbios_heaps_HeapMem_E_memory__C
118222ac   _ti_sysbios_heaps_HeapMem_Module__diagsEnabled__C
118222b0   _ti_sysbios_heaps_HeapMem_Module__diagsIncluded__C
118222b4   _ti_sysbios_heaps_HeapMem_Module__diagsMask__C
118222b8   _ti_sysbios_heaps_HeapMem_Module__gateObj__C
118222bc   _ti_sysbios_heaps_HeapMem_Object__count__C
118222c0   _ti_sysbios_heaps_HeapMem_reqAlignMask__C
118222c4   _ti_sysbios_heaps_HeapMem_reqAlign__C
118222c8   _ti_sysbios_knl_Clock_A_badThreadType__C
118222cc   _ti_sysbios_knl_Clock_LM_begin__C
118222d0   _ti_sysbios_knl_Clock_LM_tick__C
118222d4   _ti_sysbios_knl_Clock_LW_delayed__C
118222d8   _ti_sysbios_knl_Clock_Module_State_clockQ__O
118222dc   _ti_sysbios_knl_Clock_Module__diagsEnabled__C
118222e0   _ti_sysbios_knl_Clock_Module__diagsIncluded__C
118222e4   _ti_sysbios_knl_Clock_Module__diagsMask__C
118222e8   _ti_sysbios_knl_Clock_Module__loggerFxn1__C
118222ec   _ti_sysbios_knl_Clock_Module__loggerFxn2__C
118222f0   _ti_sysbios_knl_Clock_Module__loggerObj__C
118222f4   _ti_sysbios_knl_Clock_tickMode__C
118222f8   _ti_sysbios_knl_Clock_tickSource__C
118222fc   _ti_sysbios_knl_Semaphore_A_badContext__C
11822300   _ti_sysbios_knl_Semaphore_A_noEvents__C
11822304   _ti_sysbios_knl_Semaphore_Instance_State_pendQ__O
11822308   _ti_sysbios_knl_Semaphore_LM_pend__C
1182230c   _ti_sysbios_knl_Semaphore_LM_post__C
11822310   _ti_sysbios_knl_Semaphore_Module__diagsEnabled__C
11822314   _ti_sysbios_knl_Semaphore_Module__diagsIncluded__C
11822318   _ti_sysbios_knl_Semaphore_Module__diagsMask__C
1182231c   _ti_sysbios_knl_Semaphore_Module__loggerFxn2__C
11822320   _ti_sysbios_knl_Semaphore_Module__loggerFxn4__C
11822324   _ti_sysbios_knl_Semaphore_Module__loggerObj__C
11822328   _ti_sysbios_knl_Swi_LD_end__C
1182232c   _ti_sysbios_knl_Swi_LM_begin__C
11822330   _ti_sysbios_knl_Swi_LM_post__C
11822334   _ti_sysbios_knl_Swi_Module__diagsEnabled__C
11822338   _ti_sysbios_knl_Swi_Module__diagsIncluded__C
1182233c   _ti_sysbios_knl_Swi_Module__diagsMask__C
11822340   _ti_sysbios_knl_Swi_Module__loggerFxn1__C
11822344   _ti_sysbios_knl_Swi_Module__loggerFxn4__C
11822348   _ti_sysbios_knl_Swi_Module__loggerObj__C
1182234c   _ti_sysbios_knl_Swi_Object__count__C
11822350   _ti_sysbios_knl_Task_E_spOutOfBounds__C
11822354   _ti_sysbios_knl_Task_E_stackOverflow__C
11822358   _ti_sysbios_knl_Task_LD_block__C
1182235c   _ti_sysbios_knl_Task_LD_exit__C
11822360   _ti_sysbios_knl_Task_LD_ready__C
11822364   _ti_sysbios_knl_Task_LM_switch__C
11822368   _ti_sysbios_knl_Task_Module_State_inactiveQ__O
1182236c   _ti_sysbios_knl_Task_Module_State_terminatedQ__O
11822370   _ti_sysbios_knl_Task_Module__diagsEnabled__C
11822374   _ti_sysbios_knl_Task_Module__diagsIncluded__C
11822378   _ti_sysbios_knl_Task_Module__diagsMask__C
1182237c   _ti_sysbios_knl_Task_Module__loggerFxn2__C
11822380   _ti_sysbios_knl_Task_Module__loggerFxn4__C
11822384   _ti_sysbios_knl_Task_Module__loggerObj__C
11822388   _ti_sysbios_knl_Task_Object__count__C
1182238c   _ti_sysbios_knl_Task_Object__heap__C
11822390   _ti_sysbios_knl_Task_allBlockedFunc__C
11822394   _ti_sysbios_knl_Task_numConstructedTasks__C
11822398   _ti_sysbios_rta_SupportLogger_LM_timestampFreq__C
1182239c   _ti_sysbios_rta_SupportLogger_Module__diagsEnabled__C
118223a0   _ti_sysbios_rta_SupportLogger_Module__diagsIncluded__C
118223a4   _ti_sysbios_rta_SupportLogger_Module__diagsMask__C
118223a8   _ti_sysbios_rta_SupportLogger_Module__loggerFxn2__C
118223ac   _ti_sysbios_rta_SupportLogger_Module__loggerObj__C
118223b0   _ti_sysbios_timers_timer64_Timer_A_notAvailable__C
118223b4   _ti_sysbios_timers_timer64_Timer_E_cannotSupport__C
118223b8   _ti_sysbios_timers_timer64_Timer_Module__diagsEnabled__C
118223bc   _ti_sysbios_timers_timer64_Timer_Module__diagsIncluded__C
118223c0   _ti_sysbios_timers_timer64_Timer_Module__diagsMask__C
118223c4   _ti_sysbios_timers_timer64_Timer_anyMask__C
118223c8   _ti_sysbios_timers_timer64_Timer_freqDivisor__C
118223cc   _ti_sysbios_timers_timer64_Timer_numLocalTimers__C
118223d0   _ti_sysbios_timers_timer64_Timer_numTimerDevices__C
118223d4   _ti_sysbios_utils_Load_LS_cpuLoad__C
118223d8   _ti_sysbios_utils_Load_LS_hwiLoad__C
118223dc   _ti_sysbios_utils_Load_LS_swiLoad__C
118223e0   _ti_sysbios_utils_Load_LS_taskLoad__C
118223e4   _ti_sysbios_utils_Load_Module_State_gate__O
118223e8   _ti_sysbios_utils_Load_Module_State_taskList__O
118223ec   _ti_sysbios_utils_Load_Module__diagsEnabled__C
118223f0   _ti_sysbios_utils_Load_Module__diagsIncluded__C
118223f4   _ti_sysbios_utils_Load_Module__diagsMask__C
118223f8   _ti_sysbios_utils_Load_Module__loggerFxn1__C
118223fc   _ti_sysbios_utils_Load_Module__loggerFxn2__C
11822400   _ti_sysbios_utils_Load_Module__loggerFxn4__C
11822404   _ti_sysbios_utils_Load_Module__loggerObj__C
11822408   _ti_sysbios_utils_Load_postUpdate__C
1182240c   _ti_sysbios_utils_Load_windowInMs__C
11822410   _xdc_runtime_Assert_E_assertFailed__C
11822414   _xdc_runtime_Core_A_initializedParams__C
11822418   _xdc_runtime_Core_Module__diagsEnabled__C
1182241c   _xdc_runtime_Core_Module__diagsIncluded__C
11822420   _xdc_runtime_Core_Module__diagsMask__C
11822424   _xdc_runtime_Error_E_generic__C
11822428   _xdc_runtime_Error_E_memory__C
1182242c   _xdc_runtime_Error_Module__diagsEnabled__C
11822430   _xdc_runtime_Error_Module__diagsIncluded__C
11822434   _xdc_runtime_Error_Module__diagsMask__C
11822438   _xdc_runtime_Error_Module__loggerFxn8__C
1182243c   _xdc_runtime_Error_Module__loggerObj__C
11822440   _xdc_runtime_Error_policy__C
11822444   _xdc_runtime_Error_raiseHook__C
11822448   _xdc_runtime_IFilterLogger_Interface__BASE__C
1182244c   _xdc_runtime_IGateProvider_Interface__BASE__C
11822450   _xdc_runtime_IHeap_Interface__BASE__C
11822454   _xdc_runtime_ILogger_Interface__BASE__C
11822458   _xdc_runtime_IModule_Interface__BASE__C
1182245c   _xdc_runtime_Log_L_error__C
11822460   _xdc_runtime_Log_L_info__C
11822464   _xdc_runtime_LoggerBuf_E_badLevel__C
11822468   _xdc_runtime_LoggerBuf_Module__gateObj__C
1182246c   _xdc_runtime_LoggerBuf_Object__count__C
11822470   _xdc_runtime_LoggerBuf_statusLogger__C
11822474   _xdc_runtime_Main_Module__diagsEnabled__C
11822478   _xdc_runtime_Main_Module__diagsIncluded__C
1182247c   _xdc_runtime_Main_Module__diagsMask__C
11822480   _xdc_runtime_Main_Module__loggerFxn4__C
11822484   _xdc_runtime_Main_Module__loggerObj__C
11822488   _xdc_runtime_Memory_defaultHeapInstance__C
1182248c   _xdc_runtime_Startup_execImpl__C
11822490   _xdc_runtime_Startup_maxPasses__C
11822494   _xdc_runtime_Startup_sfxnRts__C
11822498   _xdc_runtime_Startup_sfxnTab__C
1182249c   _xdc_runtime_SysMin_bufSize__C
118224a0   _xdc_runtime_SysMin_outputFunc__C
118224a4   _xdc_runtime_System_Module__gateObj__C
118224a8   _xdc_runtime_System_extendFxn__C
118224ac   _xdc_runtime_System_maxAtexitHandlers__C
118224b0   _xdc_runtime_Text_charTab__C
118224b4   _xdc_runtime_Text_nameEmpty__C
118224b8   _xdc_runtime_Text_nameStatic__C
118224bc   _xdc_runtime_Text_nameUnknown__C
118224c0   _xdc_runtime_Text_nodeTab__C
118224c4   _xdc_runtime_Text_visitRopeFxn__C
118224c8   _ti_sysbios_BIOS_Module__id__C
118224cc   _ti_sysbios_family_c64p_Exception_Module__id__C
118224d0   _ti_sysbios_family_c64p_Hwi_Module__id__C
118224d4   _ti_sysbios_family_c64p_Hwi_Module__loggerDefined__C
118224d8   _ti_sysbios_gates_GateMutex_Module__id__C
118224dc   _ti_sysbios_hal_Hwi_Module__id__C
118224e0   _ti_sysbios_heaps_HeapMem_Module__id__C
118224e4   _ti_sysbios_knl_Clock_Module__id__C
118224e8   _ti_sysbios_knl_Clock_Module__loggerDefined__C
118224ec   _ti_sysbios_knl_Semaphore_Module__id__C
118224f0   _ti_sysbios_knl_Semaphore_Module__loggerDefined__C
118224f4   _ti_sysbios_knl_Swi_Module__id__C
118224f8   _ti_sysbios_knl_Swi_Module__loggerDefined__C
118224fc   _ti_sysbios_knl_Task_Module__id__C
11822500   _ti_sysbios_knl_Task_Module__loggerDefined__C
11822504   _ti_sysbios_knl_Task_deleteTerminatedTasks__C
11822508   _ti_sysbios_knl_Task_initStackFlag__C
1182250c   _ti_sysbios_rta_SupportLogger_Module__id__C
11822510   _ti_sysbios_rta_SupportLogger_Module__loggerDefined__C
11822514   _ti_sysbios_timers_timer64_Timer_Module__id__C
11822518   _ti_sysbios_timers_timer64_Timer_startupNeeded__C
1182251c   _ti_sysbios_utils_Load_Module__id__C
11822520   _ti_sysbios_utils_Load_Module__loggerDefined__C
11822524   _ti_sysbios_utils_Load_autoAddTasks__C
11822528   _ti_sysbios_utils_Load_hwiEnabled__C
1182252c   _ti_sysbios_utils_Load_swiEnabled__C
11822530   _ti_sysbios_utils_Load_taskEnabled__C
11822534   _ti_sysbios_utils_Load_updateInIdle__C
11822538   _xdc_runtime_Core_Module__id__C
1182253c   _xdc_runtime_Error_Module__loggerDefined__C
11822540   _xdc_runtime_Error_maxDepth__C
11822544   _xdc_runtime_LoggerBuf_Module__id__C
11822548   _xdc_runtime_LoggerBuf_filterByLevel__C
1182254c   _xdc_runtime_Main_Module__id__C
11822550   _xdc_runtime_Main_Module__loggerDefined__C
11822554   _xdc_runtime_Memory_Module__id__C
11822558   _xdc_runtime_SysMin_flushAtExit__C
1182255c   _xdc_runtime_Text_charCnt__C
11822560   _xdc_runtime_Text_isLoaded__C
11822564   _xdc_runtime_Text_registryModsLastId__C
11822568   _xdc_runtime_Text_unnamedModsLastId__C
11822570   __stack
11824570   __STACK_END
11824570   ___cinit__
11824570   cinit
1182516c   __CIOBUF_
1182528c   $bss
1182528c   .bss
1182528c   _HWI_INT5
1182528c   ___bss__
11825290   _firProcessTask
11825294   _mcaspReady
11825298   _ledToggleClock
1182529c   _ledToggleTask
118252a0   _ledToggleSem
118252be   _pingPong
118252c0   ___end__
118252c0   end
11825400   _ti_sysbios_family_c64p_Hwi0
11825420   _ti_sysbios_family_c64p_Hwi1
11825440   _ti_sysbios_family_c64p_Hwi2
11825460   _ti_sysbios_family_c64p_Hwi3
11825480   _ti_sysbios_family_c64p_Hwi4
118254a0   _ti_sysbios_family_c64p_Hwi5
118254c0   _ti_sysbios_family_c64p_Hwi6
118254e0   _ti_sysbios_family_c64p_Hwi7
11825500   _ti_sysbios_family_c64p_Hwi8
11825520   _ti_sysbios_family_c64p_Hwi9
11825540   _ti_sysbios_family_c64p_Hwi10
11825560   _ti_sysbios_family_c64p_Hwi11
11825580   _ti_sysbios_family_c64p_Hwi12
118255a0   _ti_sysbios_family_c64p_Hwi13
118255c0   _ti_sysbios_family_c64p_Hwi14
118255e0   _ti_sysbios_family_c64p_Hwi15
ffffffff   .data
ffffffff   .text
ffffffff   ___TI_pprof_out_hndl
ffffffff   ___TI_prof_data_size
ffffffff   ___TI_prof_data_start
ffffffff   ___binit__
ffffffff   ___c_args__
ffffffff   ___data__
ffffffff   ___edata__
ffffffff   ___etext__
ffffffff   ___pinit__
ffffffff   ___text__
ffffffff   binit
ffffffff   edata
ffffffff   etext
ffffffff   pinit

[784 symbols]
