Archive member included because of file (symbol)

c:/davev4-64bit/dave-4.2.6/eclipse/arm-gcc-49/bin/../lib/gcc/arm-none-eabi/4.9.3/armv6-m\libgcc.a(_udivsi3.o)
                              ./Startup/system_XMC1100.o (__aeabi_uidiv)
c:/davev4-64bit/dave-4.2.6/eclipse/arm-gcc-49/bin/../lib/gcc/arm-none-eabi/4.9.3/armv6-m\libgcc.a(_divsi3.o)
                              ./Libraries/XMCLib/src/xmc1_scu.o (__aeabi_idiv)
c:/davev4-64bit/dave-4.2.6/eclipse/arm-gcc-49/bin/../lib/gcc/arm-none-eabi/4.9.3/armv6-m\libgcc.a(_dvmd_tls.o)
                              c:/davev4-64bit/dave-4.2.6/eclipse/arm-gcc-49/bin/../lib/gcc/arm-none-eabi/4.9.3/armv6-m\libgcc.a(_udivsi3.o) (__aeabi_idiv0)
c:/davev4-64bit/dave-4.2.6/eclipse/arm-gcc-49/bin/../lib/gcc/arm-none-eabi/4.9.3/../../../../arm-none-eabi/lib/armv6-m\libg_nano.a(lib_a-init.o)
                              ./Startup/startup_XMC1100.o (__libc_init_array)
c:/davev4-64bit/dave-4.2.6/eclipse/arm-gcc-49/bin/../lib/gcc/arm-none-eabi/4.9.3/../../../../arm-none-eabi/lib/armv6-m\libg_nano.a(lib_a-strlen.o)
                              ./main.o (strlen)

Discarded input sections

 .text          0x00000000        0x0 ./Startup/startup_XMC1100.o
 .data          0x00000000        0x0 ./Startup/startup_XMC1100.o
 .bss           0x00000000        0x0 ./Startup/startup_XMC1100.o
 .text          0x00000000        0x0 ./Startup/system_XMC1100.o
 .data          0x00000000        0x0 ./Startup/system_XMC1100.o
 .bss           0x00000000        0x0 ./Startup/system_XMC1100.o
 .comment       0x00000000       0x71 ./Startup/system_XMC1100.o
 .text          0x00000000        0x0 ./Libraries/XMCLib/src/xmc1_eru.o
 .data          0x00000000        0x0 ./Libraries/XMCLib/src/xmc1_eru.o
 .bss           0x00000000        0x0 ./Libraries/XMCLib/src/xmc1_eru.o
 .text.XMC_ERU_Enable
                0x00000000       0x10 ./Libraries/XMCLib/src/xmc1_eru.o
 .text.XMC_ERU_Disable
                0x00000000       0x10 ./Libraries/XMCLib/src/xmc1_eru.o
 .debug_info    0x00000000      0x380 ./Libraries/XMCLib/src/xmc1_eru.o
 .debug_abbrev  0x00000000      0x119 ./Libraries/XMCLib/src/xmc1_eru.o
 .debug_loc     0x00000000       0x70 ./Libraries/XMCLib/src/xmc1_eru.o
 .debug_aranges
                0x00000000       0x28 ./Libraries/XMCLib/src/xmc1_eru.o
 .debug_ranges  0x00000000       0x18 ./Libraries/XMCLib/src/xmc1_eru.o
 .debug_line    0x00000000      0x185 ./Libraries/XMCLib/src/xmc1_eru.o
 .debug_str     0x00000000      0x284 ./Libraries/XMCLib/src/xmc1_eru.o
 .comment       0x00000000       0x71 ./Libraries/XMCLib/src/xmc1_eru.o
 .debug_frame   0x00000000       0x50 ./Libraries/XMCLib/src/xmc1_eru.o
 .ARM.attributes
                0x00000000       0x31 ./Libraries/XMCLib/src/xmc1_eru.o
 .text          0x00000000        0x0 ./Libraries/XMCLib/src/xmc1_flash.o
 .data          0x00000000        0x0 ./Libraries/XMCLib/src/xmc1_flash.o
 .bss           0x00000000        0x0 ./Libraries/XMCLib/src/xmc1_flash.o
 .text.XMC_FLASH_IsBusy
                0x00000000       0x1c ./Libraries/XMCLib/src/xmc1_flash.o
 .text.XMC_FLASH_ClearStatus
                0x00000000       0x20 ./Libraries/XMCLib/src/xmc1_flash.o
 .text.XMC_FLASH_GetStatus
                0x00000000       0x14 ./Libraries/XMCLib/src/xmc1_flash.o
 .text.XMC_FLASH_EnableEvent
                0x00000000       0x24 ./Libraries/XMCLib/src/xmc1_flash.o
 .text.XMC_FLASH_DisableEvent
                0x00000000       0x28 ./Libraries/XMCLib/src/xmc1_flash.o
 .text.XMC_FLASH_ErasePage
                0x00000000       0x1c ./Libraries/XMCLib/src/xmc1_flash.o
 .text.XMC_FLASH_ProgramVerifyPage
                0x00000000       0x20 ./Libraries/XMCLib/src/xmc1_flash.o
 .text.XMC_FLASH_WriteBlocks
                0x00000000       0xbc ./Libraries/XMCLib/src/xmc1_flash.o
 .text.XMC_FLASH_ErasePages
                0x00000000       0x44 ./Libraries/XMCLib/src/xmc1_flash.o
 .text.XMC_FLASH_VerifyBlocks
                0x00000000       0x90 ./Libraries/XMCLib/src/xmc1_flash.o
 .text.XMC_FLASH_ReadBlocks
                0x00000000       0x4c ./Libraries/XMCLib/src/xmc1_flash.o
 .text.XMC_FLASH_EraseSector
                0x00000000       0x18 ./Libraries/XMCLib/src/xmc1_flash.o
 .text.XMC_FLASH_ProgramPage
                0x00000000       0x1c ./Libraries/XMCLib/src/xmc1_flash.o
 .debug_info    0x00000000      0x4e4 ./Libraries/XMCLib/src/xmc1_flash.o
 .debug_abbrev  0x00000000      0x145 ./Libraries/XMCLib/src/xmc1_flash.o
 .debug_loc     0x00000000      0x2b4 ./Libraries/XMCLib/src/xmc1_flash.o
 .debug_aranges
                0x00000000       0x80 ./Libraries/XMCLib/src/xmc1_flash.o
 .debug_ranges  0x00000000       0x70 ./Libraries/XMCLib/src/xmc1_flash.o
 .debug_line    0x00000000      0x3df ./Libraries/XMCLib/src/xmc1_flash.o
 .debug_str     0x00000000      0x624 ./Libraries/XMCLib/src/xmc1_flash.o
 .comment       0x00000000       0x71 ./Libraries/XMCLib/src/xmc1_flash.o
 .debug_frame   0x00000000      0x1a4 ./Libraries/XMCLib/src/xmc1_flash.o
 .ARM.attributes
                0x00000000       0x31 ./Libraries/XMCLib/src/xmc1_flash.o
 .text          0x00000000        0x0 ./Libraries/XMCLib/src/xmc1_gpio.o
 .data          0x00000000        0x0 ./Libraries/XMCLib/src/xmc1_gpio.o
 .bss           0x00000000        0x0 ./Libraries/XMCLib/src/xmc1_gpio.o
 .text.XMC_GPIO_Init
                0x00000000      0x170 ./Libraries/XMCLib/src/xmc1_gpio.o
 .text.XMC_GPIO_SetInputHysteresis
                0x00000000       0x94 ./Libraries/XMCLib/src/xmc1_gpio.o
 .debug_info    0x00000000      0x410 ./Libraries/XMCLib/src/xmc1_gpio.o
 .debug_abbrev  0x00000000       0xdf ./Libraries/XMCLib/src/xmc1_gpio.o
 .debug_loc     0x00000000       0x70 ./Libraries/XMCLib/src/xmc1_gpio.o
 .debug_aranges
                0x00000000       0x28 ./Libraries/XMCLib/src/xmc1_gpio.o
 .debug_ranges  0x00000000       0x18 ./Libraries/XMCLib/src/xmc1_gpio.o
 .debug_line    0x00000000      0x1a9 ./Libraries/XMCLib/src/xmc1_gpio.o
 .debug_str     0x00000000      0x7cc ./Libraries/XMCLib/src/xmc1_gpio.o
 .comment       0x00000000       0x71 ./Libraries/XMCLib/src/xmc1_gpio.o
 .debug_frame   0x00000000       0x58 ./Libraries/XMCLib/src/xmc1_gpio.o
 .ARM.attributes
                0x00000000       0x31 ./Libraries/XMCLib/src/xmc1_gpio.o
 .text          0x00000000        0x0 ./Libraries/XMCLib/src/xmc1_rtc.o
 .data          0x00000000        0x0 ./Libraries/XMCLib/src/xmc1_rtc.o
 .bss           0x00000000        0x0 ./Libraries/XMCLib/src/xmc1_rtc.o
 .text.XMC_RTC_IsRunning
                0x00000000       0x1c ./Libraries/XMCLib/src/xmc1_rtc.o
 .text.XMC_SCU_GetMirrorStatus
                0x00000000       0x14 ./Libraries/XMCLib/src/xmc1_rtc.o
 .text.XMC_RTC_Init
                0x00000000       0x84 ./Libraries/XMCLib/src/xmc1_rtc.o
 .text.XMC_RTC_Enable
                0x00000000       0x14 ./Libraries/XMCLib/src/xmc1_rtc.o
 .text.XMC_RTC_Disable
                0x00000000       0x14 ./Libraries/XMCLib/src/xmc1_rtc.o
 .text.XMC_RTC_SetDebugMode
                0x00000000       0x2c ./Libraries/XMCLib/src/xmc1_rtc.o
 .text.XMC_RTC_EnableEvent
                0x00000000       0x20 ./Libraries/XMCLib/src/xmc1_rtc.o
 .text.XMC_RTC_DisableEvent
                0x00000000       0x20 ./Libraries/XMCLib/src/xmc1_rtc.o
 .text.XMC_RTC_ClearEvent
                0x00000000       0x20 ./Libraries/XMCLib/src/xmc1_rtc.o
 .text.XMC_RTC_IsEnabled
                0x00000000       0x2c ./Libraries/XMCLib/src/xmc1_rtc.o
 .debug_info    0x00000000      0x698 ./Libraries/XMCLib/src/xmc1_rtc.o
 .debug_abbrev  0x00000000      0x1da ./Libraries/XMCLib/src/xmc1_rtc.o
 .debug_loc     0x00000000      0x1f4 ./Libraries/XMCLib/src/xmc1_rtc.o
 .debug_aranges
                0x00000000       0x68 ./Libraries/XMCLib/src/xmc1_rtc.o
 .debug_ranges  0x00000000       0x58 ./Libraries/XMCLib/src/xmc1_rtc.o
 .debug_line    0x00000000      0x30e ./Libraries/XMCLib/src/xmc1_rtc.o
 .debug_str     0x00000000      0x59c ./Libraries/XMCLib/src/xmc1_rtc.o
 .comment       0x00000000       0x71 ./Libraries/XMCLib/src/xmc1_rtc.o
 .debug_frame   0x00000000      0x13c ./Libraries/XMCLib/src/xmc1_rtc.o
 .ARM.attributes
                0x00000000       0x31 ./Libraries/XMCLib/src/xmc1_rtc.o
 .text          0x00000000        0x0 ./Libraries/XMCLib/src/xmc1_scu.o
 .data          0x00000000        0x0 ./Libraries/XMCLib/src/xmc1_scu.o
 .bss           0x00000000        0x0 ./Libraries/XMCLib/src/xmc1_scu.o
 .bss.event_handler_list
                0x00000000       0x80 ./Libraries/XMCLib/src/xmc1_scu.o
 .data.event_masks
                0x00000000        0xc ./Libraries/XMCLib/src/xmc1_scu.o
 .text.XMC_SCU_CalcTSEVAR
                0x00000000       0x54 ./Libraries/XMCLib/src/xmc1_scu.o
 .text.XMC_SCU_INTERRUPT_EnableEvent
                0x00000000       0x20 ./Libraries/XMCLib/src/xmc1_scu.o
 .text.XMC_SCU_INTERRUPT_DisableEvent
                0x00000000       0x20 ./Libraries/XMCLib/src/xmc1_scu.o
 .text.XMC_SCU_INTERRUPT_TriggerEvent
                0x00000000       0x20 ./Libraries/XMCLib/src/xmc1_scu.o
 .text.XMC_SCU_INTERUPT_GetEventStatus
                0x00000000       0x1c ./Libraries/XMCLib/src/xmc1_scu.o
 .text.XMC_SCU_INTERRUPT_ClearEventStatus
                0x00000000       0x20 ./Libraries/XMCLib/src/xmc1_scu.o
 .text.XMC_SCU_LockProtectedBits
                0x00000000       0x14 ./Libraries/XMCLib/src/xmc1_scu.o
 .text.XMC_SCU_UnlockProtectedBits
                0x00000000       0x20 ./Libraries/XMCLib/src/xmc1_scu.o
 .text.XMC_SCU_SupplyMonitorInit
                0x00000000       0x8c ./Libraries/XMCLib/src/xmc1_scu.o
 .text.XMC_SCU_SetTempLowLimit
                0x00000000       0x48 ./Libraries/XMCLib/src/xmc1_scu.o
 .text.XMC_SCU_SetTempHighLimit
                0x00000000       0x48 ./Libraries/XMCLib/src/xmc1_scu.o
 .text.XMC_SCU_SetRawTempLimits
                0x00000000       0x24 ./Libraries/XMCLib/src/xmc1_scu.o
 .text.XMC_SCU_StartTempMeasurement
                0x00000000       0x1c ./Libraries/XMCLib/src/xmc1_scu.o
 .text.XMC_SCU_StopTempMeasurement
                0x00000000       0x1c ./Libraries/XMCLib/src/xmc1_scu.o
 .text.XMC_SCU_HighTemperature
                0x00000000       0x20 ./Libraries/XMCLib/src/xmc1_scu.o
 .text.XMC_SCU_LowTemperature
                0x00000000       0x18 ./Libraries/XMCLib/src/xmc1_scu.o
 .text.XMC_SCU_GetTemperature
                0x00000000       0x20 ./Libraries/XMCLib/src/xmc1_scu.o
 .text.XMC_SCU_CalcTemperature
                0x00000000       0x14 ./Libraries/XMCLib/src/xmc1_scu.o
 .text.XMC_SCU_CLOCK_Init
                0x00000000       0x48 ./Libraries/XMCLib/src/xmc1_scu.o
 .text.XMC_SCU_CLOCK_SetRtcClockSource
                0x00000000       0x30 ./Libraries/XMCLib/src/xmc1_scu.o
 .text.XMC_SCU_CLOCK_SetFastPeripheralClockSource
                0x00000000       0x30 ./Libraries/XMCLib/src/xmc1_scu.o
 .text.XMC_SCU_CLOCK_GatePeripheralClock
                0x00000000       0x2c ./Libraries/XMCLib/src/xmc1_scu.o
 .text.XMC_SCU_CLOCK_UngatePeripheralClock
                0x00000000       0x3c ./Libraries/XMCLib/src/xmc1_scu.o
 .text.XMC_SCU_CLOCK_IsPeripheralClockGated
                0x00000000       0x28 ./Libraries/XMCLib/src/xmc1_scu.o
 .text.XMC_SCU_CLOCK_SetMCLKFrequency
                0x00000000       0x48 ./Libraries/XMCLib/src/xmc1_scu.o
 .text.XMC_SCU_CLOCK_ScaleMCLKFrequency
                0x00000000       0xa0 ./Libraries/XMCLib/src/xmc1_scu.o
 .text.XMC_SCU_CLOCK_lFrequencyUpScaling
                0x00000000       0x54 ./Libraries/XMCLib/src/xmc1_scu.o
 .text.XMC_SCU_CLOCK_lFrequencyDownScaling
                0x00000000       0x5c ./Libraries/XMCLib/src/xmc1_scu.o
 .text.XMC_SCU_CLOCK_GetPeripheralClockFrequency
                0x00000000       0x14 ./Libraries/XMCLib/src/xmc1_scu.o
 .text.XMC_SCU_CLOCK_GetFastPeripheralClockFrequency
                0x00000000       0x28 ./Libraries/XMCLib/src/xmc1_scu.o
 .text.XMC_SCU_CLOCK_CalibrateOscillatorOnTemperature
                0x00000000       0x7c ./Libraries/XMCLib/src/xmc1_scu.o
 .text.XMC_SCU_INTERRUPT_SetEventHandler
                0x00000000       0x60 ./Libraries/XMCLib/src/xmc1_scu.o
 .text.XMC_SCU_IRQHandler
                0x00000000       0x7c ./Libraries/XMCLib/src/xmc1_scu.o
 .debug_info    0x00000000      0xcbd ./Libraries/XMCLib/src/xmc1_scu.o
 .debug_abbrev  0x00000000      0x22c ./Libraries/XMCLib/src/xmc1_scu.o
 .debug_loc     0x00000000      0x6cc ./Libraries/XMCLib/src/xmc1_scu.o
 .debug_aranges
                0x00000000      0x120 ./Libraries/XMCLib/src/xmc1_scu.o
 .debug_ranges  0x00000000      0x110 ./Libraries/XMCLib/src/xmc1_scu.o
 .debug_line    0x00000000      0x523 ./Libraries/XMCLib/src/xmc1_scu.o
 .debug_str     0x00000000      0xbb2 ./Libraries/XMCLib/src/xmc1_scu.o
 .comment       0x00000000       0x71 ./Libraries/XMCLib/src/xmc1_scu.o
 .debug_frame   0x00000000      0x40c ./Libraries/XMCLib/src/xmc1_scu.o
 .ARM.attributes
                0x00000000       0x31 ./Libraries/XMCLib/src/xmc1_scu.o
 .text          0x00000000        0x0 ./Libraries/XMCLib/src/xmc_acmp.o
 .data          0x00000000        0x0 ./Libraries/XMCLib/src/xmc_acmp.o
 .bss           0x00000000        0x0 ./Libraries/XMCLib/src/xmc_acmp.o
 .debug_info    0x00000000       0x72 ./Libraries/XMCLib/src/xmc_acmp.o
 .debug_abbrev  0x00000000       0x26 ./Libraries/XMCLib/src/xmc_acmp.o
 .debug_aranges
                0x00000000       0x18 ./Libraries/XMCLib/src/xmc_acmp.o
 .debug_line    0x00000000       0x1d ./Libraries/XMCLib/src/xmc_acmp.o
 .debug_str     0x00000000      0x1bf ./Libraries/XMCLib/src/xmc_acmp.o
 .comment       0x00000000       0x71 ./Libraries/XMCLib/src/xmc_acmp.o
 .ARM.attributes
                0x00000000       0x31 ./Libraries/XMCLib/src/xmc_acmp.o
 .text          0x00000000        0x0 ./Libraries/XMCLib/src/xmc_bccu.o
 .data          0x00000000        0x0 ./Libraries/XMCLib/src/xmc_bccu.o
 .bss           0x00000000        0x0 ./Libraries/XMCLib/src/xmc_bccu.o
 .debug_info    0x00000000       0x72 ./Libraries/XMCLib/src/xmc_bccu.o
 .debug_abbrev  0x00000000       0x26 ./Libraries/XMCLib/src/xmc_bccu.o
 .debug_aranges
                0x00000000       0x18 ./Libraries/XMCLib/src/xmc_bccu.o
 .debug_line    0x00000000       0x1d ./Libraries/XMCLib/src/xmc_bccu.o
 .debug_str     0x00000000      0x1bf ./Libraries/XMCLib/src/xmc_bccu.o
 .comment       0x00000000       0x71 ./Libraries/XMCLib/src/xmc_bccu.o
 .ARM.attributes
                0x00000000       0x31 ./Libraries/XMCLib/src/xmc_bccu.o
 .text          0x00000000        0x0 ./Libraries/XMCLib/src/xmc_can.o
 .data          0x00000000        0x0 ./Libraries/XMCLib/src/xmc_can.o
 .bss           0x00000000        0x0 ./Libraries/XMCLib/src/xmc_can.o
 .debug_info    0x00000000       0x72 ./Libraries/XMCLib/src/xmc_can.o
 .debug_abbrev  0x00000000       0x26 ./Libraries/XMCLib/src/xmc_can.o
 .debug_aranges
                0x00000000       0x18 ./Libraries/XMCLib/src/xmc_can.o
 .debug_line    0x00000000       0x1d ./Libraries/XMCLib/src/xmc_can.o
 .debug_str     0x00000000      0x1be ./Libraries/XMCLib/src/xmc_can.o
 .comment       0x00000000       0x71 ./Libraries/XMCLib/src/xmc_can.o
 .ARM.attributes
                0x00000000       0x31 ./Libraries/XMCLib/src/xmc_can.o
 .text          0x00000000        0x0 ./Libraries/XMCLib/src/xmc_ccu4.o
 .data          0x00000000        0x0 ./Libraries/XMCLib/src/xmc_ccu4.o
 .bss           0x00000000        0x0 ./Libraries/XMCLib/src/xmc_ccu4.o
 .text.XMC_CCU4_StartPrescaler
                0x00000000       0x1c ./Libraries/XMCLib/src/xmc_ccu4.o
 .text.XMC_CCU4_SLICE_SetDitherCompareValue
                0x00000000       0x1c ./Libraries/XMCLib/src/xmc_ccu4.o
 .text.XMC_CCU4_lGateClock
                0x00000000       0x24 ./Libraries/XMCLib/src/xmc_ccu4.o
 .text.XMC_CCU4_lUngateClock
                0x00000000       0x24 ./Libraries/XMCLib/src/xmc_ccu4.o
 .text.XMC_CCU4_EnableModule
                0x00000000       0x18 ./Libraries/XMCLib/src/xmc_ccu4.o
 .text.XMC_CCU4_DisableModule
                0x00000000       0x18 ./Libraries/XMCLib/src/xmc_ccu4.o
 .text.XMC_CCU4_Init
                0x00000000       0x48 ./Libraries/XMCLib/src/xmc_ccu4.o
 .text.XMC_CCU4_SetModuleClock
                0x00000000       0x34 ./Libraries/XMCLib/src/xmc_ccu4.o
 .text.XMC_CCU4_SetMultiChannelShadowTransferMode
                0x00000000       0x34 ./Libraries/XMCLib/src/xmc_ccu4.o
 .text.XMC_CCU4_SLICE_CompareInit
                0x00000000       0x68 ./Libraries/XMCLib/src/xmc_ccu4.o
 .text.XMC_CCU4_SLICE_CaptureInit
                0x00000000       0x48 ./Libraries/XMCLib/src/xmc_ccu4.o
 .text.XMC_CCU4_SLICE_StartConfig
                0x00000000       0x68 ./Libraries/XMCLib/src/xmc_ccu4.o
 .text.XMC_CCU4_SLICE_StopConfig
                0x00000000       0x64 ./Libraries/XMCLib/src/xmc_ccu4.o
 .text.XMC_CCU4_SLICE_LoadConfig
                0x00000000       0x38 ./Libraries/XMCLib/src/xmc_ccu4.o
 .text.XMC_CCU4_SLICE_ModulationConfig
                0x00000000       0x98 ./Libraries/XMCLib/src/xmc_ccu4.o
 .text.XMC_CCU4_SLICE_CountConfig
                0x00000000       0x38 ./Libraries/XMCLib/src/xmc_ccu4.o
 .text.XMC_CCU4_SLICE_GateConfig
                0x00000000       0x38 ./Libraries/XMCLib/src/xmc_ccu4.o
 .text.XMC_CCU4_SLICE_Capture0Config
                0x00000000       0x34 ./Libraries/XMCLib/src/xmc_ccu4.o
 .text.XMC_CCU4_SLICE_Capture1Config
                0x00000000       0x34 ./Libraries/XMCLib/src/xmc_ccu4.o
 .text.XMC_CCU4_SLICE_DirectionConfig
                0x00000000       0x38 ./Libraries/XMCLib/src/xmc_ccu4.o
 .text.XMC_CCU4_SLICE_StatusBitOverrideConfig
                0x00000000       0x30 ./Libraries/XMCLib/src/xmc_ccu4.o
 .text.XMC_CCU4_SLICE_TrapConfig
                0x00000000       0x8c ./Libraries/XMCLib/src/xmc_ccu4.o
 .text.XMC_CCU4_SLICE_ConfigureStatusBitOverrideEvent
                0x00000000       0xdc ./Libraries/XMCLib/src/xmc_ccu4.o
 .text.XMC_CCU4_SLICE_ConfigureEvent
                0x00000000      0x11c ./Libraries/XMCLib/src/xmc_ccu4.o
 .text.XMC_CCU4_SLICE_SetInput
                0x00000000       0x6c ./Libraries/XMCLib/src/xmc_ccu4.o
 .text.XMC_CCU4_SLICE_SetTimerRepeatMode
                0x00000000       0x38 ./Libraries/XMCLib/src/xmc_ccu4.o
 .text.XMC_CCU4_SLICE_SetTimerCountingMode
                0x00000000       0x38 ./Libraries/XMCLib/src/xmc_ccu4.o
 .text.XMC_CCU4_SLICE_GetCaptureRegisterValue
                0x00000000       0x24 ./Libraries/XMCLib/src/xmc_ccu4.o
 .text.XMC_CCU4_SLICE_GetLastCapturedTimerValue
                0x00000000       0xd4 ./Libraries/XMCLib/src/xmc_ccu4.o
 .text.XMC_CCU4_SLICE_GetCapturedValueFromFifo
                0x00000000       0x34 ./Libraries/XMCLib/src/xmc_ccu4.o
 .text.XMC_CCU4_SLICE_EnableDithering
                0x00000000       0x70 ./Libraries/XMCLib/src/xmc_ccu4.o
 .text.XMC_CCU4_SLICE_SetPrescaler
                0x00000000       0x40 ./Libraries/XMCLib/src/xmc_ccu4.o
 .text.XMC_CCU4_SLICE_SetInterruptNode
                0x00000000       0x98 ./Libraries/XMCLib/src/xmc_ccu4.o
 .rodata.XMC_CCU4_SLICE_SetInterruptNode
                0x00000000       0x28 ./Libraries/XMCLib/src/xmc_ccu4.o
 .text.XMC_CCU4_SLICE_SetPassiveLevel
                0x00000000       0x34 ./Libraries/XMCLib/src/xmc_ccu4.o
 .debug_info    0x00000000     0x1410 ./Libraries/XMCLib/src/xmc_ccu4.o
 .debug_abbrev  0x00000000      0x1eb ./Libraries/XMCLib/src/xmc_ccu4.o
 .debug_loc     0x00000000      0x770 ./Libraries/XMCLib/src/xmc_ccu4.o
 .debug_aranges
                0x00000000      0x128 ./Libraries/XMCLib/src/xmc_ccu4.o
 .debug_ranges  0x00000000      0x118 ./Libraries/XMCLib/src/xmc_ccu4.o
 .debug_line    0x00000000      0x59a ./Libraries/XMCLib/src/xmc_ccu4.o
 .debug_str     0x00000000     0x15c7 ./Libraries/XMCLib/src/xmc_ccu4.o
 .comment       0x00000000       0x71 ./Libraries/XMCLib/src/xmc_ccu4.o
 .debug_frame   0x00000000      0x458 ./Libraries/XMCLib/src/xmc_ccu4.o
 .ARM.attributes
                0x00000000       0x31 ./Libraries/XMCLib/src/xmc_ccu4.o
 .text          0x00000000        0x0 ./Libraries/XMCLib/src/xmc_ccu8.o
 .data          0x00000000        0x0 ./Libraries/XMCLib/src/xmc_ccu8.o
 .bss           0x00000000        0x0 ./Libraries/XMCLib/src/xmc_ccu8.o
 .debug_info    0x00000000       0x72 ./Libraries/XMCLib/src/xmc_ccu8.o
 .debug_abbrev  0x00000000       0x26 ./Libraries/XMCLib/src/xmc_ccu8.o
 .debug_aranges
                0x00000000       0x18 ./Libraries/XMCLib/src/xmc_ccu8.o
 .debug_line    0x00000000       0x1d ./Libraries/XMCLib/src/xmc_ccu8.o
 .debug_str     0x00000000      0x1bf ./Libraries/XMCLib/src/xmc_ccu8.o
 .comment       0x00000000       0x71 ./Libraries/XMCLib/src/xmc_ccu8.o
 .ARM.attributes
                0x00000000       0x31 ./Libraries/XMCLib/src/xmc_ccu8.o
 .text          0x00000000        0x0 ./Libraries/XMCLib/src/xmc_common.o
 .data          0x00000000        0x0 ./Libraries/XMCLib/src/xmc_common.o
 .bss           0x00000000        0x0 ./Libraries/XMCLib/src/xmc_common.o
 .text.XMC_PRIOARRAY_GetHead
                0x00000000       0x24 ./Libraries/XMCLib/src/xmc_common.o
 .text.XMC_PRIOARRAY_GetItemPriority
                0x00000000       0x24 ./Libraries/XMCLib/src/xmc_common.o
 .text.XMC_PRIOARRAY_GetItemNext
                0x00000000       0x24 ./Libraries/XMCLib/src/xmc_common.o
 .text.XMC_LIST_Init
                0x00000000       0x14 ./Libraries/XMCLib/src/xmc_common.o
 .text.XMC_LIST_GetHead
                0x00000000       0x14 ./Libraries/XMCLib/src/xmc_common.o
 .text.XMC_LIST_GetTail
                0x00000000       0x38 ./Libraries/XMCLib/src/xmc_common.o
 .text.XMC_LIST_Add
                0x00000000       0x38 ./Libraries/XMCLib/src/xmc_common.o
 .text.XMC_LIST_Remove
                0x00000000       0x5c ./Libraries/XMCLib/src/xmc_common.o
 .text.XMC_LIST_Insert
                0x00000000       0x38 ./Libraries/XMCLib/src/xmc_common.o
 .text.XMC_PRIOARRAY_Init
                0x00000000       0xa8 ./Libraries/XMCLib/src/xmc_common.o
 .text.XMC_PRIOARRAY_Add
                0x00000000       0xbc ./Libraries/XMCLib/src/xmc_common.o
 .text.XMC_PRIOARRAY_Remove
                0x00000000       0x60 ./Libraries/XMCLib/src/xmc_common.o
 .debug_info    0x00000000      0x447 ./Libraries/XMCLib/src/xmc_common.o
 .debug_abbrev  0x00000000      0x107 ./Libraries/XMCLib/src/xmc_common.o
 .debug_loc     0x00000000      0x2a0 ./Libraries/XMCLib/src/xmc_common.o
 .debug_aranges
                0x00000000       0x78 ./Libraries/XMCLib/src/xmc_common.o
 .debug_ranges  0x00000000       0x68 ./Libraries/XMCLib/src/xmc_common.o
 .debug_line    0x00000000      0x299 ./Libraries/XMCLib/src/xmc_common.o
 .debug_str     0x00000000      0x376 ./Libraries/XMCLib/src/xmc_common.o
 .comment       0x00000000       0x71 ./Libraries/XMCLib/src/xmc_common.o
 .debug_frame   0x00000000      0x190 ./Libraries/XMCLib/src/xmc_common.o
 .ARM.attributes
                0x00000000       0x31 ./Libraries/XMCLib/src/xmc_common.o
 .text          0x00000000        0x0 ./Libraries/XMCLib/src/xmc_eru.o
 .data          0x00000000        0x0 ./Libraries/XMCLib/src/xmc_eru.o
 .bss           0x00000000        0x0 ./Libraries/XMCLib/src/xmc_eru.o
 .text.XMC_ERU_ETL_Init
                0x00000000       0x5c ./Libraries/XMCLib/src/xmc_eru.o
 .text.XMC_ERU_OGU_Init
                0x00000000       0x34 ./Libraries/XMCLib/src/xmc_eru.o
 .text.XMC_ERU_ETL_SetInput
                0x00000000       0x54 ./Libraries/XMCLib/src/xmc_eru.o
 .text.XMC_ERU_ETL_SetSource
                0x00000000       0x48 ./Libraries/XMCLib/src/xmc_eru.o
 .text.XMC_ERU_ETL_SetEdgeDetection
                0x00000000       0x44 ./Libraries/XMCLib/src/xmc_eru.o
 .text.XMC_ERU_ETL_SetStatusFlagMode
                0x00000000       0x44 ./Libraries/XMCLib/src/xmc_eru.o
 .text.XMC_ERU_ETL_EnableOutputTrigger
                0x00000000       0x54 ./Libraries/XMCLib/src/xmc_eru.o
 .text.XMC_ERU_ETL_DisableOutputTrigger
                0x00000000       0x28 ./Libraries/XMCLib/src/xmc_eru.o
 .text.XMC_ERU_OGU_EnablePatternDetection
                0x00000000       0x58 ./Libraries/XMCLib/src/xmc_eru.o
 .text.XMC_ERU_OGU_DisablePatternDetection
                0x00000000       0x28 ./Libraries/XMCLib/src/xmc_eru.o
 .text.XMC_ERU_OGU_EnablePeripheralTrigger
                0x00000000       0x40 ./Libraries/XMCLib/src/xmc_eru.o
 .text.XMC_ERU_OGU_DisablePeripheralTrigger
                0x00000000       0x28 ./Libraries/XMCLib/src/xmc_eru.o
 .text.XMC_ERU_OGU_SetServiceRequestMode
                0x00000000       0x44 ./Libraries/XMCLib/src/xmc_eru.o
 .debug_info    0x00000000      0xa47 ./Libraries/XMCLib/src/xmc_eru.o
 .debug_abbrev  0x00000000      0x1bb ./Libraries/XMCLib/src/xmc_eru.o
 .debug_loc     0x00000000      0x2d8 ./Libraries/XMCLib/src/xmc_eru.o
 .debug_aranges
                0x00000000       0x80 ./Libraries/XMCLib/src/xmc_eru.o
 .debug_ranges  0x00000000       0x70 ./Libraries/XMCLib/src/xmc_eru.o
 .debug_line    0x00000000      0x261 ./Libraries/XMCLib/src/xmc_eru.o
 .debug_str     0x00000000      0xc25 ./Libraries/XMCLib/src/xmc_eru.o
 .comment       0x00000000       0x71 ./Libraries/XMCLib/src/xmc_eru.o
 .debug_frame   0x00000000      0x1d0 ./Libraries/XMCLib/src/xmc_eru.o
 .ARM.attributes
                0x00000000       0x31 ./Libraries/XMCLib/src/xmc_eru.o
 .text          0x00000000        0x0 ./Libraries/XMCLib/src/xmc_gpio.o
 .data          0x00000000        0x0 ./Libraries/XMCLib/src/xmc_gpio.o
 .bss           0x00000000        0x0 ./Libraries/XMCLib/src/xmc_gpio.o
 .text.XMC_GPIO_SetMode
                0x00000000       0x90 ./Libraries/XMCLib/src/xmc_gpio.o
 .text.XMC_GPIO_SetHardwareControl
                0x00000000       0x4c ./Libraries/XMCLib/src/xmc_gpio.o
 .debug_info    0x00000000      0x3a3 ./Libraries/XMCLib/src/xmc_gpio.o
 .debug_abbrev  0x00000000       0xdf ./Libraries/XMCLib/src/xmc_gpio.o
 .debug_loc     0x00000000       0x70 ./Libraries/XMCLib/src/xmc_gpio.o
 .debug_aranges
                0x00000000       0x28 ./Libraries/XMCLib/src/xmc_gpio.o
 .debug_ranges  0x00000000       0x18 ./Libraries/XMCLib/src/xmc_gpio.o
 .debug_line    0x00000000      0x19d ./Libraries/XMCLib/src/xmc_gpio.o
 .debug_str     0x00000000      0x71a ./Libraries/XMCLib/src/xmc_gpio.o
 .comment       0x00000000       0x71 ./Libraries/XMCLib/src/xmc_gpio.o
 .debug_frame   0x00000000       0x54 ./Libraries/XMCLib/src/xmc_gpio.o
 .ARM.attributes
                0x00000000       0x31 ./Libraries/XMCLib/src/xmc_gpio.o
 .text          0x00000000        0x0 ./Libraries/XMCLib/src/xmc_i2c.o
 .data          0x00000000        0x0 ./Libraries/XMCLib/src/xmc_i2c.o
 .bss           0x00000000        0x0 ./Libraries/XMCLib/src/xmc_i2c.o
 .text.XMC_USIC_CH_GetTransmitBufferStatus
                0x00000000       0x1c ./Libraries/XMCLib/src/xmc_i2c.o
 .text.XMC_USIC_CH_SetMode
                0x00000000       0x28 ./Libraries/XMCLib/src/xmc_i2c.o
 .text.XMC_I2C_CH_ClearStatusFlag
                0x00000000       0x1c ./Libraries/XMCLib/src/xmc_i2c.o
 .text.XMC_I2C_CH_Init
                0x00000000       0x54 ./Libraries/XMCLib/src/xmc_i2c.o
 .text.XMC_I2C_CH_SetSlaveAddress
                0x00000000       0x50 ./Libraries/XMCLib/src/xmc_i2c.o
 .text.XMC_I2C_CH_GetSlaveAddress
                0x00000000       0x44 ./Libraries/XMCLib/src/xmc_i2c.o
 .text.XMC_I2C_CH_SetBaudrate
                0x00000000       0x98 ./Libraries/XMCLib/src/xmc_i2c.o
 .text.XMC_I2C_CH_MasterStart
                0x00000000       0x80 ./Libraries/XMCLib/src/xmc_i2c.o
 .text.XMC_I2C_CH_MasterRepeatedStart
                0x00000000       0x80 ./Libraries/XMCLib/src/xmc_i2c.o
 .text.XMC_I2C_CH_MasterStop
                0x00000000       0x54 ./Libraries/XMCLib/src/xmc_i2c.o
 .text.XMC_I2C_CH_MasterTransmit
                0x00000000       0x5c ./Libraries/XMCLib/src/xmc_i2c.o
 .text.XMC_I2C_CH_SlaveTransmit
                0x00000000       0x68 ./Libraries/XMCLib/src/xmc_i2c.o
 .text.XMC_I2C_CH_MasterReceiveAck
                0x00000000       0x54 ./Libraries/XMCLib/src/xmc_i2c.o
 .text.XMC_I2C_CH_MasterReceiveNack
                0x00000000       0x54 ./Libraries/XMCLib/src/xmc_i2c.o
 .text.XMC_I2C_CH_GetReceivedData
                0x00000000       0x40 ./Libraries/XMCLib/src/xmc_i2c.o
 .text.XMC_I2C_CH_Stop
                0x00000000       0x44 ./Libraries/XMCLib/src/xmc_i2c.o
 .text.XMC_I2C_CH_EnableEvent
                0x00000000       0x38 ./Libraries/XMCLib/src/xmc_i2c.o
 .text.XMC_I2C_CH_DisableEvent
                0x00000000       0x3c ./Libraries/XMCLib/src/xmc_i2c.o
 .debug_info    0x00000000      0xa2c ./Libraries/XMCLib/src/xmc_i2c.o
 .debug_abbrev  0x00000000      0x27e ./Libraries/XMCLib/src/xmc_i2c.o
 .debug_loc     0x00000000      0x3f0 ./Libraries/XMCLib/src/xmc_i2c.o
 .debug_aranges
                0x00000000       0xa8 ./Libraries/XMCLib/src/xmc_i2c.o
 .debug_ranges  0x00000000       0x98 ./Libraries/XMCLib/src/xmc_i2c.o
 .debug_line    0x00000000      0x348 ./Libraries/XMCLib/src/xmc_i2c.o
 .debug_str     0x00000000      0xc52 ./Libraries/XMCLib/src/xmc_i2c.o
 .comment       0x00000000       0x71 ./Libraries/XMCLib/src/xmc_i2c.o
 .debug_frame   0x00000000      0x250 ./Libraries/XMCLib/src/xmc_i2c.o
 .ARM.attributes
                0x00000000       0x31 ./Libraries/XMCLib/src/xmc_i2c.o
 .text          0x00000000        0x0 ./Libraries/XMCLib/src/xmc_i2s.o
 .data          0x00000000        0x0 ./Libraries/XMCLib/src/xmc_i2s.o
 .bss           0x00000000        0x0 ./Libraries/XMCLib/src/xmc_i2s.o
 .text.XMC_USIC_CH_GetTransmitBufferStatus
                0x00000000       0x1c ./Libraries/XMCLib/src/xmc_i2s.o
 .text.XMC_USIC_CH_SetMode
                0x00000000       0x28 ./Libraries/XMCLib/src/xmc_i2s.o
 .text.XMC_I2S_CH_ClearStatusFlag
                0x00000000       0x1c ./Libraries/XMCLib/src/xmc_i2s.o
 .text.XMC_I2S_CH_Init
                0x00000000       0x98 ./Libraries/XMCLib/src/xmc_i2s.o
 .text.XMC_I2S_CH_SetBaudrate
                0x00000000       0x58 ./Libraries/XMCLib/src/xmc_i2s.o
 .text.XMC_I2S_CH_SetSystemWordLength
                0x00000000      0x124 ./Libraries/XMCLib/src/xmc_i2s.o
 .text.XMC_I2S_CH_Transmit
                0x00000000       0x78 ./Libraries/XMCLib/src/xmc_i2s.o
 .text.XMC_I2S_CH_GetReceivedData
                0x00000000       0x40 ./Libraries/XMCLib/src/xmc_i2s.o
 .text.XMC_I2S_CH_Stop
                0x00000000       0x44 ./Libraries/XMCLib/src/xmc_i2s.o
 .text.XMC_I2S_CH_EnableEvent
                0x00000000       0x38 ./Libraries/XMCLib/src/xmc_i2s.o
 .text.XMC_I2S_CH_DisableEvent
                0x00000000       0x3c ./Libraries/XMCLib/src/xmc_i2s.o
 .debug_info    0x00000000      0x8e8 ./Libraries/XMCLib/src/xmc_i2s.o
 .debug_abbrev  0x00000000      0x1ed ./Libraries/XMCLib/src/xmc_i2s.o
 .debug_loc     0x00000000      0x268 ./Libraries/XMCLib/src/xmc_i2s.o
 .debug_aranges
                0x00000000       0x70 ./Libraries/XMCLib/src/xmc_i2s.o
 .debug_ranges  0x00000000       0x60 ./Libraries/XMCLib/src/xmc_i2s.o
 .debug_line    0x00000000      0x339 ./Libraries/XMCLib/src/xmc_i2s.o
 .debug_str     0x00000000      0xaf4 ./Libraries/XMCLib/src/xmc_i2s.o
 .comment       0x00000000       0x71 ./Libraries/XMCLib/src/xmc_i2s.o
 .debug_frame   0x00000000      0x170 ./Libraries/XMCLib/src/xmc_i2s.o
 .ARM.attributes
                0x00000000       0x31 ./Libraries/XMCLib/src/xmc_i2s.o
 .text          0x00000000        0x0 ./Libraries/XMCLib/src/xmc_ledts.o
 .data          0x00000000        0x0 ./Libraries/XMCLib/src/xmc_ledts.o
 .bss           0x00000000        0x0 ./Libraries/XMCLib/src/xmc_ledts.o
 .debug_info    0x00000000       0x72 ./Libraries/XMCLib/src/xmc_ledts.o
 .debug_abbrev  0x00000000       0x26 ./Libraries/XMCLib/src/xmc_ledts.o
 .debug_aranges
                0x00000000       0x18 ./Libraries/XMCLib/src/xmc_ledts.o
 .debug_line    0x00000000       0x1d ./Libraries/XMCLib/src/xmc_ledts.o
 .debug_str     0x00000000      0x1c0 ./Libraries/XMCLib/src/xmc_ledts.o
 .comment       0x00000000       0x71 ./Libraries/XMCLib/src/xmc_ledts.o
 .ARM.attributes
                0x00000000       0x31 ./Libraries/XMCLib/src/xmc_ledts.o
 .text          0x00000000        0x0 ./Libraries/XMCLib/src/xmc_math.o
 .data          0x00000000        0x0 ./Libraries/XMCLib/src/xmc_math.o
 .bss           0x00000000        0x0 ./Libraries/XMCLib/src/xmc_math.o
 .debug_info    0x00000000       0x72 ./Libraries/XMCLib/src/xmc_math.o
 .debug_abbrev  0x00000000       0x26 ./Libraries/XMCLib/src/xmc_math.o
 .debug_aranges
                0x00000000       0x18 ./Libraries/XMCLib/src/xmc_math.o
 .debug_line    0x00000000       0x1d ./Libraries/XMCLib/src/xmc_math.o
 .debug_str     0x00000000      0x1bf ./Libraries/XMCLib/src/xmc_math.o
 .comment       0x00000000       0x71 ./Libraries/XMCLib/src/xmc_math.o
 .ARM.attributes
                0x00000000       0x31 ./Libraries/XMCLib/src/xmc_math.o
 .text          0x00000000        0x0 ./Libraries/XMCLib/src/xmc_pau.o
 .data          0x00000000        0x0 ./Libraries/XMCLib/src/xmc_pau.o
 .bss           0x00000000        0x0 ./Libraries/XMCLib/src/xmc_pau.o
 .text.XMC_PAU_EnablePeripheralAccess
                0x00000000       0x38 ./Libraries/XMCLib/src/xmc_pau.o
 .text.XMC_PAU_DisablePeripheralAccess
                0x00000000       0x34 ./Libraries/XMCLib/src/xmc_pau.o
 .text.XMC_PAU_IsPeripheralAccessEnabled
                0x00000000       0x30 ./Libraries/XMCLib/src/xmc_pau.o
 .text.XMC_PAU_IsPeripheralAvailable
                0x00000000       0x30 ./Libraries/XMCLib/src/xmc_pau.o
 .debug_info    0x00000000      0x35f ./Libraries/XMCLib/src/xmc_pau.o
 .debug_abbrev  0x00000000      0x108 ./Libraries/XMCLib/src/xmc_pau.o
 .debug_loc     0x00000000       0xe0 ./Libraries/XMCLib/src/xmc_pau.o
 .debug_aranges
                0x00000000       0x38 ./Libraries/XMCLib/src/xmc_pau.o
 .debug_ranges  0x00000000       0x28 ./Libraries/XMCLib/src/xmc_pau.o
 .debug_line    0x00000000      0x1b1 ./Libraries/XMCLib/src/xmc_pau.o
 .debug_str     0x00000000      0x4d0 ./Libraries/XMCLib/src/xmc_pau.o
 .comment       0x00000000       0x71 ./Libraries/XMCLib/src/xmc_pau.o
 .debug_frame   0x00000000       0x90 ./Libraries/XMCLib/src/xmc_pau.o
 .ARM.attributes
                0x00000000       0x31 ./Libraries/XMCLib/src/xmc_pau.o
 .text          0x00000000        0x0 ./Libraries/XMCLib/src/xmc_posif.o
 .data          0x00000000        0x0 ./Libraries/XMCLib/src/xmc_posif.o
 .bss           0x00000000        0x0 ./Libraries/XMCLib/src/xmc_posif.o
 .debug_info    0x00000000       0x72 ./Libraries/XMCLib/src/xmc_posif.o
 .debug_abbrev  0x00000000       0x26 ./Libraries/XMCLib/src/xmc_posif.o
 .debug_aranges
                0x00000000       0x18 ./Libraries/XMCLib/src/xmc_posif.o
 .debug_line    0x00000000       0x1d ./Libraries/XMCLib/src/xmc_posif.o
 .debug_str     0x00000000      0x1c0 ./Libraries/XMCLib/src/xmc_posif.o
 .comment       0x00000000       0x71 ./Libraries/XMCLib/src/xmc_posif.o
 .ARM.attributes
                0x00000000       0x31 ./Libraries/XMCLib/src/xmc_posif.o
 .text          0x00000000        0x0 ./Libraries/XMCLib/src/xmc_prng.o
 .data          0x00000000        0x0 ./Libraries/XMCLib/src/xmc_prng.o
 .bss           0x00000000        0x0 ./Libraries/XMCLib/src/xmc_prng.o
 .text.XMC_PRNG_SetRandomDataBlockSize
                0x00000000       0x34 ./Libraries/XMCLib/src/xmc_prng.o
 .text.XMC_PRNG_CheckValidStatus
                0x00000000       0x1c ./Libraries/XMCLib/src/xmc_prng.o
 .text.XMC_PRNG_EnableKeyLoadingMode
                0x00000000       0x1c ./Libraries/XMCLib/src/xmc_prng.o
 .text.XMC_PRNG_EnableStreamingMode
                0x00000000       0x1c ./Libraries/XMCLib/src/xmc_prng.o
 .text.XMC_PRNG_LoadKeyWords
                0x00000000       0x20 ./Libraries/XMCLib/src/xmc_prng.o
 .text.XMC_PRNG_Init
                0x00000000       0xd8 ./Libraries/XMCLib/src/xmc_prng.o
 .debug_info    0x00000000      0x2c4 ./Libraries/XMCLib/src/xmc_prng.o
 .debug_abbrev  0x00000000      0x15f ./Libraries/XMCLib/src/xmc_prng.o
 .debug_loc     0x00000000      0x12c ./Libraries/XMCLib/src/xmc_prng.o
 .debug_aranges
                0x00000000       0x48 ./Libraries/XMCLib/src/xmc_prng.o
 .debug_ranges  0x00000000       0x38 ./Libraries/XMCLib/src/xmc_prng.o
 .debug_line    0x00000000      0x282 ./Libraries/XMCLib/src/xmc_prng.o
 .debug_str     0x00000000      0x3c8 ./Libraries/XMCLib/src/xmc_prng.o
 .comment       0x00000000       0x71 ./Libraries/XMCLib/src/xmc_prng.o
 .debug_frame   0x00000000       0xc4 ./Libraries/XMCLib/src/xmc_prng.o
 .ARM.attributes
                0x00000000       0x31 ./Libraries/XMCLib/src/xmc_prng.o
 .text          0x00000000        0x0 ./Libraries/XMCLib/src/xmc_rtc.o
 .data          0x00000000        0x0 ./Libraries/XMCLib/src/xmc_rtc.o
 .bss           0x00000000        0x0 ./Libraries/XMCLib/src/xmc_rtc.o
 .text.XMC_SCU_GetMirrorStatus
                0x00000000       0x14 ./Libraries/XMCLib/src/xmc_rtc.o
 .text.XMC_RTC_Start
                0x00000000       0x28 ./Libraries/XMCLib/src/xmc_rtc.o
 .text.XMC_RTC_Stop
                0x00000000       0x28 ./Libraries/XMCLib/src/xmc_rtc.o
 .text.XMC_RTC_SetPrescaler
                0x00000000       0x38 ./Libraries/XMCLib/src/xmc_rtc.o
 .text.XMC_RTC_SetTime
                0x00000000       0x30 ./Libraries/XMCLib/src/xmc_rtc.o
 .text.XMC_RTC_GetTime
                0x00000000       0x24 ./Libraries/XMCLib/src/xmc_rtc.o
 .text.XMC_RTC_GetTimeStdFormat
                0x00000000       0xa4 ./Libraries/XMCLib/src/xmc_rtc.o
 .text.XMC_RTC_SetAlarm
                0x00000000       0x30 ./Libraries/XMCLib/src/xmc_rtc.o
 .text.XMC_RTC_GetAlarm
                0x00000000       0x24 ./Libraries/XMCLib/src/xmc_rtc.o
 .text.XMC_RTC_GetAlarmStdFormat
                0x00000000       0x94 ./Libraries/XMCLib/src/xmc_rtc.o
 .text.XMC_RTC_GetEventStatus
                0x00000000       0x14 ./Libraries/XMCLib/src/xmc_rtc.o
 .debug_info    0x00000000      0x6f4 ./Libraries/XMCLib/src/xmc_rtc.o
 .debug_abbrev  0x00000000      0x1c0 ./Libraries/XMCLib/src/xmc_rtc.o
 .debug_loc     0x00000000      0x238 ./Libraries/XMCLib/src/xmc_rtc.o
 .debug_aranges
                0x00000000       0x70 ./Libraries/XMCLib/src/xmc_rtc.o
 .debug_ranges  0x00000000       0x60 ./Libraries/XMCLib/src/xmc_rtc.o
 .debug_line    0x00000000      0x337 ./Libraries/XMCLib/src/xmc_rtc.o
 .debug_str     0x00000000      0x480 ./Libraries/XMCLib/src/xmc_rtc.o
 .comment       0x00000000       0x71 ./Libraries/XMCLib/src/xmc_rtc.o
 .debug_frame   0x00000000      0x160 ./Libraries/XMCLib/src/xmc_rtc.o
 .ARM.attributes
                0x00000000       0x31 ./Libraries/XMCLib/src/xmc_rtc.o
 .text          0x00000000        0x0 ./Libraries/XMCLib/src/xmc_spi.o
 .data          0x00000000        0x0 ./Libraries/XMCLib/src/xmc_spi.o
 .bss           0x00000000        0x0 ./Libraries/XMCLib/src/xmc_spi.o
 .text.XMC_USIC_CH_GetTransmitBufferStatus
                0x00000000       0x1c ./Libraries/XMCLib/src/xmc_spi.o
 .text.XMC_USIC_CH_SetMode
                0x00000000       0x28 ./Libraries/XMCLib/src/xmc_spi.o
 .text.XMC_SPI_CH_ClearStatusFlag
                0x00000000       0x1c ./Libraries/XMCLib/src/xmc_spi.o
 .text.XMC_SPI_CH_Init
                0x00000000       0x6c ./Libraries/XMCLib/src/xmc_spi.o
 .text.XMC_SPI_CH_SetBaudrate
                0x00000000       0x48 ./Libraries/XMCLib/src/xmc_spi.o
 .text.XMC_SPI_CH_EnableSlaveSelect
                0x00000000       0x2c ./Libraries/XMCLib/src/xmc_spi.o
 .text.XMC_SPI_CH_DisableSlaveSelect
                0x00000000       0x28 ./Libraries/XMCLib/src/xmc_spi.o
 .text.XMC_SPI_CH_Transmit
                0x00000000       0x8c ./Libraries/XMCLib/src/xmc_spi.o
 .text.XMC_SPI_CH_GetReceivedData
                0x00000000       0x40 ./Libraries/XMCLib/src/xmc_spi.o
 .text.XMC_SPI_CH_SetInterwordDelay
                0x00000000      0x138 ./Libraries/XMCLib/src/xmc_spi.o
 .text.XMC_SPI_CH_Stop
                0x00000000       0x44 ./Libraries/XMCLib/src/xmc_spi.o
 .text.XMC_SPI_CH_EnableEvent
                0x00000000       0x34 ./Libraries/XMCLib/src/xmc_spi.o
 .text.XMC_SPI_CH_DisableEvent
                0x00000000       0x38 ./Libraries/XMCLib/src/xmc_spi.o
 .debug_info    0x00000000      0x9fe ./Libraries/XMCLib/src/xmc_spi.o
 .debug_abbrev  0x00000000      0x207 ./Libraries/XMCLib/src/xmc_spi.o
 .debug_loc     0x00000000      0x2da ./Libraries/XMCLib/src/xmc_spi.o
 .debug_aranges
                0x00000000       0x80 ./Libraries/XMCLib/src/xmc_spi.o
 .debug_ranges  0x00000000       0x70 ./Libraries/XMCLib/src/xmc_spi.o
 .debug_line    0x00000000      0x365 ./Libraries/XMCLib/src/xmc_spi.o
 .debug_str     0x00000000      0xcde ./Libraries/XMCLib/src/xmc_spi.o
 .comment       0x00000000       0x71 ./Libraries/XMCLib/src/xmc_spi.o
 .debug_frame   0x00000000      0x1b0 ./Libraries/XMCLib/src/xmc_spi.o
 .ARM.attributes
                0x00000000       0x31 ./Libraries/XMCLib/src/xmc_spi.o
 .text          0x00000000        0x0 ./Libraries/XMCLib/src/xmc_uart.o
 .data          0x00000000        0x0 ./Libraries/XMCLib/src/xmc_uart.o
 .bss           0x00000000        0x0 ./Libraries/XMCLib/src/xmc_uart.o
 .text.XMC_USIC_CH_GetTransmitBufferStatus
                0x00000000       0x1c ./Libraries/XMCLib/src/xmc_uart.o
 .text.XMC_USIC_CH_SetMode
                0x00000000       0x28 ./Libraries/XMCLib/src/xmc_uart.o
 .text.XMC_UART_CH_ClearStatusFlag
                0x00000000       0x18 ./Libraries/XMCLib/src/xmc_uart.o
 .text.XMC_UART_CH_Init
                0x00000000       0xb0 ./Libraries/XMCLib/src/xmc_uart.o
 .text.XMC_UART_CH_SetBaudrate
                0x00000000       0x54 ./Libraries/XMCLib/src/xmc_uart.o
 .text.XMC_UART_CH_Transmit
                0x00000000       0x5c ./Libraries/XMCLib/src/xmc_uart.o
 .text.XMC_UART_CH_GetReceivedData
                0x00000000       0x40 ./Libraries/XMCLib/src/xmc_uart.o
 .text.XMC_UART_CH_Stop
                0x00000000       0x44 ./Libraries/XMCLib/src/xmc_uart.o
 .text.XMC_UART_CH_EnableEvent
                0x00000000       0x34 ./Libraries/XMCLib/src/xmc_uart.o
 .text.XMC_UART_CH_DisableEvent
                0x00000000       0x38 ./Libraries/XMCLib/src/xmc_uart.o
 .debug_info    0x00000000      0x835 ./Libraries/XMCLib/src/xmc_uart.o
 .debug_abbrev  0x00000000      0x1ed ./Libraries/XMCLib/src/xmc_uart.o
 .debug_loc     0x00000000      0x230 ./Libraries/XMCLib/src/xmc_uart.o
 .debug_aranges
                0x00000000       0x68 ./Libraries/XMCLib/src/xmc_uart.o
 .debug_ranges  0x00000000       0x58 ./Libraries/XMCLib/src/xmc_uart.o
 .debug_line    0x00000000      0x2fb ./Libraries/XMCLib/src/xmc_uart.o
 .debug_str     0x00000000      0xaa8 ./Libraries/XMCLib/src/xmc_uart.o
 .comment       0x00000000       0x71 ./Libraries/XMCLib/src/xmc_uart.o
 .debug_frame   0x00000000      0x150 ./Libraries/XMCLib/src/xmc_uart.o
 .ARM.attributes
                0x00000000       0x31 ./Libraries/XMCLib/src/xmc_uart.o
 .text          0x00000000        0x0 ./Libraries/XMCLib/src/xmc_usic.o
 .data          0x00000000        0x0 ./Libraries/XMCLib/src/xmc_usic.o
 .bss           0x00000000        0x0 ./Libraries/XMCLib/src/xmc_usic.o
 .text.XMC_USIC_CH_SetInputTriggerCombinationMode
                0x00000000       0x4c ./Libraries/XMCLib/src/xmc_usic.o
 .text.XMC_USIC_CH_SetBRGInputClockSource
                0x00000000       0x28 ./Libraries/XMCLib/src/xmc_usic.o
 .text.XMC_USIC_CH_Enable
                0x00000000       0x50 ./Libraries/XMCLib/src/xmc_usic.o
 .text.XMC_USIC_CH_Disable
                0x00000000       0x20 ./Libraries/XMCLib/src/xmc_usic.o
 .text.XMC_USIC_CH_SetBaudrate
                0x00000000       0xec ./Libraries/XMCLib/src/xmc_usic.o
 .text.XMC_USIC_CH_ConfigExternalInputSignalToBRG
                0x00000000       0x64 ./Libraries/XMCLib/src/xmc_usic.o
 .text.XMC_USIC_CH_TXFIFO_Configure
                0x00000000       0x5c ./Libraries/XMCLib/src/xmc_usic.o
 .text.XMC_USIC_CH_RXFIFO_Configure
                0x00000000       0x64 ./Libraries/XMCLib/src/xmc_usic.o
 .text.XMC_USIC_CH_TXFIFO_SetSizeTriggerLimit
                0x00000000       0x5c ./Libraries/XMCLib/src/xmc_usic.o
 .text.XMC_USIC_CH_RXFIFO_SetSizeTriggerLimit
                0x00000000       0x5c ./Libraries/XMCLib/src/xmc_usic.o
 .text.XMC_USIC_CH_SetInterruptNodePointer
                0x00000000       0x40 ./Libraries/XMCLib/src/xmc_usic.o
 .text.XMC_USIC_CH_TXFIFO_SetInterruptNodePointer
                0x00000000       0x48 ./Libraries/XMCLib/src/xmc_usic.o
 .text.XMC_USIC_CH_RXFIFO_SetInterruptNodePointer
                0x00000000       0x48 ./Libraries/XMCLib/src/xmc_usic.o
 .text.XMC_USIC_Enable
                0x00000000       0x20 ./Libraries/XMCLib/src/xmc_usic.o
 .text.XMC_USIC_Disable
                0x00000000       0x20 ./Libraries/XMCLib/src/xmc_usic.o
 .debug_info    0x00000000      0xa75 ./Libraries/XMCLib/src/xmc_usic.o
 .debug_abbrev  0x00000000      0x1da ./Libraries/XMCLib/src/xmc_usic.o
 .debug_loc     0x00000000      0x34a ./Libraries/XMCLib/src/xmc_usic.o
 .debug_aranges
                0x00000000       0x90 ./Libraries/XMCLib/src/xmc_usic.o
 .debug_ranges  0x00000000       0x80 ./Libraries/XMCLib/src/xmc_usic.o
 .debug_line    0x00000000      0x3b2 ./Libraries/XMCLib/src/xmc_usic.o
 .debug_str     0x00000000      0xdab ./Libraries/XMCLib/src/xmc_usic.o
 .comment       0x00000000       0x71 ./Libraries/XMCLib/src/xmc_usic.o
 .debug_frame   0x00000000      0x1f0 ./Libraries/XMCLib/src/xmc_usic.o
 .ARM.attributes
                0x00000000       0x31 ./Libraries/XMCLib/src/xmc_usic.o
 .text          0x00000000        0x0 ./Libraries/XMCLib/src/xmc_vadc.o
 .data          0x00000000        0x0 ./Libraries/XMCLib/src/xmc_vadc.o
 .bss           0x00000000        0x0 ./Libraries/XMCLib/src/xmc_vadc.o
 .text.XMC_VADC_GLOBAL_EnableModule
                0x00000000       0x10 ./Libraries/XMCLib/src/xmc_vadc.o
 .text.XMC_VADC_GLOBAL_DisableModule
                0x00000000       0x10 ./Libraries/XMCLib/src/xmc_vadc.o
 .text.XMC_VADC_GLOBAL_Init
                0x00000000       0x78 ./Libraries/XMCLib/src/xmc_vadc.o
 .text.XMC_VADC_GLOBAL_InputClassInit
                0x00000000       0x2c ./Libraries/XMCLib/src/xmc_vadc.o
 .text.XMC_VADC_GLOBAL_StartupCalibration
                0x00000000       0x2c ./Libraries/XMCLib/src/xmc_vadc.o
 .text.XMC_VADC_GLOBAL_SetCompareValue
                0x00000000       0x44 ./Libraries/XMCLib/src/xmc_vadc.o
 .text.XMC_VADC_GLOBAL_GetCompareResult
                0x00000000       0x40 ./Libraries/XMCLib/src/xmc_vadc.o
 .text.XMC_VADC_GLOBAL_SetResultEventInterruptNode
                0x00000000       0x60 ./Libraries/XMCLib/src/xmc_vadc.o
 .text.XMC_VADC_GLOBAL_BackgroundSetReqSrcEventInterruptNode
                0x00000000       0x58 ./Libraries/XMCLib/src/xmc_vadc.o
 .text.XMC_VADC_GLOBAL_BackgroundInit
                0x00000000       0x38 ./Libraries/XMCLib/src/xmc_vadc.o
 .text.XMC_VADC_GLOBAL_BackgroundSelectTrigger
                0x00000000       0x44 ./Libraries/XMCLib/src/xmc_vadc.o
 .text.XMC_VADC_GLOBAL_BackgroundSelectTriggerEdge
                0x00000000       0x4c ./Libraries/XMCLib/src/xmc_vadc.o
 .text.XMC_VADC_GLOBAL_BackgroundSelectGating
                0x00000000       0x44 ./Libraries/XMCLib/src/xmc_vadc.o
 .text.XMC_VADC_GLOBAL_BackgroundAbortSequence
                0x00000000       0x50 ./Libraries/XMCLib/src/xmc_vadc.o
 .text.XMC_VADC_GLOBAL_BackgroundGetNumChannelsPending
                0x00000000       0x68 ./Libraries/XMCLib/src/xmc_vadc.o
 .debug_info    0x00000000      0xd31 ./Libraries/XMCLib/src/xmc_vadc.o
 .debug_abbrev  0x00000000      0x207 ./Libraries/XMCLib/src/xmc_vadc.o
 .debug_loc     0x00000000      0x330 ./Libraries/XMCLib/src/xmc_vadc.o
 .debug_aranges
                0x00000000       0x90 ./Libraries/XMCLib/src/xmc_vadc.o
 .debug_ranges  0x00000000       0x80 ./Libraries/XMCLib/src/xmc_vadc.o
 .debug_line    0x00000000      0x38a ./Libraries/XMCLib/src/xmc_vadc.o
 .debug_str     0x00000000      0xb6e ./Libraries/XMCLib/src/xmc_vadc.o
 .comment       0x00000000       0x71 ./Libraries/XMCLib/src/xmc_vadc.o
 .debug_frame   0x00000000      0x1e8 ./Libraries/XMCLib/src/xmc_vadc.o
 .ARM.attributes
                0x00000000       0x31 ./Libraries/XMCLib/src/xmc_vadc.o
 .text          0x00000000        0x0 ./Libraries/XMCLib/src/xmc_wdt.o
 .data          0x00000000        0x0 ./Libraries/XMCLib/src/xmc_wdt.o
 .bss           0x00000000        0x0 ./Libraries/XMCLib/src/xmc_wdt.o
 .text.XMC_WDT_Enable
                0x00000000       0x14 ./Libraries/XMCLib/src/xmc_wdt.o
 .text.XMC_WDT_Disable
                0x00000000       0x14 ./Libraries/XMCLib/src/xmc_wdt.o
 .text.XMC_WDT_Init
                0x00000000       0x30 ./Libraries/XMCLib/src/xmc_wdt.o
 .debug_info    0x00000000      0x263 ./Libraries/XMCLib/src/xmc_wdt.o
 .debug_abbrev  0x00000000      0x15c ./Libraries/XMCLib/src/xmc_wdt.o
 .debug_loc     0x00000000       0x90 ./Libraries/XMCLib/src/xmc_wdt.o
 .debug_aranges
                0x00000000       0x30 ./Libraries/XMCLib/src/xmc_wdt.o
 .debug_ranges  0x00000000       0x20 ./Libraries/XMCLib/src/xmc_wdt.o
 .debug_line    0x00000000      0x24b ./Libraries/XMCLib/src/xmc_wdt.o
 .debug_str     0x00000000      0x36c ./Libraries/XMCLib/src/xmc_wdt.o
 .comment       0x00000000       0x71 ./Libraries/XMCLib/src/xmc_wdt.o
 .debug_frame   0x00000000       0x68 ./Libraries/XMCLib/src/xmc_wdt.o
 .ARM.attributes
                0x00000000       0x31 ./Libraries/XMCLib/src/xmc_wdt.o
 .text          0x00000000        0x0 ./Libraries/Newlib/syscalls.o
 .data          0x00000000        0x0 ./Libraries/Newlib/syscalls.o
 .bss           0x00000000        0x0 ./Libraries/Newlib/syscalls.o
 .text._open    0x00000000       0x18 ./Libraries/Newlib/syscalls.o
 .text._lseek   0x00000000       0x18 ./Libraries/Newlib/syscalls.o
 .text._read    0x00000000       0x18 ./Libraries/Newlib/syscalls.o
 .text._write   0x00000000       0x18 ./Libraries/Newlib/syscalls.o
 .text._close   0x00000000       0x10 ./Libraries/Newlib/syscalls.o
 .text._fstat   0x00000000       0x24 ./Libraries/Newlib/syscalls.o
 .text._link    0x00000000       0x24 ./Libraries/Newlib/syscalls.o
 .text._unlink  0x00000000       0x14 ./Libraries/Newlib/syscalls.o
 .text._sbrk    0x00000000       0x6c ./Libraries/Newlib/syscalls.o
 .text._times   0x00000000       0x14 ./Libraries/Newlib/syscalls.o
 .text._wait    0x00000000       0x14 ./Libraries/Newlib/syscalls.o
 .text._kill    0x00000000       0x18 ./Libraries/Newlib/syscalls.o
 .text._fork    0x00000000       0x10 ./Libraries/Newlib/syscalls.o
 .text._getpid  0x00000000       0x10 ./Libraries/Newlib/syscalls.o
 .text._exit    0x00000000        0xc ./Libraries/Newlib/syscalls.o
 .text._isatty  0x00000000       0x14 ./Libraries/Newlib/syscalls.o
 .bss.__dso_handle
                0x00000000        0x4 ./Libraries/Newlib/syscalls.o
 .bss.heap.4702
                0x00000000        0x4 ./Libraries/Newlib/syscalls.o
 .bss.HeapBound.4701
                0x00000000        0x4 ./Libraries/Newlib/syscalls.o
 .comment       0x00000000       0x71 ./Libraries/Newlib/syscalls.o
 .text          0x00000000        0x0 ./main.o
 .data          0x00000000        0x0 ./main.o
 .bss           0x00000000        0x0 ./main.o
 .comment       0x00000000       0x71 ./main.o
 .data          0x00000000        0x0 c:/davev4-64bit/dave-4.2.6/eclipse/arm-gcc-49/bin/../lib/gcc/arm-none-eabi/4.9.3/armv6-m\libgcc.a(_udivsi3.o)
 .bss           0x00000000        0x0 c:/davev4-64bit/dave-4.2.6/eclipse/arm-gcc-49/bin/../lib/gcc/arm-none-eabi/4.9.3/armv6-m\libgcc.a(_udivsi3.o)
 .text          0x00000000      0x1e0 c:/davev4-64bit/dave-4.2.6/eclipse/arm-gcc-49/bin/../lib/gcc/arm-none-eabi/4.9.3/armv6-m\libgcc.a(_divsi3.o)
 .data          0x00000000        0x0 c:/davev4-64bit/dave-4.2.6/eclipse/arm-gcc-49/bin/../lib/gcc/arm-none-eabi/4.9.3/armv6-m\libgcc.a(_divsi3.o)
 .bss           0x00000000        0x0 c:/davev4-64bit/dave-4.2.6/eclipse/arm-gcc-49/bin/../lib/gcc/arm-none-eabi/4.9.3/armv6-m\libgcc.a(_divsi3.o)
 .debug_frame   0x00000000       0x20 c:/davev4-64bit/dave-4.2.6/eclipse/arm-gcc-49/bin/../lib/gcc/arm-none-eabi/4.9.3/armv6-m\libgcc.a(_divsi3.o)
 .ARM.attributes
                0x00000000       0x1e c:/davev4-64bit/dave-4.2.6/eclipse/arm-gcc-49/bin/../lib/gcc/arm-none-eabi/4.9.3/armv6-m\libgcc.a(_divsi3.o)
 .data          0x00000000        0x0 c:/davev4-64bit/dave-4.2.6/eclipse/arm-gcc-49/bin/../lib/gcc/arm-none-eabi/4.9.3/armv6-m\libgcc.a(_dvmd_tls.o)
 .bss           0x00000000        0x0 c:/davev4-64bit/dave-4.2.6/eclipse/arm-gcc-49/bin/../lib/gcc/arm-none-eabi/4.9.3/armv6-m\libgcc.a(_dvmd_tls.o)
 .text          0x00000000        0x0 c:/davev4-64bit/dave-4.2.6/eclipse/arm-gcc-49/bin/../lib/gcc/arm-none-eabi/4.9.3/../../../../arm-none-eabi/lib/armv6-m\libg_nano.a(lib_a-init.o)
 .data          0x00000000        0x0 c:/davev4-64bit/dave-4.2.6/eclipse/arm-gcc-49/bin/../lib/gcc/arm-none-eabi/4.9.3/../../../../arm-none-eabi/lib/armv6-m\libg_nano.a(lib_a-init.o)
 .bss           0x00000000        0x0 c:/davev4-64bit/dave-4.2.6/eclipse/arm-gcc-49/bin/../lib/gcc/arm-none-eabi/4.9.3/../../../../arm-none-eabi/lib/armv6-m\libg_nano.a(lib_a-init.o)
 .text          0x00000000        0x0 c:/davev4-64bit/dave-4.2.6/eclipse/arm-gcc-49/bin/../lib/gcc/arm-none-eabi/4.9.3/../../../../arm-none-eabi/lib/armv6-m\libg_nano.a(lib_a-strlen.o)
 .data          0x00000000        0x0 c:/davev4-64bit/dave-4.2.6/eclipse/arm-gcc-49/bin/../lib/gcc/arm-none-eabi/4.9.3/../../../../arm-none-eabi/lib/armv6-m\libg_nano.a(lib_a-strlen.o)
 .bss           0x00000000        0x0 c:/davev4-64bit/dave-4.2.6/eclipse/arm-gcc-49/bin/../lib/gcc/arm-none-eabi/4.9.3/../../../../arm-none-eabi/lib/armv6-m\libg_nano.a(lib_a-strlen.o)

Memory Configuration

Name             Origin             Length             Attributes
FLASH            0x10001000         0x00010000         xr
SRAM             0x20000000         0x00004000         !xr
*default*        0x00000000         0xffffffff

Linker script and memory map

LOAD ./Startup/startup_XMC1100.o
LOAD ./Startup/system_XMC1100.o
LOAD ./Libraries/XMCLib/src/xmc1_eru.o
LOAD ./Libraries/XMCLib/src/xmc1_flash.o
LOAD ./Libraries/XMCLib/src/xmc1_gpio.o
LOAD ./Libraries/XMCLib/src/xmc1_rtc.o
LOAD ./Libraries/XMCLib/src/xmc1_scu.o
LOAD ./Libraries/XMCLib/src/xmc_acmp.o
LOAD ./Libraries/XMCLib/src/xmc_bccu.o
LOAD ./Libraries/XMCLib/src/xmc_can.o
LOAD ./Libraries/XMCLib/src/xmc_ccu4.o
LOAD ./Libraries/XMCLib/src/xmc_ccu8.o
LOAD ./Libraries/XMCLib/src/xmc_common.o
LOAD ./Libraries/XMCLib/src/xmc_eru.o
LOAD ./Libraries/XMCLib/src/xmc_gpio.o
LOAD ./Libraries/XMCLib/src/xmc_i2c.o
LOAD ./Libraries/XMCLib/src/xmc_i2s.o
LOAD ./Libraries/XMCLib/src/xmc_ledts.o
LOAD ./Libraries/XMCLib/src/xmc_math.o
LOAD ./Libraries/XMCLib/src/xmc_pau.o
LOAD ./Libraries/XMCLib/src/xmc_posif.o
LOAD ./Libraries/XMCLib/src/xmc_prng.o
LOAD ./Libraries/XMCLib/src/xmc_rtc.o
LOAD ./Libraries/XMCLib/src/xmc_spi.o
LOAD ./Libraries/XMCLib/src/xmc_uart.o
LOAD ./Libraries/XMCLib/src/xmc_usic.o
LOAD ./Libraries/XMCLib/src/xmc_vadc.o
LOAD ./Libraries/XMCLib/src/xmc_wdt.o
LOAD ./Libraries/Newlib/syscalls.o
LOAD ./main.o
LOAD c:/davev4-64bit/dave-4.2.6/eclipse/arm-gcc-49/bin/../lib/gcc/arm-none-eabi/4.9.3/../../../../arm-none-eabi/lib/armv6-m\libm.a
START GROUP
LOAD c:/davev4-64bit/dave-4.2.6/eclipse/arm-gcc-49/bin/../lib/gcc/arm-none-eabi/4.9.3/armv6-m\libgcc.a
LOAD c:/davev4-64bit/dave-4.2.6/eclipse/arm-gcc-49/bin/../lib/gcc/arm-none-eabi/4.9.3/../../../../arm-none-eabi/lib/armv6-m\libg_nano.a
LOAD c:/davev4-64bit/dave-4.2.6/eclipse/arm-gcc-49/bin/../lib/gcc/arm-none-eabi/4.9.3/../../../../arm-none-eabi/lib/armv6-m\libc_nano.a
END GROUP
START GROUP
LOAD c:/davev4-64bit/dave-4.2.6/eclipse/arm-gcc-49/bin/../lib/gcc/arm-none-eabi/4.9.3/armv6-m\libgcc.a
LOAD c:/davev4-64bit/dave-4.2.6/eclipse/arm-gcc-49/bin/../lib/gcc/arm-none-eabi/4.9.3/../../../../arm-none-eabi/lib/armv6-m\libc_nano.a
END GROUP
                0x00000400                stack_size = 0x400

.text           0x10001000      0x868
                0x10001000                sText = .
 *(.reset)
 .reset         0x10001000       0x9c ./Startup/startup_XMC1100.o
                0x10001000                __Vectors
                0x10001018                Reset_Handler
                0x10001098                USIC0_5_IRQHandler
                0x10001098                HardFault_Handler
                0x10001098                PendSV_Handler
                0x10001098                CCU40_2_IRQHandler
                0x10001098                VADC0_C0_0_IRQHandler
                0x10001098                ERU0_0_IRQHandler
                0x10001098                USIC0_0_IRQHandler
                0x10001098                ERU0_2_IRQHandler
                0x10001098                ERU0_3_IRQHandler
                0x10001098                SCU_0_IRQHandler
                0x10001098                CCU40_0_IRQHandler
                0x10001098                VADC0_C0_1_IRQHandler
                0x10001098                SVC_Handler
                0x10001098                USIC0_3_IRQHandler
                0x10001098                CCU40_1_IRQHandler
                0x10001098                SCU_2_IRQHandler
                0x10001098                USIC0_1_IRQHandler
                0x10001098                CCU40_3_IRQHandler
                0x10001098                USIC0_4_IRQHandler
                0x10001098                SCU_1_IRQHandler
                0x10001098                ERU0_1_IRQHandler
                0x10001098                USIC0_2_IRQHandler
                0x10001098                Default_handler
 *(.text .text.* .gnu.linkonce.t.*)
 .text.SystemInit
                0x1000109c       0x10 ./Startup/system_XMC1100.o
                0x1000109c                SystemInit
 .text.SystemCoreSetup
                0x100010ac        0x8 ./Startup/system_XMC1100.o
                0x100010ac                SystemCoreSetup
 .text.SystemCoreClockSetup
                0x100010b4       0x38 ./Startup/system_XMC1100.o
                0x100010b4                SystemCoreClockSetup
 .text.SystemCoreClockUpdate
                0x100010ec       0x68 ./Startup/system_XMC1100.o
                0x100010ec                SystemCoreClockUpdate
 .text._init    0x10001154        0x8 ./Libraries/Newlib/syscalls.o
                0x10001154                _init
 .text.NVIC_SetPriority
                0x1000115c       0xd4 ./main.o
 .text.SysTick_Config
                0x10001230       0x48 ./main.o
 .text.P1_0_set_mode
                0x10001278       0x30 ./main.o
 .text.P1_0_reset
                0x100012a8       0x14 ./main.o
 .text.P1_0_toggle
                0x100012bc       0x18 ./main.o
 .text.P1_1_set_mode
                0x100012d4       0x38 ./main.o
 .text.P1_1_set
                0x1000130c       0x14 ./main.o
 .text.P1_1_toggle
                0x10001320       0x18 ./main.o
 .text.P2_1_set_mode
                0x10001338       0x38 ./main.o
 .text.P2_1_enable_digital
                0x10001370       0x18 ./main.o
 .text.P2_2_set_mode
                0x10001388       0x38 ./main.o
 .text.P2_2_enable_digital
                0x100013c0       0x18 ./main.o
 .text.main     0x100013d8       0x98 ./main.o
                0x100013d8                main
 .text.UART_Init
                0x10001470      0x1c8 ./main.o
                0x10001470                UART_Init
 .text.SysTick_Handler
                0x10001638       0xb0 ./main.o
                0x10001638                SysTick_Handler
 .text          0x100016e8      0x120 c:/davev4-64bit/dave-4.2.6/eclipse/arm-gcc-49/bin/../lib/gcc/arm-none-eabi/4.9.3/armv6-m\libgcc.a(_udivsi3.o)
                0x100016e8                __aeabi_uidiv
                0x100016e8                __udivsi3
                0x100017f4                __aeabi_uidivmod
 .text          0x10001808        0x4 c:/davev4-64bit/dave-4.2.6/eclipse/arm-gcc-49/bin/../lib/gcc/arm-none-eabi/4.9.3/armv6-m\libgcc.a(_dvmd_tls.o)
                0x10001808                __aeabi_idiv0
                0x10001808                __aeabi_ldiv0
 .text.__libc_init_array
                0x1000180c       0x4c c:/davev4-64bit/dave-4.2.6/eclipse/arm-gcc-49/bin/../lib/gcc/arm-none-eabi/4.9.3/../../../../arm-none-eabi/lib/armv6-m\libg_nano.a(lib_a-init.o)
                0x1000180c                __libc_init_array
 .text.strlen   0x10001858        0xe c:/davev4-64bit/dave-4.2.6/eclipse/arm-gcc-49/bin/../lib/gcc/arm-none-eabi/4.9.3/../../../../arm-none-eabi/lib/armv6-m\libg_nano.a(lib_a-strlen.o)
                0x10001858                strlen
 *(.glue*)
 .glue_7        0x00000000        0x0 linker stubs
 .glue_7t       0x00000000        0x0 linker stubs
 *(.v4*)
 .v4_bx         0x00000000        0x0 linker stubs
 *(.vfp11_veneer)
 .vfp11_veneer  0x00000000        0x0 linker stubs
 *(.init)
                0x10001866                __preinit_array_start = .
 *(.preinit_array)
                0x10001866                __preinit_array_end = .
                0x10001866                __init_array_start = .
 *(SORT(.init_array.*))
 *(.init_array)
                0x10001866                __init_array_end = .
 *crtbegin.o(.ctors)
 *(EXCLUDE_FILE(*crtend.o) .ctors)
 *(SORT(.ctors.*))
 *crtend.o(.ctors)
 *(.fini)
                0x10001866                __fini_array_start = .
 *(.fini_array)
 *(SORT(.fini_array.*))
                0x10001866                __fini_array_end = .
 *crtbegin.o(.dtors)
 *(EXCLUDE_FILE(*crtend.o) .dtors)
 *(SORT(.dtors.*))
 *crtend.o(.dtors)
                0x10001866                __extab_start = .
 *(.ARM.extab* .gnu.linkonce.armextab.*)
                0x10001868                . = ALIGN (0x4)
 *fill*         0x10001866        0x2 
                0x10001868                __extab_end = ABSOLUTE (.)

.iplt           0x10001868        0x0
 .iplt          0x00000000        0x0 ./Startup/startup_XMC1100.o

.ARM.exidx      0x10001868        0x0
                0x10001868                __exidx_start = .
 *(.ARM.exidx* .gnu.linkonce.armexidx.*)
                0x10001868                . = ALIGN (0x4)
                0x10001868                __exidx_end = ABSOLUTE (.)

.rodata         0x10001868       0x44
 *(.rodata .rodata.*)
 .rodata        0x10001868       0x44 ./main.o
 *(.gnu.linkonce.r*)
                0x100018b0                . = ALIGN (0x10)
                0x100018b0                eROData = .

.VENEER_Code    0x2000000c      0x110 load address 0x100018b0
                0x2000000c                VeneerStart = .
 *(.XmcVeneerCode)
 .XmcVeneerCode
                0x2000000c      0x110 ./Startup/startup_XMC1100.o
                0x2000000c                HardFault_Veneer
                0x2000002c                SVC_Veneer
                0x20000038                PendSV_Veneer
                0x2000003c                SysTick_Veneer
                0x20000040                SCU_0_Veneer
                0x20000044                SCU_1_Veneer
                0x20000048                SCU_2_Veneer
                0x2000004c                SCU_3_Veneer
                0x20000050                SCU_4_Veneer
                0x20000054                SCU_5_Veneer
                0x20000058                SCU_6_Veneer
                0x20000064                USIC0_0_Veneer
                0x20000068                USIC0_1_Veneer
                0x2000006c                USIC0_2_Veneer
                0x20000070                USIC0_3_Veneer
                0x20000074                USIC0_4_Veneer
                0x20000078                USIC0_5_Veneer
                0x2000007c                VADC0_C0_0_Veneer
                0x20000080                VADC0_C0_1_Veneer
                0x20000094                CCU40_0_Veneer
                0x20000098                CCU40_1_Veneer
                0x2000009c                CCU40_2_Veneer
                0x200000a0                CCU40_3_Veneer
                0x2000011c                . = ALIGN (0x4)
                0x2000011c                VeneerEnd = .
                0x00000110                VeneerSize = (ABSOLUTE (VeneerEnd) - ABSOLUTE (VeneerStart))

.rel.dyn        0x2000011c        0x0 load address 0x100019c0
 .rel.iplt      0x00000000        0x0 ./Startup/startup_XMC1100.o

Stack           0x2000011c      0x404 load address 0x00000000
                0x20000120                . = ALIGN (0x8)
 *fill*         0x2000011c        0x4 
                0x20000520                . = (. + stack_size)
 *fill*         0x20000120      0x400 
                0x20000520                __initial_sp = .
                0x100019c0                DataLoadAddr = (eROData + VeneerSize)

.data           0x20000520        0x8 load address 0x100019c0
                0x20000520                __data_start = .
 *(.data)
 *(.data*)
 .data.messages.6045
                0x20000520        0x8 ./main.o
 *(*.data)
 *(.gnu.linkonce.d*)
                0x20000528                . = ALIGN (0x4)
                0x20000528                __data_end = .
                0x00000008                __data_size = (__data_end - __data_start)

.igot.plt       0x20000528        0x0 load address 0x100019c8
 .igot.plt      0x00000000        0x0 ./Startup/startup_XMC1100.o

.ram_code       0x20000528        0x0 load address 0x100019c8
                0x20000528                __ram_code_start = .
 *(.ram_code)
                0x20000528                . = ALIGN (0x4)
                0x20000528                __ram_code_end = .
                0x100019c8                __ram_code_load = LOADADDR (.ram_code)
                0x00000000                __ram_code_size = (__ram_code_end - __ram_code_start)

.bss            0x20000528       0x18 load address 0x100019c8
                0x20000528                __bss_start = .
 *(.bss)
 *(.bss*)
 .bss.IDIV.4704
                0x20000528        0x4 ./Startup/system_XMC1100.o
 .bss.FDIV.4705
                0x2000052c        0x4 ./Startup/system_XMC1100.o
 .bss.ticks_led.6043
                0x20000530        0x4 ./main.o
 .bss.ticks_uart.6042
                0x20000534        0x4 ./main.o
 .bss.message.6044
                0x20000538        0x1 ./main.o
 *(COMMON)
 *(.gnu.linkonce.b*)
                0x2000053c                . = ALIGN (0x4)
 *fill*         0x20000539        0x3 
                0x2000053c                __bss_end = .
                0x20000540                . = ALIGN (0x8)
 *fill*         0x2000053c        0x4 
                0x20000540                Heap_Bank1_Start = .
                0x00000014                __bss_size = (__bss_end - __bss_start)

.no_init        0x20003ffc        0x4 load address 0x1000549c
                0x20003ffc                Heap_Bank1_End = .
 *(.no_init)
 .no_init       0x20003ffc        0x4 ./Startup/system_XMC1100.o
                0x20003ffc                SystemCoreClock
                0x00003abc                Heap_Bank1_Size = (Heap_Bank1_End - Heap_Bank1_Start)

/DISCARD/
 *(.comment)

.stab
 *(.stab)

.stabstr
 *(.stabstr)

.debug
 *(.debug)

.line
 *(.line)

.debug_srcinfo
 *(.debug_srcinfo)

.debug_sfnames
 *(.debug_sfnames)

.debug_aranges  0x00000000      0x190
 *(.debug_aranges)
 .debug_aranges
                0x00000000       0x28 ./Startup/startup_XMC1100.o
 .debug_aranges
                0x00000028       0x38 ./Startup/system_XMC1100.o
 .debug_aranges
                0x00000060       0xa0 ./Libraries/Newlib/syscalls.o
 .debug_aranges
                0x00000100       0x90 ./main.o

.debug_pubnames
 *(.debug_pubnames)

.debug_pubtypes
 *(.debug_pubtypes)

.debug_info     0x00000000     0x16df
 *(.debug_info .gnu.linkonce.wi.*)
 .debug_info    0x00000000       0x97 ./Startup/startup_XMC1100.o
 .debug_info    0x00000097      0x2d2 ./Startup/system_XMC1100.o
 .debug_info    0x00000369      0x65c ./Libraries/Newlib/syscalls.o
 .debug_info    0x000009c5      0xd1a ./main.o

.debug_abbrev   0x00000000      0x410
 *(.debug_abbrev)
 .debug_abbrev  0x00000000       0x12 ./Startup/startup_XMC1100.o
 .debug_abbrev  0x00000012       0xfb ./Startup/system_XMC1100.o
 .debug_abbrev  0x0000010d      0x146 ./Libraries/Newlib/syscalls.o
 .debug_abbrev  0x00000253      0x1bd ./main.o

.debug_line     0x00000000      0x839
 *(.debug_line)
 .debug_line    0x00000000       0xe6 ./Startup/startup_XMC1100.o
 .debug_line    0x000000e6      0x1d0 ./Startup/system_XMC1100.o
 .debug_line    0x000002b6      0x203 ./Libraries/Newlib/syscalls.o
 .debug_line    0x000004b9      0x380 ./main.o

.debug_frame    0x00000000      0x4e8
 *(.debug_frame)
 .debug_frame   0x00000000       0x80 ./Startup/system_XMC1100.o
 .debug_frame   0x00000080      0x220 ./Libraries/Newlib/syscalls.o
 .debug_frame   0x000002a0      0x1dc ./main.o
 .debug_frame   0x0000047c       0x20 c:/davev4-64bit/dave-4.2.6/eclipse/arm-gcc-49/bin/../lib/gcc/arm-none-eabi/4.9.3/armv6-m\libgcc.a(_udivsi3.o)
 .debug_frame   0x0000049c       0x2c c:/davev4-64bit/dave-4.2.6/eclipse/arm-gcc-49/bin/../lib/gcc/arm-none-eabi/4.9.3/../../../../arm-none-eabi/lib/armv6-m\libg_nano.a(lib_a-init.o)
 .debug_frame   0x000004c8       0x20 c:/davev4-64bit/dave-4.2.6/eclipse/arm-gcc-49/bin/../lib/gcc/arm-none-eabi/4.9.3/../../../../arm-none-eabi/lib/armv6-m\libg_nano.a(lib_a-strlen.o)

.debug_str      0x00000000      0x900
 *(.debug_str)
 .debug_str     0x00000000      0x29e ./Startup/system_XMC1100.o
                                0x2db (size before relaxing)
 .debug_str     0x0000029e      0x231 ./Libraries/Newlib/syscalls.o
                                0x3f4 (size before relaxing)
 .debug_str     0x000004cf      0x431 ./main.o
                                0x6bf (size before relaxing)

.debug_loc      0x00000000      0x720
 *(.debug_loc)
 .debug_loc     0x00000000       0xb0 ./Startup/system_XMC1100.o
 .debug_loc     0x000000b0      0x388 ./Libraries/Newlib/syscalls.o
 .debug_loc     0x00000438      0x2e8 ./main.o

.debug_macinfo
 *(.debug_macinfo)

.debug_ranges   0x00000000      0x158
 *(.debug_ranges)
 .debug_ranges  0x00000000       0x20 ./Startup/startup_XMC1100.o
 .debug_ranges  0x00000020       0x28 ./Startup/system_XMC1100.o
 .debug_ranges  0x00000048       0x90 ./Libraries/Newlib/syscalls.o
 .debug_ranges  0x000000d8       0x80 ./main.o

.debug_weaknames
 *(.debug_weaknames)

.debug_funcnames
 *(.debug_funcnames)

.debug_typenames
 *(.debug_typenames)

.debug_varnames
 *(.debug_varnames)

.build_attributes
                0x00000000      0x148
 *(.ARM.attributes)
 .ARM.attributes
                0x00000000       0x21 ./Startup/startup_XMC1100.o
 .ARM.attributes
                0x00000021       0x31 ./Startup/system_XMC1100.o
 .ARM.attributes
                0x00000052       0x31 ./Libraries/Newlib/syscalls.o
 .ARM.attributes
                0x00000083       0x31 ./main.o
 .ARM.attributes
                0x000000b4       0x1e c:/davev4-64bit/dave-4.2.6/eclipse/arm-gcc-49/bin/../lib/gcc/arm-none-eabi/4.9.3/armv6-m\libgcc.a(_udivsi3.o)
 .ARM.attributes
                0x000000d2       0x1e c:/davev4-64bit/dave-4.2.6/eclipse/arm-gcc-49/bin/../lib/gcc/arm-none-eabi/4.9.3/armv6-m\libgcc.a(_dvmd_tls.o)
 .ARM.attributes
                0x000000f0       0x2c c:/davev4-64bit/dave-4.2.6/eclipse/arm-gcc-49/bin/../lib/gcc/arm-none-eabi/4.9.3/../../../../arm-none-eabi/lib/armv6-m\libg_nano.a(lib_a-init.o)
 .ARM.attributes
                0x0000011c       0x2c c:/davev4-64bit/dave-4.2.6/eclipse/arm-gcc-49/bin/../lib/gcc/arm-none-eabi/4.9.3/../../../../arm-none-eabi/lib/armv6-m\libg_nano.a(lib_a-strlen.o)
OUTPUT(XMC_2Go_Inital_Start_v1.3.elf elf32-littlearm)
