******************************************************************************
                  TI ARM Linker PC v5.2.7                      
******************************************************************************
>> Linked Tue Jun 21 06:28:54 2016

OUTPUT FILE NAME:   <udp_socket.out>
ENTRY POINT SYMBOL: "_c_int00"  address: 2000c0c9


MEMORY CONFIGURATION

         name            origin    length      used     unused   attr    fill
----------------------  --------  ---------  --------  --------  ----  --------
  SRAM_CODE             20004000   00013000  00009292  00009d6e  RW X
  SRAM_DATA             20017000   00019000  000018cc  00017734  RW X


SEGMENT ALLOCATION MAP

run origin  load origin   length   init length attrs members
----------  ----------- ---------- ----------- ----- -------
20004000    20004000    00009298   00009298    r-x
  20004000    20004000    00000400   00000400    r-- .intvecs
  20004400    20004400    0000877e   0000877e    r-x .text
  2000cb80    2000cb80    00000684   00000684    r-- .const
  2000d208    2000d208    00000090   00000090    r-- .cinit
20017000    20017000    000010cc   00000000    rw-
  20017000    20017000    00000800   00000000    rw- .sysmem
  20017800    20017800    000006f8   00000000    rw- .bss
  20017ef8    20017ef8    000001d4   00000000    rw- .data
2002f800    2002f800    00000800   00000000    rw-
  2002f800    2002f800    00000800   00000000    rw- .stack


SECTION ALLOCATION MAP

 output                                  attributes/
section   page    origin      length       input sections
--------  ----  ----------  ----------   ----------------
.intvecs   0    20004000    00000400     
                  20004000    00000400     startup_ccs.obj (.intvecs)

.init_array 
*          0    20004000    00000000     UNINITIALIZED

.text      0    20004400    0000877e     
                  20004400    000013b4     main.obj (.text)
                  200057b4    000010a6     rtsv7M4_T_le_eabi.lib : _printfi.obj (.text)
                  2000685a    00000002     driverlib.a : interrupt.obj (.text:IntDefaultHandler)
                  2000685c    00000590     simplelink.a : driver.obj (.text:_SlDrvMsgRead)
                  20006dec    000003dc     rtsv7M4_T_le_eabi.lib : memory.obj (.text)
                  200071c8    00000280     uart_if.obj (.text)
                  20007448    00000260     simplelink.a : wlan.obj (.text:sl_WlanConnect)
                  200076a8    0000023c                  : driver.obj (.text:_SlDrvRxHdrRead)
                  200078e4    000001f4     rtsv7M4_T_le_eabi.lib : ull_div_t2.obj (.text)
                  20007ad8    000001e4     simplelink.a : driver.obj (.text:_SlDrvDataReadOp)
                  20007cbc    000001d0                  : driver.obj (.text:_SlDrvReleasePoolObj)
                  20007e8c    000001cc     udma_if.obj (.text)
                  20008058    000001b6     rtsv7M4_T_le_eabi.lib : fd_add_t2.obj (.text)
                  2000820e    00000002     --HOLE-- [fill = 0]
                  20008210    000001b4     simplelink.a : driver.obj (.text:_SlDrvDriverCBInit)
                  200083c4    0000019c                  : driver.obj (.text:_SlDrvMsgWrite)
                  20008560    00000190                  : driver.obj (.text:_SlDrvWaitForPoolObj)
                  200086f0    00000178     driverlib.a : prcm.obj (.text:PRCMCC3200MCUInit)
                  20008868    00000170     simplelink.a : driver.obj (.text:_SlFindAndSetActiveObj)
                  200089d8    00000150                  : driver.obj (.text:_SlDrvDataWriteOp)
                  20008b28    00000148                  : cc_pal.obj (.text:spi_Open)
                  20008c70    00000136     rtsv7M4_T_le_eabi.lib : fd_div_t2.obj (.text)
                  20008da6    00000002     --HOLE-- [fill = 0]
                  20008da8    00000128     simplelink.a : driver.obj (.text:_SlDrvMsgReadCmdCtx)
                  20008ed0    00000128                  : socket.obj (.text:sl_SendTo)
                  20008ff8    00000124                  : driver.obj (.text:_SlDrvDriverCBDeinit)
                  2000911c    00000120                  : socket.obj (.text:sl_RecvFrom)
                  2000923c    00000114     rtsv7M4_T_le_eabi.lib : strtoul.obj (.text)
                  20009350    00000110                           : xdscale.obj (.text)
                  20009460    00000104     simplelink.a : netapp.obj (.text:_SlDrvNetAppEventHandler)
                  20009564    000000fc     rtsv7M4_T_le_eabi.lib : fd_mul_t2.obj (.text)
                  20009660    000000f0     simplelink.a : cc_pal.obj (.text:spi_Read)
                  20009750    000000f0     driverlib.a : udma.obj (.text:uDMAChannelTransferSet)
                  20009840    000000e8     simplelink.a : driver.obj (.text:_SlAsyncEventGenericHandler)
                  20009928    000000e4                  : device.obj (.text:sl_Stop)
                  20009a0c    000000e0                  : device.obj (.text:sl_Start)
                  20009aec    000000dc                  : driver.obj (.text:_SlDrvClassifyRxMsg)
                  20009bc8    000000d4                  : driver.obj (.text:_SlDrvMsgReadSpawnCtx)
                  20009c9c    000000cc                  : netapp.obj (.text:_sl_HandleAsync_DnsGetHostByService)
                  20009d68    000000c8                  : netapp.obj (.text:sl_NetAppMDNSRegisterUnregisterService)
                  20009e30    000000c4                  : driver.obj (.text:_SlRemoveFromList)
                  20009ef4    000000c0                  : driver.obj (.text:_SlDrvCmdOp)
                  20009fb4    000000be     rtsv7M4_T_le_eabi.lib : xdnorm.obj (.text)
                  2000a072    00000002     --HOLE-- [fill = 0]
                  2000a074    000000b4     simplelink.a : device.obj (.text:sl_DevGet)
                  2000a128    000000ac                  : nonos.obj (.text:_SlNonOsSemGet)
                  2000a1d4    000000a8     driverlib.a : interrupt.obj (.text:IntDisable)
                  2000a27c    000000a8                 : interrupt.obj (.text:IntEnable)
                  2000a324    000000a4     simplelink.a : driver.obj (.text:_SlDriverHandleError)
                  2000a3c8    000000a0     driverlib.a : spi.obj (.text:SPIConfigSetExpClk)
                  2000a468    0000009c     rtsv7M4_T_le_eabi.lib : memcpy_t2.obj (.text)
                  2000a504    0000009c     simplelink.a : socket.obj (.text:sl_Bind)
                  2000a5a0    0000009a                  : device.obj (.text:_SlDrvDeviceEventHandler)
                  2000a63a    00000002     --HOLE-- [fill = 0]
                  2000a63c    00000098                  : cc_pal.obj (.text:spi_Write)
                  2000a6d4    00000094     driverlib.a : prcm.obj (.text:PRCMPeripheralClockGet)
                  2000a768    00000090     simplelink.a : netapp.obj (.text:_sl_HandleAsync_DnsGetHostByName)
                  2000a7f8    00000090                  : netapp.obj (.text:_sl_HandleAsync_PingResponse)
                  2000a888    0000008c                  : cc_pal.obj (.text:SetupDMAReceive)
                  2000a914    0000008c                  : cc_pal.obj (.text:SetupDMASend)
                  2000a9a0    0000008c                  : driver.obj (.text:_SlDrvIsTimeoutExpired)
                  2000aa2c    00000088     driverlib.a : pin.obj (.text:PinConfigSet)
                  2000aab4    00000088     rtsv7M4_T_le_eabi.lib : vsnprintf.obj (.text)
                  2000ab3c    00000086                           : fd_cmp_t2.obj (.text:__aeabi_cdcmple)
                  2000abc2    00000086                           : fd_cmp_t2.obj (.text:__aeabi_cdrcmple)
                  2000ac48    00000080     simplelink.a : socket.obj (.text:_sl_HandleAsync_Connect)
                  2000acc8    00000080                  : device.obj (.text:_sl_HandleAsync_InitComplete)
                  2000ad48    00000080                  : cc_pal.obj (.text:spi_Read_CPU)
                  2000adc8    00000080                  : cc_pal.obj (.text:spi_Write_CPU)
                  2000ae48    0000007c                  : netcfg.obj (.text:sl_NetCfgSet)
                  2000aec4    0000007c                  : wlan.obj (.text:sl_WlanSet)
                  2000af40    0000007a     rtsv7M4_T_le_eabi.lib : memset_t2.obj (.text)
                  2000afba    00000002     --HOLE-- [fill = 0]
                  2000afbc    00000078     simplelink.a : wlan.obj (.text:sl_WlanPolicySet)
                  2000b034    00000078                  : cc_pal.obj (.text:spi_Close)
                  2000b0ac    00000076     driverlib.a : uart.obj (.text:UARTConfigSetExpClk)
                  2000b122    00000002     --HOLE-- [fill = 0]
                  2000b124    00000074     simplelink.a : nonos.obj (.text:_SlNonOsMainLoopTask)
                  2000b198    00000070                  : socket.obj (.text:sl_Socket)
                  2000b208    0000006c                  : driver.obj (.text:_SlDrvCmdSend)
                  2000b274    0000006c                  : netapp.obj (.text:_sl_NetAppSendTokenValue)
                  2000b2e0    0000006c     rtsv7M4_T_le_eabi.lib : autoinit.obj (.text)
                  2000b34c    0000006c     simplelink.a : wlan.obj (.text:sl_WlanRxFilterSet)
                  2000b3b8    0000006a     rtsv7M4_T_le_eabi.lib : copy_decompress_rle.obj (.text)
                  2000b422    00000066                           : xdunscal.obj (.text)
                  2000b488    00000064     simplelink.a : nonos.obj (.text:_SlNonOsSpawn)
                  2000b4ec    00000064                  : socket.obj (.text:_sl_HandleAsync_Accept)
                  2000b550    00000064     driverlib.a : udma.obj (.text:uDMAChannelAttributeDisable)
                  2000b5b4    00000064                 : udma.obj (.text:uDMAChannelAttributeEnable)
                  2000b618    00000058                 : interrupt.obj (.text:IntPendClear)
                  2000b670    00000058                 : prcm.obj (.text:PRCMPeripheralReset)
                  2000b6c8    00000056     rtsv7M4_T_le_eabi.lib : ltoa.obj (.text)
                  2000b71e    00000002     --HOLE-- [fill = 0]
                  2000b720    00000054     driverlib.a : interrupt.obj (.text:IntPrioritySet)
                  2000b774    00000054     simplelink.a : driver.obj (.text:_SlDrvRxIrqHandler)
                  2000b7c8    00000054                  : socket.obj (.text:_sl_HandleAsync_Select)
                  2000b81c    00000050                  : device.obj (.text:_sl_HandleAsync_Stop)
                  2000b86c    0000004c     driverlib.a : spi.obj (.text:SPIIntEnable)
                  2000b8b8    0000004c                 : spi.obj (.text:SPIIntNumberGet)
                  2000b904    0000004c     simplelink.a : driver.obj (.text:_SlDrvProtectAsyncRespSetting)
                  2000b950    0000004c                  : socket.obj (.text:_sl_BuildAddress)
                  2000b99c    0000004c     rtsv7M4_T_le_eabi.lib : atoi.obj (.text)
                  2000b9e8    0000004c                           : cpy_tbl.obj (.text)
                  2000ba34    0000004c     driverlib.a : udma.obj (.text:uDMAChannelAssign)
                  2000ba80    00000048                 : spi.obj (.text:SPIIntClear)
                  2000bac8    00000048     simplelink.a : driver.obj (.text:_SlDrvBasicCmd)
                  2000bb10    00000048     rtsv7M4_T_le_eabi.lib : fd_toi_t2.obj (.text)
                  2000bb58    00000048     simplelink.a : netapp.obj (.text:sl_NetAppMDNSUnRegisterService)
                  2000bba0    00000046     rtsv7M4_T_le_eabi.lib : ldexp.obj (.text)
                  2000bbe6    00000002     --HOLE-- [fill = 0]
                  2000bbe8    00000044     driverlib.a : spi.obj (.text:SPIDmaMaskGet)
                  2000bc2c    00000044                 : timer.obj (.text:TimerConfigure)
                  2000bc70    00000044     simplelink.a : driver.obj (.text:_SlDrvHandleHttpServerEvents)
                  2000bcb4    00000044                  : driver.obj (.text:_SlDrvSyncObjWaitTimeout)
                  2000bcf8    00000044                  : cc_pal.obj (.text:cc_SetupTransfer)
                  2000bd3c    00000044     rtsv7M4_T_le_eabi.lib : exit.obj (.text)
                  2000bd80    00000044     simplelink.a : socket.obj (.text:sl_Close)
                  2000bdc4    00000044                  : wlan.obj (.text:sl_WlanProfileDel)
                  2000be08    00000044                  : wlan.obj (.text:sl_WlanSetMode)
                  2000be4c    00000042                  : socket.obj (.text:sl_Htonl)
                  2000be8e    00000002     --HOLE-- [fill = 0]
                  2000be90    00000040     driverlib.a : pin.obj (.text:PinModeSet)
                  2000bed0    00000040     simplelink.a : driver.obj (.text:_SlDrvHandleNetAppEvents)
                  2000bf10    00000040                  : driver.obj (.text:_SlDrvHandleWlanEvents)
                  2000bf50    00000040                  : socket.obj (.text:_sl_TruncatePayloadByProtocol)
                  2000bf90    00000040     rtsv7M4_T_le_eabi.lib : signal.obj (.text)
                  2000bfd0    00000040                           : strtok.obj (.text)
                  2000c010    0000003e     simplelink.a : cc_pal.obj (.text:NwpRegisterInterruptHandler)
                  2000c04e    0000003c                  : netapp.obj (.text:CopyPingResultsToReport)
                  2000c08a    00000002     --HOLE-- [fill = 0]
                  2000c08c    0000003c     driverlib.a : prcm.obj (.text:PRCMPeripheralClkEnable)
                  2000c0c8    0000003c     rtsv7M4_T_le_eabi.lib : boot.obj (.text)
                  2000c104    0000003c     simplelink.a : cc_pal.obj (.text:simplelink_timerA2_start)
                  2000c140    0000003c                  : socket.obj (.text:sl_Htons)
                  2000c17c    0000003c     driverlib.a : udma.obj (.text:uDMAChannelControlSet)
                  2000c1b8    00000038     simplelink.a : cc_pal.obj (.text:NwpPowerOff)
                  2000c1f0    00000034     driverlib.a : prcm.obj (.text:PRCMPeripheralStatusGet)
                  2000c224    00000034                 : spi.obj (.text:SPIFIFOLevelSet)
                  2000c258    00000034     rtsv7M4_T_le_eabi.lib : feraiseexcept.obj (.text)
                  2000c28c    00000030     driverlib.a : uart.obj (.text:UARTDisable)
                  2000c2bc    00000030     rtsv7M4_T_le_eabi.lib : xferaise.obj (.text)
                  2000c2ec    0000002e                           : i_tofd_t2.obj (.text)
                  2000c31a    0000002e                           : raise.obj (.text)
                  2000c348    0000002c     driverlib.a : prcm.obj (.text:PRCMSysResetCauseGet)
                  2000c374    0000002c     simplelink.a : driver.obj (.text:_SlDrvObjGlobalLockWaitForever)
                  2000c3a0    0000002c                  : driver.obj (.text:_SlDrvProtectionObjLockWaitForever)
                  2000c3cc    0000002a     driverlib.a : timer.obj (.text:TimerLoadSet)
                  2000c3f6    0000002a                 : timer.obj (.text:TimerPrescaleSet)
                  2000c420    0000002a     rtsv7M4_T_le_eabi.lib : strspn.obj (.text)
                  2000c44a    0000002a                           : xdclass.obj (.text)
                  2000c474    00000028     driverlib.a : prcm.obj (.text:PRCMPeripheralClkDisable)
                  2000c49c    00000028     simplelink.a : driver.obj (.text:_SlDrvGlobalObjUnLock)
                  2000c4c4    00000028                  : driver.obj (.text:_SlDrvProtectionObjUnLock)
                  2000c4ec    00000028                  : driver.obj (.text:_SlDrvSyncObjWaitForever)
                  2000c514    00000026     network_common.obj (.text)
                  2000c53a    00000002     --HOLE-- [fill = 0]
                  2000c53c    00000024     simplelink.a : cc_pal.obj (.text:DmaSpiSwIntHandler)
                  2000c560    00000024     driverlib.a : interrupt.obj (.text:IntUnregister)
                  2000c584    00000024                 : uart.obj (.text:UARTEnable)
                  2000c5a8    00000024     simplelink.a : driver.obj (.text:_SlDrvObjLockWaitForever)
                  2000c5cc    00000024     rtsv7M4_T_le_eabi.lib : memmov.obj (.text)
                  2000c5f0    00000024                           : strcspn.obj (.text)
                  2000c614    00000022     driverlib.a : spi.obj (.text:SPIReset)
                  2000c636    00000022                 : spi.obj (.text:SPIWordCountSet)
                  2000c658    00000022     rtsv7M4_T_le_eabi.lib : frexp.obj (.text)
                  2000c67a    00000002     --HOLE-- [fill = 0]
                  2000c67c    00000020     driverlib.a : interrupt.obj (.text:IntRegister)
                  2000c69c    00000020     simplelink.a : cc_pal.obj (.text:NwpPowerOn)
                  2000c6bc    00000020                  : cc_pal.obj (.text:TimerGetCurrentTimestamp)
                  2000c6dc    00000020                  : driver.obj (.text:_SlDrvObjUnLock)
                  2000c6fc    00000020                  : driver.obj (.text:_SlDrvSyncObjSignal)
                  2000c71c    00000020                  : wlan.obj (.text:sl_WlanDisconnect)
                  2000c73c    0000001e     driverlib.a : timer.obj (.text:TimerEnable)
                  2000c75a    0000001e                 : uart.obj (.text:UARTCharPut)
                  2000c778    0000001e     simplelink.a : cc_pal.obj (.text:cc_UDMAChannelSelect)
                  2000c796    0000001c     driverlib.a : timer.obj (.text:TimerValueGet)
                  2000c7b2    0000001c                 : uart.obj (.text:UARTCharGetNonBlocking)
                  2000c7ce    0000001c     simplelink.a : driver.obj (.text:_SlDrvStartMeasureTimeout)
                  2000c7ea    0000001c     pinmux.obj (.text)
                  2000c806    0000001c     rtsv7M4_T_le_eabi.lib : memccpy.obj (.text)
                  2000c822    00000002     --HOLE-- [fill = 0]
                  2000c824    0000001c     driverlib.a : udma.obj (.text:uDMAChannelDisable)
                  2000c840    0000001c                 : udma.obj (.text:uDMAChannelEnable)
                  2000c85c    0000001c                 : udma.obj (.text:uDMAChannelRequest)
                  2000c878    0000001a                 : pin.obj (.text:PinTypeUART)
                  2000c892    0000001a                 : spi.obj (.text:SPIDmaDisable)
                  2000c8ac    0000001a                 : spi.obj (.text:SPIDmaEnable)
                  2000c8c6    0000001a                 : spi.obj (.text:SPIFIFODisable)
                  2000c8e0    0000001a                 : spi.obj (.text:SPIFIFOEnable)
                  2000c8fa    0000001a                 : spi.obj (.text:SPIIntUnregister)
                  2000c914    00000018                 : spi.obj (.text:SPICSDisable)
                  2000c92c    00000018                 : spi.obj (.text:SPICSEnable)
                  2000c944    00000018                 : spi.obj (.text:SPIDisable)
                  2000c95c    00000018                 : spi.obj (.text:SPIEnable)
                  2000c974    00000018                 : uart.obj (.text:UARTCharsAvail)
                  2000c98c    00000018     simplelink.a : nonos.obj (.text:_SlNonOsSemSet)
                  2000c9a4    00000018                  : device.obj (.text:_sl_GetStartResponseConvert)
                  2000c9bc    00000018     rtsv7M4_T_le_eabi.lib : args_main.obj (.text)
                  2000c9d4    00000016     driverlib.a : prcm.obj (.text:PRCMHIBRegRead)
                  2000c9ea    00000016                 : prcm.obj (.text:PRCMHIBRegWrite)
                  2000ca00    00000016                 : uart.obj (.text:UARTCharGet)
                  2000ca16    00000016     simplelink.a : driver.obj (.text:_SlDrvMemZero)
                  2000ca2c    00000016     rtsv7M4_T_le_eabi.lib : strchr.obj (.text)
                  2000ca42    00000016     driverlib.a : udma.obj (.text:uDMAIntRegister)
                  2000ca58    00000014                 : cpu.obj (.text:CPUcpsie)
                  2000ca6c    00000014                 : interrupt.obj (.text:IntVTableBaseSet)
                  2000ca80    00000014     rtsv7M4_T_le_eabi.lib : _lock.obj (.text)
                  2000ca94    00000014                           : strlen.obj (.text)
                  2000caa8    00000014     driverlib.a : udma.obj (.text:uDMAControlBaseSet)
                  2000cabc    00000014                 : udma.obj (.text:uDMAIntClear)
                  2000cad0    00000012                 : udma.obj (.text:uDMAIntUnregister)
                  2000cae2    00000010     simplelink.a : driver.obj (.text:_SlDrvDispatchHttpServerEvents)
                  2000caf2    0000000e                  : driver.obj (.text:_SlDrvResetCmdExt)
                  2000cb00    0000000e     rtsv7M4_T_le_eabi.lib : copy_decompress_none.obj (.text:decompress:none)
                  2000cb0e    0000000e     startup_ccs.obj (.text)
                  2000cb1c    0000000c     simplelink.a : cc_pal.obj (.text:NwpMaskInterrupt)
                  2000cb28    0000000c                  : cc_pal.obj (.text:NwpUnMaskInterrupt)
                  2000cb34    0000000c     rtsv7M4_T_le_eabi.lib : copy_zero_init.obj (.text:decompress:ZI)
                  2000cb40    0000000c     driverlib.a : udma.obj (.text:uDMADisable)
                  2000cb4c    0000000c                 : udma.obj (.text:uDMAEnable)
                  2000cb58    0000000c                 : udma.obj (.text:uDMAIntStatus)
                  2000cb64    0000000a                 : interrupt.obj (.text:IntMasterEnable)
                  2000cb6e    00000006                 : utils.obj (.text:UtilsDelay)
                  2000cb74    00000006     rtsv7M4_T_le_eabi.lib : copy_decompress_rle.obj (.text:decompress:rle24)
                  2000cb7a    00000004                           : pre_init.obj (.text)

.const     0    2000cb80    00000684     
                  2000cb80    00000101     rtsv7M4_T_le_eabi.lib : ctype.obj (.const:.string:_ctypes_)
                  2000cc81    00000003     --HOLE-- [fill = 0]
                  2000cc84    00000100     driverlib.a : pin.obj (.const:g_ulPinToPadMap)
                  2000cd84    000000d4                 : interrupt.obj (.const:g_pulRegs)
                  2000ce58    000000a8                 : prcm.obj (.const:PRCM_PeriphRegsList)
                  2000cf00    00000080                 : interrupt.obj (.const)
                  2000cf80    0000004c     simplelink.a : driver.obj (.const)
                  2000cfcc    0000003c                  : driver.obj (.const:OpcodeTranslateTable)
                  2000d008    0000003c                  : wlan.obj (.const)
                  2000d044    00000038                  : driver.obj (.const:_SlActionLookupTable)
                  2000d07c    00000035     main.obj (.const:.string)
                  2000d0b1    00000001     --HOLE-- [fill = 0]
                  2000d0b2    00000034     simplelink.a : socket.obj (.const)
                  2000d0e6    00000002     --HOLE-- [fill = 0]
                  2000d0e8    0000002c     main.obj (.const:$P$T1$2)
                  2000d114    00000028     simplelink.a : netapp.obj (.const)
                  2000d13c    00000024     driverlib.a : spi.obj (.const:g_ppulSPIIntMap)
                  2000d160    00000022     main.obj (.const:.string:$P$T0$1)
                  2000d182    00000002     --HOLE-- [fill = 0]
                  2000d184    00000020     main.obj (.const)
                  2000d1a4    0000001c     simplelink.a : device.obj (.const)
                  2000d1c0    00000018     driverlib.a : spi.obj (.const)
                  2000d1d8    00000014     simplelink.a : nonos.obj (.const)
                  2000d1ec    00000010                  : socket.obj (.const:.string)
                  2000d1fc    00000008                  : netcfg.obj (.const)

.cinit     0    2000d208    00000090     
                  2000d208    00000067     (.cinit..data.load) [load image, compression = rle]
                  2000d26f    00000001     --HOLE-- [fill = 0]
                  2000d270    0000000c     (__TI_handler_table)
                  2000d27c    00000004     --HOLE-- [fill = 0]
                  2000d280    00000008     (.cinit..bss.load) [load image, compression = zero_init]
                  2000d288    00000010     (__TI_cinit_table)

.sysmem    0    20017000    00000800     UNINITIALIZED
                  20017000    00000008     rtsv7M4_T_le_eabi.lib : memory.obj (.sysmem)
                  20017008    000007f8     --HOLE--

.bss       0    20017800    000006f8     UNINITIALIZED
                  20017800    00000400     udma_if.obj (.bss:gpCtlTbl)
                  20017c00    00000168     simplelink.a : driver.obj (.bss:g_StatMem)
                  20017d68    00000100     udma_if.obj (.bss:gfpAppCallbackHndl)
                  20017e68    00000050     simplelink.a : cc_pal.obj (.bss:g_ucDinDout)
                  20017eb8    00000024     main.obj (.bss:g_ucConnectionSSID)
                  20017edc    0000000c     (.common:g_cBsdBuf)
                  20017ee8    00000008     (.common:g_ucConnectionBSSID)
                  20017ef0    00000004     (.common:__Errorlog)
                  20017ef4    00000001     (.common:RxIrqCnt)
                  20017ef5    00000001     (.common:g_bDeviceRestartIsRequired)
                  20017ef6    00000001     (.common:g_cDummy)
                  20017ef7    00000001     (.common:iDone)

.TI.noinit 
*          0    20017800    00000000     UNINITIALIZED

.data      0    20017ef8    000001d4     UNINITIALIZED
                  20017ef8    000000b0     rtsv7M4_T_le_eabi.lib : signal.obj (.data:sigtable)
                  20017fa8    00000080                           : xvalues.obj (.data)
                  20018028    0000003c     simplelink.a : nonos.obj (.data:g__SlNonOsCB)
                  20018064    0000001c     main.obj (.data)
                  20018080    0000000d     simplelink.a : driver.obj (.data)
                  2001808d    00000003     --HOLE--
                  20018090    0000000c     rtsv7M4_T_le_eabi.lib : memory.obj (.data)
                  2001809c    00000009     simplelink.a : cc_pal.obj (.data)
                  200180a5    00000003     --HOLE--
                  200180a8    00000008     rtsv7M4_T_le_eabi.lib : _lock.obj (.data)
                  200180b0    00000008                           : exit.obj (.data)
                  200180b8    00000008                           : feraiseexcept.obj (.data)
                  200180c0    00000004                           : errno.obj (.data)
                  200180c4    00000004                           : stkdepth_vars.obj (.data)
                  200180c8    00000004                           : strtok.obj (.data)

.TI.persistent 
*          0    20017ef8    00000000     UNINITIALIZED

.stack     0    2002f800    00000800     UNINITIALIZED
                  2002f800    00000800     --HOLE--


LINKER GENERATED COPY TABLES

__TI_cinit_table @ 2000d288 records: 2, size/record: 8, table size: 16
	.data: load addr=2000d208, load size=00000067 bytes, run addr=20017ef8, run size=000001d4 bytes, compression=rle
	.bss: load addr=2000d280, load size=00000008 bytes, run addr=20017800, run size=000006f8 bytes, compression=zero_init


LINKER GENERATED HANDLER TABLE

__TI_handler_table @ 2000d270 records: 3, size/record: 4, table size: 12
	index: 0, handler: __TI_decompress_rle24
	index: 1, handler: __TI_decompress_none
	index: 2, handler: __TI_zero_init


GLOBAL SYMBOLS: SORTED ALPHABETICALLY BY Name 

address   name                                  
-------   ----                                  
20005185  BsdUdpClient                          
2000529b  BsdUdpServer                          
2000bd3d  C$$EXIT                               
2000ca59  CPUcpsie                              
20007209  ClearTerm                             
20007ea3  DmaErrorIntHandler                    
2000c53d  DmaSpiSwIntHandler                    
20007e8d  DmaSwIntHandler                       
20007213  Error                                 
2000724b  GetCmd                                
200071c9  InitTerm                              
2000a1d5  IntDisable                            
2000a27d  IntEnable                             
2000cb65  IntMasterEnable                       
2000b619  IntPendClear                          
2000b721  IntPrioritySet                        
2000c67d  IntRegister                           
2000c561  IntUnregister                         
2000ca6d  IntVTableBaseSet                      
20004b59  IpAddressParser                       
200071e7  Message                               
2000cb1d  NwpMaskInterrupt                      
2000c1b9  NwpPowerOff                           
2000c69d  NwpPowerOn                            
2000c011  NwpRegisterInterruptHandler           
2000cb29  NwpUnMaskInterrupt                    
2000cfcc  OpcodeTranslateTable                  
200086f1  PRCMCC3200MCUInit                     
2000c9d5  PRCMHIBRegRead                        
2000c9eb  PRCMHIBRegWrite                       
2000c475  PRCMPeripheralClkDisable              
2000c08d  PRCMPeripheralClkEnable               
2000a6d5  PRCMPeripheralClockGet                
2000b671  PRCMPeripheralReset                   
2000c1f1  PRCMPeripheralStatusGet               
2000c349  PRCMSysResetCauseGet                  
2000aa2d  PinConfigSet                          
2000be91  PinModeSet                            
2000c7eb  PinMuxConfig                          
2000c879  PinTypeUART                           
20007389  Report                                
2000cb0f  ResetISR                              
20017ef4  RxIrqCnt                              
UNDEFED   SHT$$INIT_ARRAY$$Base                 
UNDEFED   SHT$$INIT_ARRAY$$Limit                
2000c915  SPICSDisable                          
2000c92d  SPICSEnable                           
2000a3c9  SPIConfigSetExpClk                    
2000c945  SPIDisable                            
2000c893  SPIDmaDisable                         
2000c8ad  SPIDmaEnable                          
2000c95d  SPIEnable                             
2000c8c7  SPIFIFODisable                        
2000c8e1  SPIFIFOEnable                         
2000c225  SPIFIFOLevelSet                       
2000ba81  SPIIntClear                           
2000b86d  SPIIntEnable                          
2000c8fb  SPIIntUnregister                      
2000c615  SPIReset                              
2000c637  SPIWordCountSet                       
200045dd  SimpleLinkGeneralEventHandler         
200045bd  SimpleLinkHttpServerCallback          
2000450f  SimpleLinkNetAppEventHandler          
200045f7  SimpleLinkSockEventHandler            
20004401  SimpleLinkWlanEventHandler            
2000bc2d  TimerConfigure                        
2000c73d  TimerEnable                           
2000c6bd  TimerGetCurrentTimestamp              
2000c3cd  TimerLoadSet                          
2000c3f7  TimerPrescaleSet                      
2000c797  TimerValueGet                         
200072f1  TrimSpace                             
2000ca01  UARTCharGet                           
2000c7b3  UARTCharGetNonBlocking                
2000c75b  UARTCharPut                           
2000c975  UARTCharsAvail                        
2000b0ad  UARTConfigSetExpClk                   
2000c28d  UARTDisable                           
2000c585  UARTEnable                            
20007f17  UDMAChannelSelect                     
20007feb  UDMADeInit                            
20007eaf  UDMAInit                              
20007f45  UDMASetupAutoMemTransfer              
20007f79  UDMASetupPingPongTransfer             
20007fff  UDMASetupTransfer                     
20007fd3  UDMAStartTransfer                     
20007fdf  UDMAStopTransfer                      
20004c3d  UserInput                             
2000cb6f  UtilsDelay                            
2000c44b  _Dclass                               
20017fa8  _Denorm                               
20009fb5  _Dnorm                                
20009351  _Dscale                               
2000b423  _Dunscale                             
20017fb8  _Eps                                  
200180c0  _Errno                                
200180b8  _Fenv                                 
2000c2bd  _Feraise                              
20017fc8  _Hugeval                              
20017fd8  _Inf                                  
20017fe8  _Nan                                  
20018008  _Rteps                                
2000d044  _SlActionLookupTable                  
2000a325  _SlDriverHandleError                  
2000bac9  _SlDrvBasicCmd                        
20009ef5  _SlDrvCmdOp                           
2000b209  _SlDrvCmdSend                         
20007ad9  _SlDrvDataReadOp                      
200089d9  _SlDrvDataWriteOp                     
2000a5a1  _SlDrvDeviceEventHandler              
2000cae3  _SlDrvDispatchHttpServerEvents        
20008ff9  _SlDrvDriverCBDeinit                  
20008211  _SlDrvDriverCBInit                    
2000c49d  _SlDrvGlobalObjUnLock                 
2000bc71  _SlDrvHandleHttpServerEvents          
2000bed1  _SlDrvHandleNetAppEvents              
2000bf11  _SlDrvHandleWlanEvents                
2000a9a1  _SlDrvIsTimeoutExpired                
2000ca17  _SlDrvMemZero                         
20009bc9  _SlDrvMsgReadSpawnCtx                 
20009461  _SlDrvNetAppEventHandler              
2000c5a9  _SlDrvObjLockWaitForever              
2000c6dd  _SlDrvObjUnLock                       
2000b905  _SlDrvProtectAsyncRespSetting         
2000c3a1  _SlDrvProtectionObjLockWaitForever    
2000c4c5  _SlDrvProtectionObjUnLock             
20007cbd  _SlDrvReleasePoolObj                  
2000caf3  _SlDrvResetCmdExt                     
2000b775  _SlDrvRxIrqHandler                    
2000c7cf  _SlDrvStartMeasureTimeout             
2000c6fd  _SlDrvSyncObjSignal                   
2000c4ed  _SlDrvSyncObjWaitForever              
2000bcb5  _SlDrvSyncObjWaitTimeout              
20008561  _SlDrvWaitForPoolObj                  
2000d130  _SlNetAppSendTokenValueCmdCtrl        
2000b125  _SlNonOsMainLoopTask                  
2000a129  _SlNonOsSemGet                        
2000c98d  _SlNonOsSemSet                        
2000b489  _SlNonOsSpawn                         
20017ff8  _Snan                                 
200180bc  _Tls_setup__Fenv                      
20018018  _Xbig                                 
20018020  _Zero                                 
20030000  __STACK_END                           
00000800  __STACK_SIZE                          
00000800  __SYSMEM_SIZE                         
2000d288  __TI_CINIT_Base                       
2000d298  __TI_CINIT_Limit                      
2000d270  __TI_Handler_Table_Base               
2000d27c  __TI_Handler_Table_Limit              
2000b2e1  __TI_auto_init                        
200180b0  __TI_cleanup_ptr                      
2000cb01  __TI_decompress_none                  
2000cb75  __TI_decompress_rle24                 
200180b4  __TI_dtors_ptr                        
20006555  __TI_printfi                          
2000d208  __TI_static_base__                    
2000cb35  __TI_zero_init                        
2000ab3d  __aeabi_cdcmpeq                       
2000ab3d  __aeabi_cdcmple                       
2000abc3  __aeabi_cdrcmple                      
2000bb11  __aeabi_d2iz                          
20008063  __aeabi_dadd                          
20008c71  __aeabi_ddiv                          
20009565  __aeabi_dmul                          
20008059  __aeabi_dsub                          
2000c2ed  __aeabi_i2d                           
2000af41  __aeabi_memclr                        
2000af41  __aeabi_memclr4                       
2000af41  __aeabi_memclr8                       
2000a469  __aeabi_memcpy                        
2000a469  __aeabi_memcpy4                       
2000a469  __aeabi_memcpy8                       
2000af43  __aeabi_memset                        
2000af43  __aeabi_memset4                       
2000af43  __aeabi_memset8                       
200078e5  __aeabi_uldivmod                      
ffffffff  __binit__                             
ffffffff  __c_args__                            
2002f800  __stack                               
2000c9bd  _args_main                            
2000c0c9  _c_int00                              
2000cb80  _ctypes_                              
200180a8  _lock                                 
2000ca8f  _nop                                  
2000ca87  _register_lock                        
2000ca81  _register_unlock                      
2000b4ed  _sl_HandleAsync_Accept                
2000ac49  _sl_HandleAsync_Connect               
2000a769  _sl_HandleAsync_DnsGetHostByName      
20009c9d  _sl_HandleAsync_DnsGetHostByService   
2000acc9  _sl_HandleAsync_InitComplete          
2000a7f9  _sl_HandleAsync_PingResponse          
2000b7c9  _sl_HandleAsync_Select                
2000b81d  _sl_HandleAsync_Stop                  
2000b275  _sl_NetAppSendTokenValue              
20017000  _sys_memory                           
2000cb7b  _system_pre_init                      
200180ac  _unlock                               
2000bd41  abort                                 
2000b99d  atoi                                  
ffffffff  binit                                 
20007195  calloc                                
2000b9e9  copy_in                               
2000bd49  exit                                  
2000c259  feraiseexcept                         
20006ee3  free                                  
2000c659  frexp                                 
2001809c  g_SpiFd                               
20018028  g__SlNonOsCB                          
20017ef5  g_bDeviceRestartIsRequired            
20017edc  g_cBsdBuf                             
20017ef6  g_cDummy                              
20018084  g_pCB                                 
200180a0  g_pHostIntHdl                         
20004000  g_pfnVectors                          
20017ee8  g_ucConnectionBSSID                   
20017eb8  g_ucConnectionSSID                    
200180a4  g_ucDMAEnabled                        
20017e68  g_ucDinDout                           
20018078  g_ucSimplelinkstarted                 
20018070  g_uiPortNum                           
2001806c  g_ulDestinationIp                     
20018068  g_ulGatewayIP                         
2001807c  g_ulIpAddr                            
20018074  g_ulPacketCount                       
20018064  g_ulStatus                            
20017d68  gfpAppCallbackHndl                    
20017800  gpCtlTbl                              
20017ef7  iDone                                 
2000bba1  ldexp                                 
2000b6c9  ltoa                                  
200054cd  main                                  
200180c4  main_func_sp                          
20006e7b  malloc                                
200070b1  memalign                              
2000c807  memccpy                               
2000a469  memcpy                                
2000c5cd  memmove                               
2000af49  memset                                
20006ded  minit                                 
20018088  pPingCallBackFunc                     
2000c31b  raise                                 
20006fa5  realloc                               
2000bf91  signal                                
2000c105  simplelink_timerA2_start              
2000a505  sl_Bind                               
2000bd81  sl_Close                              
2000a075  sl_DevGet                             
2000be4d  sl_Htonl                              
2000c141  sl_Htons                              
20009d69  sl_NetAppMDNSRegisterUnregisterService
2000bb59  sl_NetAppMDNSUnRegisterService        
2000ae49  sl_NetCfgSet                          
2000c515  sl_Provisioning_HttpServerEventHdl    
2000c523  sl_Provisioning_NetAppEventHdl        
2000c52f  sl_Provisioning_WlanEventHdl          
2000911d  sl_RecvFrom                           
20008ed1  sl_SendTo                             
2000b199  sl_Socket                             
20009a0d  sl_Start                              
20009929  sl_Stop                               
20007449  sl_WlanConnect                        
2000c71d  sl_WlanDisconnect                     
2000afbd  sl_WlanPolicySet                      
2000bdc5  sl_WlanProfileDel                     
2000b34d  sl_WlanRxFilterSet                    
2000aec5  sl_WlanSet                            
2000be09  sl_WlanSetMode                        
2000b035  spi_Close                             
20008b29  spi_Open                              
20009661  spi_Read                              
2000a63d  spi_Write                             
2000ca2d  strchr                                
2000c5f1  strcspn                               
2000ca95  strlen                                
2000c421  strspn                                
2000bfd1  strtok                                
2000923d  strtoul                               
2000ba35  uDMAChannelAssign                     
2000b551  uDMAChannelAttributeDisable           
2000b5b5  uDMAChannelAttributeEnable            
2000c17d  uDMAChannelControlSet                 
2000c825  uDMAChannelDisable                    
2000c841  uDMAChannelEnable                     
2000c85d  uDMAChannelRequest                    
20009751  uDMAChannelTransferSet                
2000caa9  uDMAControlBaseSet                    
2000cb41  uDMADisable                           
2000cb4d  uDMAEnable                            
2000cabd  uDMAIntClear                          
2000ca43  uDMAIntRegister                       
2000cb59  uDMAIntStatus                         
2000cad1  uDMAIntUnregister                     
2000aab5  vsnprintf                             


GLOBAL SYMBOLS: SORTED BY Symbol Address 

address   name                                  
-------   ----                                  
00000800  __STACK_SIZE                          
00000800  __SYSMEM_SIZE                         
20004000  g_pfnVectors                          
20004401  SimpleLinkWlanEventHandler            
2000450f  SimpleLinkNetAppEventHandler          
200045bd  SimpleLinkHttpServerCallback          
200045dd  SimpleLinkGeneralEventHandler         
200045f7  SimpleLinkSockEventHandler            
20004b59  IpAddressParser                       
20004c3d  UserInput                             
20005185  BsdUdpClient                          
2000529b  BsdUdpServer                          
200054cd  main                                  
20006555  __TI_printfi                          
20006ded  minit                                 
20006e7b  malloc                                
20006ee3  free                                  
20006fa5  realloc                               
200070b1  memalign                              
20007195  calloc                                
200071c9  InitTerm                              
200071e7  Message                               
20007209  ClearTerm                             
20007213  Error                                 
2000724b  GetCmd                                
200072f1  TrimSpace                             
20007389  Report                                
20007449  sl_WlanConnect                        
200078e5  __aeabi_uldivmod                      
20007ad9  _SlDrvDataReadOp                      
20007cbd  _SlDrvReleasePoolObj                  
20007e8d  DmaSwIntHandler                       
20007ea3  DmaErrorIntHandler                    
20007eaf  UDMAInit                              
20007f17  UDMAChannelSelect                     
20007f45  UDMASetupAutoMemTransfer              
20007f79  UDMASetupPingPongTransfer             
20007fd3  UDMAStartTransfer                     
20007fdf  UDMAStopTransfer                      
20007feb  UDMADeInit                            
20007fff  UDMASetupTransfer                     
20008059  __aeabi_dsub                          
20008063  __aeabi_dadd                          
20008211  _SlDrvDriverCBInit                    
20008561  _SlDrvWaitForPoolObj                  
200086f1  PRCMCC3200MCUInit                     
200089d9  _SlDrvDataWriteOp                     
20008b29  spi_Open                              
20008c71  __aeabi_ddiv                          
20008ed1  sl_SendTo                             
20008ff9  _SlDrvDriverCBDeinit                  
2000911d  sl_RecvFrom                           
2000923d  strtoul                               
20009351  _Dscale                               
20009461  _SlDrvNetAppEventHandler              
20009565  __aeabi_dmul                          
20009661  spi_Read                              
20009751  uDMAChannelTransferSet                
20009929  sl_Stop                               
20009a0d  sl_Start                              
20009bc9  _SlDrvMsgReadSpawnCtx                 
20009c9d  _sl_HandleAsync_DnsGetHostByService   
20009d69  sl_NetAppMDNSRegisterUnregisterService
20009ef5  _SlDrvCmdOp                           
20009fb5  _Dnorm                                
2000a075  sl_DevGet                             
2000a129  _SlNonOsSemGet                        
2000a1d5  IntDisable                            
2000a27d  IntEnable                             
2000a325  _SlDriverHandleError                  
2000a3c9  SPIConfigSetExpClk                    
2000a469  __aeabi_memcpy                        
2000a469  __aeabi_memcpy4                       
2000a469  __aeabi_memcpy8                       
2000a469  memcpy                                
2000a505  sl_Bind                               
2000a5a1  _SlDrvDeviceEventHandler              
2000a63d  spi_Write                             
2000a6d5  PRCMPeripheralClockGet                
2000a769  _sl_HandleAsync_DnsGetHostByName      
2000a7f9  _sl_HandleAsync_PingResponse          
2000a9a1  _SlDrvIsTimeoutExpired                
2000aa2d  PinConfigSet                          
2000aab5  vsnprintf                             
2000ab3d  __aeabi_cdcmpeq                       
2000ab3d  __aeabi_cdcmple                       
2000abc3  __aeabi_cdrcmple                      
2000ac49  _sl_HandleAsync_Connect               
2000acc9  _sl_HandleAsync_InitComplete          
2000ae49  sl_NetCfgSet                          
2000aec5  sl_WlanSet                            
2000af41  __aeabi_memclr                        
2000af41  __aeabi_memclr4                       
2000af41  __aeabi_memclr8                       
2000af43  __aeabi_memset                        
2000af43  __aeabi_memset4                       
2000af43  __aeabi_memset8                       
2000af49  memset                                
2000afbd  sl_WlanPolicySet                      
2000b035  spi_Close                             
2000b0ad  UARTConfigSetExpClk                   
2000b125  _SlNonOsMainLoopTask                  
2000b199  sl_Socket                             
2000b209  _SlDrvCmdSend                         
2000b275  _sl_NetAppSendTokenValue              
2000b2e1  __TI_auto_init                        
2000b34d  sl_WlanRxFilterSet                    
2000b423  _Dunscale                             
2000b489  _SlNonOsSpawn                         
2000b4ed  _sl_HandleAsync_Accept                
2000b551  uDMAChannelAttributeDisable           
2000b5b5  uDMAChannelAttributeEnable            
2000b619  IntPendClear                          
2000b671  PRCMPeripheralReset                   
2000b6c9  ltoa                                  
2000b721  IntPrioritySet                        
2000b775  _SlDrvRxIrqHandler                    
2000b7c9  _sl_HandleAsync_Select                
2000b81d  _sl_HandleAsync_Stop                  
2000b86d  SPIIntEnable                          
2000b905  _SlDrvProtectAsyncRespSetting         
2000b99d  atoi                                  
2000b9e9  copy_in                               
2000ba35  uDMAChannelAssign                     
2000ba81  SPIIntClear                           
2000bac9  _SlDrvBasicCmd                        
2000bb11  __aeabi_d2iz                          
2000bb59  sl_NetAppMDNSUnRegisterService        
2000bba1  ldexp                                 
2000bc2d  TimerConfigure                        
2000bc71  _SlDrvHandleHttpServerEvents          
2000bcb5  _SlDrvSyncObjWaitTimeout              
2000bd3d  C$$EXIT                               
2000bd41  abort                                 
2000bd49  exit                                  
2000bd81  sl_Close                              
2000bdc5  sl_WlanProfileDel                     
2000be09  sl_WlanSetMode                        
2000be4d  sl_Htonl                              
2000be91  PinModeSet                            
2000bed1  _SlDrvHandleNetAppEvents              
2000bf11  _SlDrvHandleWlanEvents                
2000bf91  signal                                
2000bfd1  strtok                                
2000c011  NwpRegisterInterruptHandler           
2000c08d  PRCMPeripheralClkEnable               
2000c0c9  _c_int00                              
2000c105  simplelink_timerA2_start              
2000c141  sl_Htons                              
2000c17d  uDMAChannelControlSet                 
2000c1b9  NwpPowerOff                           
2000c1f1  PRCMPeripheralStatusGet               
2000c225  SPIFIFOLevelSet                       
2000c259  feraiseexcept                         
2000c28d  UARTDisable                           
2000c2bd  _Feraise                              
2000c2ed  __aeabi_i2d                           
2000c31b  raise                                 
2000c349  PRCMSysResetCauseGet                  
2000c3a1  _SlDrvProtectionObjLockWaitForever    
2000c3cd  TimerLoadSet                          
2000c3f7  TimerPrescaleSet                      
2000c421  strspn                                
2000c44b  _Dclass                               
2000c475  PRCMPeripheralClkDisable              
2000c49d  _SlDrvGlobalObjUnLock                 
2000c4c5  _SlDrvProtectionObjUnLock             
2000c4ed  _SlDrvSyncObjWaitForever              
2000c515  sl_Provisioning_HttpServerEventHdl    
2000c523  sl_Provisioning_NetAppEventHdl        
2000c52f  sl_Provisioning_WlanEventHdl          
2000c53d  DmaSpiSwIntHandler                    
2000c561  IntUnregister                         
2000c585  UARTEnable                            
2000c5a9  _SlDrvObjLockWaitForever              
2000c5cd  memmove                               
2000c5f1  strcspn                               
2000c615  SPIReset                              
2000c637  SPIWordCountSet                       
2000c659  frexp                                 
2000c67d  IntRegister                           
2000c69d  NwpPowerOn                            
2000c6bd  TimerGetCurrentTimestamp              
2000c6dd  _SlDrvObjUnLock                       
2000c6fd  _SlDrvSyncObjSignal                   
2000c71d  sl_WlanDisconnect                     
2000c73d  TimerEnable                           
2000c75b  UARTCharPut                           
2000c797  TimerValueGet                         
2000c7b3  UARTCharGetNonBlocking                
2000c7cf  _SlDrvStartMeasureTimeout             
2000c7eb  PinMuxConfig                          
2000c807  memccpy                               
2000c825  uDMAChannelDisable                    
2000c841  uDMAChannelEnable                     
2000c85d  uDMAChannelRequest                    
2000c879  PinTypeUART                           
2000c893  SPIDmaDisable                         
2000c8ad  SPIDmaEnable                          
2000c8c7  SPIFIFODisable                        
2000c8e1  SPIFIFOEnable                         
2000c8fb  SPIIntUnregister                      
2000c915  SPICSDisable                          
2000c92d  SPICSEnable                           
2000c945  SPIDisable                            
2000c95d  SPIEnable                             
2000c975  UARTCharsAvail                        
2000c98d  _SlNonOsSemSet                        
2000c9bd  _args_main                            
2000c9d5  PRCMHIBRegRead                        
2000c9eb  PRCMHIBRegWrite                       
2000ca01  UARTCharGet                           
2000ca17  _SlDrvMemZero                         
2000ca2d  strchr                                
2000ca43  uDMAIntRegister                       
2000ca59  CPUcpsie                              
2000ca6d  IntVTableBaseSet                      
2000ca81  _register_unlock                      
2000ca87  _register_lock                        
2000ca8f  _nop                                  
2000ca95  strlen                                
2000caa9  uDMAControlBaseSet                    
2000cabd  uDMAIntClear                          
2000cad1  uDMAIntUnregister                     
2000cae3  _SlDrvDispatchHttpServerEvents        
2000caf3  _SlDrvResetCmdExt                     
2000cb01  __TI_decompress_none                  
2000cb0f  ResetISR                              
2000cb1d  NwpMaskInterrupt                      
2000cb29  NwpUnMaskInterrupt                    
2000cb35  __TI_zero_init                        
2000cb41  uDMADisable                           
2000cb4d  uDMAEnable                            
2000cb59  uDMAIntStatus                         
2000cb65  IntMasterEnable                       
2000cb6f  UtilsDelay                            
2000cb75  __TI_decompress_rle24                 
2000cb7b  _system_pre_init                      
2000cb80  _ctypes_                              
2000cfcc  OpcodeTranslateTable                  
2000d044  _SlActionLookupTable                  
2000d130  _SlNetAppSendTokenValueCmdCtrl        
2000d208  __TI_static_base__                    
2000d270  __TI_Handler_Table_Base               
2000d27c  __TI_Handler_Table_Limit              
2000d288  __TI_CINIT_Base                       
2000d298  __TI_CINIT_Limit                      
20017000  _sys_memory                           
20017800  gpCtlTbl                              
20017d68  gfpAppCallbackHndl                    
20017e68  g_ucDinDout                           
20017eb8  g_ucConnectionSSID                    
20017edc  g_cBsdBuf                             
20017ee8  g_ucConnectionBSSID                   
20017ef4  RxIrqCnt                              
20017ef5  g_bDeviceRestartIsRequired            
20017ef6  g_cDummy                              
20017ef7  iDone                                 
20017fa8  _Denorm                               
20017fb8  _Eps                                  
20017fc8  _Hugeval                              
20017fd8  _Inf                                  
20017fe8  _Nan                                  
20017ff8  _Snan                                 
20018008  _Rteps                                
20018018  _Xbig                                 
20018020  _Zero                                 
20018028  g__SlNonOsCB                          
20018064  g_ulStatus                            
20018068  g_ulGatewayIP                         
2001806c  g_ulDestinationIp                     
20018070  g_uiPortNum                           
20018074  g_ulPacketCount                       
20018078  g_ucSimplelinkstarted                 
2001807c  g_ulIpAddr                            
20018084  g_pCB                                 
20018088  pPingCallBackFunc                     
2001809c  g_SpiFd                               
200180a0  g_pHostIntHdl                         
200180a4  g_ucDMAEnabled                        
200180a8  _lock                                 
200180ac  _unlock                               
200180b0  __TI_cleanup_ptr                      
200180b4  __TI_dtors_ptr                        
200180b8  _Fenv                                 
200180bc  _Tls_setup__Fenv                      
200180c0  _Errno                                
200180c4  main_func_sp                          
2002f800  __stack                               
20030000  __STACK_END                           
ffffffff  __binit__                             
ffffffff  __c_args__                            
ffffffff  binit                                 
UNDEFED   SHT$$INIT_ARRAY$$Base                 
UNDEFED   SHT$$INIT_ARRAY$$Limit                

[295 symbols]
