<?xml version="1.0"?>
<link_info>
   <banner>TI ARM Linker PC v5.2.7</banner>
   <copyright>Copyright (c) 1996-2015 Texas Instruments Incorporated</copyright>
   <link_time>0x57694116</link_time>
   <link_errors>0x0</link_errors>
   <output_file>udp_socket.out</output_file>
   <entry_point>
      <name>_c_int00</name>
      <address>0x2000c0c9</address>
   </entry_point>
   <input_file_list>
      <input_file id="fl-2">
         <path>.\</path>
         <kind>object</kind>
         <file>main.obj</file>
         <name>main.obj</name>
      </input_file>
      <input_file id="fl-3">
         <path>.\</path>
         <kind>object</kind>
         <file>network_common.obj</file>
         <name>network_common.obj</name>
      </input_file>
      <input_file id="fl-4">
         <path>.\</path>
         <kind>object</kind>
         <file>pinmux.obj</file>
         <name>pinmux.obj</name>
      </input_file>
      <input_file id="fl-5">
         <path>.\</path>
         <kind>object</kind>
         <file>startup_ccs.obj</file>
         <name>startup_ccs.obj</name>
      </input_file>
      <input_file id="fl-6">
         <path>.\</path>
         <kind>object</kind>
         <file>uart_if.obj</file>
         <name>uart_if.obj</name>
      </input_file>
      <input_file id="fl-7">
         <path>.\</path>
         <kind>object</kind>
         <file>udma_if.obj</file>
         <name>udma_if.obj</name>
      </input_file>
      <input_file id="fl-12f">
         <path>D:\ti\ccsv6\tools\compiler\ti-cgt-arm_5.2.7\lib\</path>
         <kind>archive</kind>
         <file>rtsv7M4_T_le_eabi.lib</file>
         <name>boot.obj</name>
      </input_file>
      <input_file id="fl-130">
         <path>D:\ti\ccsv6\tools\compiler\ti-cgt-arm_5.2.7\lib\</path>
         <kind>archive</kind>
         <file>rtsv7M4_T_le_eabi.lib</file>
         <name>copy_decompress_none.obj</name>
      </input_file>
      <input_file id="fl-131">
         <path>D:\ti\ccsv6\tools\compiler\ti-cgt-arm_5.2.7\lib\</path>
         <kind>archive</kind>
         <file>rtsv7M4_T_le_eabi.lib</file>
         <name>copy_decompress_rle.obj</name>
      </input_file>
      <input_file id="fl-132">
         <path>D:\ti\ccsv6\tools\compiler\ti-cgt-arm_5.2.7\lib\</path>
         <kind>archive</kind>
         <file>rtsv7M4_T_le_eabi.lib</file>
         <name>copy_zero_init.obj</name>
      </input_file>
      <input_file id="fl-133">
         <path>D:\ti\ccsv6\tools\compiler\ti-cgt-arm_5.2.7\lib\</path>
         <kind>archive</kind>
         <file>rtsv7M4_T_le_eabi.lib</file>
         <name>exit.obj</name>
      </input_file>
      <input_file id="fl-134">
         <path>D:\ti\ccsv6\tools\compiler\ti-cgt-arm_5.2.7\lib\</path>
         <kind>archive</kind>
         <file>rtsv7M4_T_le_eabi.lib</file>
         <name>memcpy_t2.obj</name>
      </input_file>
      <input_file id="fl-135">
         <path>D:\ti\ccsv6\tools\compiler\ti-cgt-arm_5.2.7\lib\</path>
         <kind>archive</kind>
         <file>rtsv7M4_T_le_eabi.lib</file>
         <name>memmov.obj</name>
      </input_file>
      <input_file id="fl-136">
         <path>D:\ti\ccsv6\tools\compiler\ti-cgt-arm_5.2.7\lib\</path>
         <kind>archive</kind>
         <file>rtsv7M4_T_le_eabi.lib</file>
         <name>memory.obj</name>
      </input_file>
      <input_file id="fl-137">
         <path>D:\ti\ccsv6\tools\compiler\ti-cgt-arm_5.2.7\lib\</path>
         <kind>archive</kind>
         <file>rtsv7M4_T_le_eabi.lib</file>
         <name>memset_t2.obj</name>
      </input_file>
      <input_file id="fl-138">
         <path>D:\ti\ccsv6\tools\compiler\ti-cgt-arm_5.2.7\lib\</path>
         <kind>archive</kind>
         <file>rtsv7M4_T_le_eabi.lib</file>
         <name>pre_init.obj</name>
      </input_file>
      <input_file id="fl-139">
         <path>D:\ti\ccsv6\tools\compiler\ti-cgt-arm_5.2.7\lib\</path>
         <kind>archive</kind>
         <file>rtsv7M4_T_le_eabi.lib</file>
         <name>stkdepth_vars.obj</name>
      </input_file>
      <input_file id="fl-13a">
         <path>D:\ti\ccsv6\tools\compiler\ti-cgt-arm_5.2.7\lib\</path>
         <kind>archive</kind>
         <file>rtsv7M4_T_le_eabi.lib</file>
         <name>strlen.obj</name>
      </input_file>
      <input_file id="fl-13b">
         <path>D:\ti\ccsv6\tools\compiler\ti-cgt-arm_5.2.7\lib\</path>
         <kind>archive</kind>
         <file>rtsv7M4_T_le_eabi.lib</file>
         <name>strtok.obj</name>
      </input_file>
      <input_file id="fl-13c">
         <path>D:\ti\ccsv6\tools\compiler\ti-cgt-arm_5.2.7\lib\</path>
         <kind>archive</kind>
         <file>rtsv7M4_T_le_eabi.lib</file>
         <name>strtoul.obj</name>
      </input_file>
      <input_file id="fl-13d">
         <path>D:\ti\ccsv6\tools\compiler\ti-cgt-arm_5.2.7\lib\</path>
         <kind>archive</kind>
         <file>rtsv7M4_T_le_eabi.lib</file>
         <name>vsnprintf.obj</name>
      </input_file>
      <input_file id="fl-13e">
         <path>D:\ti\ccsv6\tools\compiler\ti-cgt-arm_5.2.7\lib\</path>
         <kind>archive</kind>
         <file>rtsv7M4_T_le_eabi.lib</file>
         <name>_lock.obj</name>
      </input_file>
      <input_file id="fl-13f">
         <path>D:\ti\ccsv6\tools\compiler\ti-cgt-arm_5.2.7\lib\</path>
         <kind>archive</kind>
         <file>rtsv7M4_T_le_eabi.lib</file>
         <name>_printfi.obj</name>
      </input_file>
      <input_file id="fl-140">
         <path>D:\ti\ccsv6\tools\compiler\ti-cgt-arm_5.2.7\lib\</path>
         <kind>archive</kind>
         <file>rtsv7M4_T_le_eabi.lib</file>
         <name>args_main.obj</name>
      </input_file>
      <input_file id="fl-141">
         <path>D:\ti\ccsv6\tools\compiler\ti-cgt-arm_5.2.7\lib\</path>
         <kind>archive</kind>
         <file>rtsv7M4_T_le_eabi.lib</file>
         <name>atoi.obj</name>
      </input_file>
      <input_file id="fl-142">
         <path>D:\ti\ccsv6\tools\compiler\ti-cgt-arm_5.2.7\lib\</path>
         <kind>archive</kind>
         <file>rtsv7M4_T_le_eabi.lib</file>
         <name>autoinit.obj</name>
      </input_file>
      <input_file id="fl-143">
         <path>D:\ti\ccsv6\tools\compiler\ti-cgt-arm_5.2.7\lib\</path>
         <kind>archive</kind>
         <file>rtsv7M4_T_le_eabi.lib</file>
         <name>cpy_tbl.obj</name>
      </input_file>
      <input_file id="fl-144">
         <path>D:\ti\ccsv6\tools\compiler\ti-cgt-arm_5.2.7\lib\</path>
         <kind>archive</kind>
         <file>rtsv7M4_T_le_eabi.lib</file>
         <name>ctype.obj</name>
      </input_file>
      <input_file id="fl-145">
         <path>D:\ti\ccsv6\tools\compiler\ti-cgt-arm_5.2.7\lib\</path>
         <kind>archive</kind>
         <file>rtsv7M4_T_le_eabi.lib</file>
         <name>errno.obj</name>
      </input_file>
      <input_file id="fl-146">
         <path>D:\ti\ccsv6\tools\compiler\ti-cgt-arm_5.2.7\lib\</path>
         <kind>archive</kind>
         <file>rtsv7M4_T_le_eabi.lib</file>
         <name>fd_add_t2.obj</name>
      </input_file>
      <input_file id="fl-147">
         <path>D:\ti\ccsv6\tools\compiler\ti-cgt-arm_5.2.7\lib\</path>
         <kind>archive</kind>
         <file>rtsv7M4_T_le_eabi.lib</file>
         <name>fd_cmp_t2.obj</name>
      </input_file>
      <input_file id="fl-148">
         <path>D:\ti\ccsv6\tools\compiler\ti-cgt-arm_5.2.7\lib\</path>
         <kind>archive</kind>
         <file>rtsv7M4_T_le_eabi.lib</file>
         <name>fd_div_t2.obj</name>
      </input_file>
      <input_file id="fl-149">
         <path>D:\ti\ccsv6\tools\compiler\ti-cgt-arm_5.2.7\lib\</path>
         <kind>archive</kind>
         <file>rtsv7M4_T_le_eabi.lib</file>
         <name>fd_mul_t2.obj</name>
      </input_file>
      <input_file id="fl-14a">
         <path>D:\ti\ccsv6\tools\compiler\ti-cgt-arm_5.2.7\lib\</path>
         <kind>archive</kind>
         <file>rtsv7M4_T_le_eabi.lib</file>
         <name>fd_toi_t2.obj</name>
      </input_file>
      <input_file id="fl-14b">
         <path>D:\ti\ccsv6\tools\compiler\ti-cgt-arm_5.2.7\lib\</path>
         <kind>archive</kind>
         <file>rtsv7M4_T_le_eabi.lib</file>
         <name>frexp.obj</name>
      </input_file>
      <input_file id="fl-14c">
         <path>D:\ti\ccsv6\tools\compiler\ti-cgt-arm_5.2.7\lib\</path>
         <kind>archive</kind>
         <file>rtsv7M4_T_le_eabi.lib</file>
         <name>i_tofd_t2.obj</name>
      </input_file>
      <input_file id="fl-14d">
         <path>D:\ti\ccsv6\tools\compiler\ti-cgt-arm_5.2.7\lib\</path>
         <kind>archive</kind>
         <file>rtsv7M4_T_le_eabi.lib</file>
         <name>ldexp.obj</name>
      </input_file>
      <input_file id="fl-14e">
         <path>D:\ti\ccsv6\tools\compiler\ti-cgt-arm_5.2.7\lib\</path>
         <kind>archive</kind>
         <file>rtsv7M4_T_le_eabi.lib</file>
         <name>ltoa.obj</name>
      </input_file>
      <input_file id="fl-14f">
         <path>D:\ti\ccsv6\tools\compiler\ti-cgt-arm_5.2.7\lib\</path>
         <kind>archive</kind>
         <file>rtsv7M4_T_le_eabi.lib</file>
         <name>memccpy.obj</name>
      </input_file>
      <input_file id="fl-150">
         <path>D:\ti\ccsv6\tools\compiler\ti-cgt-arm_5.2.7\lib\</path>
         <kind>archive</kind>
         <file>rtsv7M4_T_le_eabi.lib</file>
         <name>strchr.obj</name>
      </input_file>
      <input_file id="fl-151">
         <path>D:\ti\ccsv6\tools\compiler\ti-cgt-arm_5.2.7\lib\</path>
         <kind>archive</kind>
         <file>rtsv7M4_T_le_eabi.lib</file>
         <name>strcspn.obj</name>
      </input_file>
      <input_file id="fl-152">
         <path>D:\ti\ccsv6\tools\compiler\ti-cgt-arm_5.2.7\lib\</path>
         <kind>archive</kind>
         <file>rtsv7M4_T_le_eabi.lib</file>
         <name>strspn.obj</name>
      </input_file>
      <input_file id="fl-153">
         <path>D:\ti\ccsv6\tools\compiler\ti-cgt-arm_5.2.7\lib\</path>
         <kind>archive</kind>
         <file>rtsv7M4_T_le_eabi.lib</file>
         <name>ull_div_t2.obj</name>
      </input_file>
      <input_file id="fl-154">
         <path>D:\ti\ccsv6\tools\compiler\ti-cgt-arm_5.2.7\lib\</path>
         <kind>archive</kind>
         <file>rtsv7M4_T_le_eabi.lib</file>
         <name>xdclass.obj</name>
      </input_file>
      <input_file id="fl-155">
         <path>D:\ti\ccsv6\tools\compiler\ti-cgt-arm_5.2.7\lib\</path>
         <kind>archive</kind>
         <file>rtsv7M4_T_le_eabi.lib</file>
         <name>xdscale.obj</name>
      </input_file>
      <input_file id="fl-156">
         <path>D:\ti\ccsv6\tools\compiler\ti-cgt-arm_5.2.7\lib\</path>
         <kind>archive</kind>
         <file>rtsv7M4_T_le_eabi.lib</file>
         <name>xdunscal.obj</name>
      </input_file>
      <input_file id="fl-157">
         <path>D:\ti\ccsv6\tools\compiler\ti-cgt-arm_5.2.7\lib\</path>
         <kind>archive</kind>
         <file>rtsv7M4_T_le_eabi.lib</file>
         <name>xferaise.obj</name>
      </input_file>
      <input_file id="fl-158">
         <path>D:\ti\ccsv6\tools\compiler\ti-cgt-arm_5.2.7\lib\</path>
         <kind>archive</kind>
         <file>rtsv7M4_T_le_eabi.lib</file>
         <name>xvalues.obj</name>
      </input_file>
      <input_file id="fl-159">
         <path>D:\ti\ccsv6\tools\compiler\ti-cgt-arm_5.2.7\lib\</path>
         <kind>archive</kind>
         <file>rtsv7M4_T_le_eabi.lib</file>
         <name>feraiseexcept.obj</name>
      </input_file>
      <input_file id="fl-15a">
         <path>D:\ti\ccsv6\tools\compiler\ti-cgt-arm_5.2.7\lib\</path>
         <kind>archive</kind>
         <file>rtsv7M4_T_le_eabi.lib</file>
         <name>raise.obj</name>
      </input_file>
      <input_file id="fl-15b">
         <path>D:\ti\ccsv6\tools\compiler\ti-cgt-arm_5.2.7\lib\</path>
         <kind>archive</kind>
         <file>rtsv7M4_T_le_eabi.lib</file>
         <name>signal.obj</name>
      </input_file>
      <input_file id="fl-15c">
         <path>D:\ti\ccsv6\tools\compiler\ti-cgt-arm_5.2.7\lib\</path>
         <kind>archive</kind>
         <file>rtsv7M4_T_le_eabi.lib</file>
         <name>xdnorm.obj</name>
      </input_file>
      <input_file id="fl-15d">
         <path>D:\Documents\MyWorkspaces\CCS-Suppl\CC3200-WIFI-Example\cc3200-sdk\example\udp_socket\ccs\..\..\..\simplelink\ccs\NON_OS\</path>
         <kind>archive</kind>
         <file>simplelink.a</file>
         <name>device.obj</name>
      </input_file>
      <input_file id="fl-15e">
         <path>D:\Documents\MyWorkspaces\CCS-Suppl\CC3200-WIFI-Example\cc3200-sdk\example\udp_socket\ccs\..\..\..\simplelink\ccs\NON_OS\</path>
         <kind>archive</kind>
         <file>simplelink.a</file>
         <name>driver.obj</name>
      </input_file>
      <input_file id="fl-15f">
         <path>D:\Documents\MyWorkspaces\CCS-Suppl\CC3200-WIFI-Example\cc3200-sdk\example\udp_socket\ccs\..\..\..\simplelink\ccs\NON_OS\</path>
         <kind>archive</kind>
         <file>simplelink.a</file>
         <name>netapp.obj</name>
      </input_file>
      <input_file id="fl-160">
         <path>D:\Documents\MyWorkspaces\CCS-Suppl\CC3200-WIFI-Example\cc3200-sdk\example\udp_socket\ccs\..\..\..\simplelink\ccs\NON_OS\</path>
         <kind>archive</kind>
         <file>simplelink.a</file>
         <name>netcfg.obj</name>
      </input_file>
      <input_file id="fl-161">
         <path>D:\Documents\MyWorkspaces\CCS-Suppl\CC3200-WIFI-Example\cc3200-sdk\example\udp_socket\ccs\..\..\..\simplelink\ccs\NON_OS\</path>
         <kind>archive</kind>
         <file>simplelink.a</file>
         <name>nonos.obj</name>
      </input_file>
      <input_file id="fl-162">
         <path>D:\Documents\MyWorkspaces\CCS-Suppl\CC3200-WIFI-Example\cc3200-sdk\example\udp_socket\ccs\..\..\..\simplelink\ccs\NON_OS\</path>
         <kind>archive</kind>
         <file>simplelink.a</file>
         <name>socket.obj</name>
      </input_file>
      <input_file id="fl-163">
         <path>D:\Documents\MyWorkspaces\CCS-Suppl\CC3200-WIFI-Example\cc3200-sdk\example\udp_socket\ccs\..\..\..\simplelink\ccs\NON_OS\</path>
         <kind>archive</kind>
         <file>simplelink.a</file>
         <name>wlan.obj</name>
      </input_file>
      <input_file id="fl-164">
         <path>D:\Documents\MyWorkspaces\CCS-Suppl\CC3200-WIFI-Example\cc3200-sdk\example\udp_socket\ccs\..\..\..\simplelink\ccs\NON_OS\</path>
         <kind>archive</kind>
         <file>simplelink.a</file>
         <name>cc_pal.obj</name>
      </input_file>
      <input_file id="fl-165">
         <path>D:\Documents\MyWorkspaces\CCS-Suppl\CC3200-WIFI-Example\cc3200-sdk\example\udp_socket\ccs\..\..\..\driverlib\ccs\Release\</path>
         <kind>archive</kind>
         <file>driverlib.a</file>
         <name>interrupt.obj</name>
      </input_file>
      <input_file id="fl-166">
         <path>D:\Documents\MyWorkspaces\CCS-Suppl\CC3200-WIFI-Example\cc3200-sdk\example\udp_socket\ccs\..\..\..\driverlib\ccs\Release\</path>
         <kind>archive</kind>
         <file>driverlib.a</file>
         <name>pin.obj</name>
      </input_file>
      <input_file id="fl-167">
         <path>D:\Documents\MyWorkspaces\CCS-Suppl\CC3200-WIFI-Example\cc3200-sdk\example\udp_socket\ccs\..\..\..\driverlib\ccs\Release\</path>
         <kind>archive</kind>
         <file>driverlib.a</file>
         <name>prcm.obj</name>
      </input_file>
      <input_file id="fl-168">
         <path>D:\Documents\MyWorkspaces\CCS-Suppl\CC3200-WIFI-Example\cc3200-sdk\example\udp_socket\ccs\..\..\..\driverlib\ccs\Release\</path>
         <kind>archive</kind>
         <file>driverlib.a</file>
         <name>spi.obj</name>
      </input_file>
      <input_file id="fl-169">
         <path>D:\Documents\MyWorkspaces\CCS-Suppl\CC3200-WIFI-Example\cc3200-sdk\example\udp_socket\ccs\..\..\..\driverlib\ccs\Release\</path>
         <kind>archive</kind>
         <file>driverlib.a</file>
         <name>timer.obj</name>
      </input_file>
      <input_file id="fl-16a">
         <path>D:\Documents\MyWorkspaces\CCS-Suppl\CC3200-WIFI-Example\cc3200-sdk\example\udp_socket\ccs\..\..\..\driverlib\ccs\Release\</path>
         <kind>archive</kind>
         <file>driverlib.a</file>
         <name>uart.obj</name>
      </input_file>
      <input_file id="fl-16b">
         <path>D:\Documents\MyWorkspaces\CCS-Suppl\CC3200-WIFI-Example\cc3200-sdk\example\udp_socket\ccs\..\..\..\driverlib\ccs\Release\</path>
         <kind>archive</kind>
         <file>driverlib.a</file>
         <name>udma.obj</name>
      </input_file>
      <input_file id="fl-16c">
         <path>D:\Documents\MyWorkspaces\CCS-Suppl\CC3200-WIFI-Example\cc3200-sdk\example\udp_socket\ccs\..\..\..\driverlib\ccs\Release\</path>
         <kind>archive</kind>
         <file>driverlib.a</file>
         <name>utils.obj</name>
      </input_file>
      <input_file id="fl-16d">
         <path>D:\Documents\MyWorkspaces\CCS-Suppl\CC3200-WIFI-Example\cc3200-sdk\example\udp_socket\ccs\..\..\..\driverlib\ccs\Release\</path>
         <kind>archive</kind>
         <file>driverlib.a</file>
         <name>cpu.obj</name>
      </input_file>
      <input_file id="fl-16e">
         <path>D:\Documents\MyWorkspaces\CCS-Suppl\CC3200-WIFI-Example\cc3200-sdk\example\udp_socket\ccs\..\..\..\driverlib\ccs\Release\</path>
         <kind>archive</kind>
         <file>driverlib.a</file>
         <name>flash.obj</name>
      </input_file>
   </input_file_list>
   <object_component_list>
      <object_component id="oc-f">
         <name>.intvecs</name>
         <load_address>0x20004000</load_address>
         <run_address>0x20004000</run_address>
         <size>0x400</size>
         <input_file_ref idref="fl-5"/>
      </object_component>
      <object_component id="oc-9f">
         <name>.text</name>
         <load_address>0x20004400</load_address>
         <run_address>0x20004400</run_address>
         <size>0x13b4</size>
         <input_file_ref idref="fl-2"/>
      </object_component>
      <object_component id="oc-3c3">
         <name>.text</name>
         <load_address>0x200057b4</load_address>
         <run_address>0x200057b4</run_address>
         <size>0x10a6</size>
         <input_file_ref idref="fl-13f"/>
      </object_component>
      <object_component id="oc-60f">
         <name>.text:IntDefaultHandler</name>
         <load_address>0x2000685a</load_address>
         <run_address>0x2000685a</run_address>
         <size>0x2</size>
         <input_file_ref idref="fl-165"/>
      </object_component>
      <object_component id="oc-61e">
         <name>.text:_SlDrvMsgRead</name>
         <load_address>0x2000685c</load_address>
         <run_address>0x2000685c</run_address>
         <size>0x590</size>
         <input_file_ref idref="fl-15e"/>
      </object_component>
      <object_component id="oc-1f3">
         <name>.text</name>
         <load_address>0x20006dec</load_address>
         <run_address>0x20006dec</run_address>
         <size>0x3dc</size>
         <input_file_ref idref="fl-136"/>
      </object_component>
      <object_component id="oc-cc">
         <name>.text</name>
         <load_address>0x200071c8</load_address>
         <run_address>0x200071c8</run_address>
         <size>0x280</size>
         <input_file_ref idref="fl-6"/>
      </object_component>
      <object_component id="oc-167">
         <name>.text:sl_WlanConnect</name>
         <load_address>0x20007448</load_address>
         <run_address>0x20007448</run_address>
         <size>0x260</size>
         <input_file_ref idref="fl-163"/>
      </object_component>
      <object_component id="oc-6a3">
         <name>.text:_SlDrvRxHdrRead</name>
         <load_address>0x200076a8</load_address>
         <run_address>0x200076a8</run_address>
         <size>0x23c</size>
         <input_file_ref idref="fl-15e"/>
      </object_component>
      <object_component id="oc-56d">
         <name>.text</name>
         <load_address>0x200078e4</load_address>
         <run_address>0x200078e4</run_address>
         <size>0x1f4</size>
         <input_file_ref idref="fl-153"/>
      </object_component>
      <object_component id="oc-2fc">
         <name>.text:_SlDrvDataReadOp</name>
         <load_address>0x20007ad8</load_address>
         <run_address>0x20007ad8</run_address>
         <size>0x1e4</size>
         <input_file_ref idref="fl-15e"/>
      </object_component>
      <object_component id="oc-246">
         <name>.text:_SlDrvReleasePoolObj</name>
         <load_address>0x20007cbc</load_address>
         <run_address>0x20007cbc</run_address>
         <size>0x1d0</size>
         <input_file_ref idref="fl-15e"/>
      </object_component>
      <object_component id="oc-186">
         <name>.text</name>
         <load_address>0x20007e8c</load_address>
         <run_address>0x20007e8c</run_address>
         <size>0x1cc</size>
         <input_file_ref idref="fl-7"/>
      </object_component>
      <object_component id="oc-596">
         <name>.text</name>
         <load_address>0x20008058</load_address>
         <run_address>0x20008058</run_address>
         <size>0x1b6</size>
         <input_file_ref idref="fl-146"/>
      </object_component>
      <object_component id="oc-21c">
         <name>.text:_SlDrvDriverCBInit</name>
         <load_address>0x20008210</load_address>
         <run_address>0x20008210</run_address>
         <size>0x1b4</size>
         <input_file_ref idref="fl-15e"/>
      </object_component>
      <object_component id="oc-4c7">
         <name>.text:_SlDrvMsgWrite</name>
         <load_address>0x200083c4</load_address>
         <run_address>0x200083c4</run_address>
         <size>0x19c</size>
         <input_file_ref idref="fl-15e"/>
      </object_component>
      <object_component id="oc-44f">
         <name>.text:_SlDrvWaitForPoolObj</name>
         <load_address>0x20008560</load_address>
         <run_address>0x20008560</run_address>
         <size>0x190</size>
         <input_file_ref idref="fl-15e"/>
      </object_component>
      <object_component id="oc-180">
         <name>.text:PRCMCC3200MCUInit</name>
         <load_address>0x200086f0</load_address>
         <run_address>0x200086f0</run_address>
         <size>0x178</size>
         <input_file_ref idref="fl-167"/>
      </object_component>
      <object_component id="oc-6b5">
         <name>.text:_SlFindAndSetActiveObj</name>
         <load_address>0x20008868</load_address>
         <run_address>0x20008868</run_address>
         <size>0x170</size>
         <input_file_ref idref="fl-15e"/>
      </object_component>
      <object_component id="oc-2f3">
         <name>.text:_SlDrvDataWriteOp</name>
         <load_address>0x200089d8</load_address>
         <run_address>0x200089d8</run_address>
         <size>0x150</size>
         <input_file_ref idref="fl-15e"/>
      </object_component>
      <object_component id="oc-222">
         <name>.text:spi_Open</name>
         <load_address>0x20008b28</load_address>
         <run_address>0x20008b28</run_address>
         <size>0x148</size>
         <input_file_ref idref="fl-164"/>
      </object_component>
      <object_component id="oc-57c">
         <name>.text</name>
         <load_address>0x20008c70</load_address>
         <run_address>0x20008c70</run_address>
         <size>0x136</size>
         <input_file_ref idref="fl-148"/>
      </object_component>
      <object_component id="oc-4cd">
         <name>.text:_SlDrvMsgReadCmdCtx</name>
         <load_address>0x20008da8</load_address>
         <run_address>0x20008da8</run_address>
         <size>0x128</size>
         <input_file_ref idref="fl-15e"/>
      </object_component>
      <object_component id="oc-14f">
         <name>.text:sl_SendTo</name>
         <load_address>0x20008ed0</load_address>
         <run_address>0x20008ed0</run_address>
         <size>0x128</size>
         <input_file_ref idref="fl-162"/>
      </object_component>
      <object_component id="oc-285">
         <name>.text:_SlDrvDriverCBDeinit</name>
         <load_address>0x20008ff8</load_address>
         <run_address>0x20008ff8</run_address>
         <size>0x124</size>
         <input_file_ref idref="fl-15e"/>
      </object_component>
      <object_component id="oc-161">
         <name>.text:sl_RecvFrom</name>
         <load_address>0x2000911c</load_address>
         <run_address>0x2000911c</run_address>
         <size>0x120</size>
         <input_file_ref idref="fl-162"/>
      </object_component>
      <object_component id="oc-130">
         <name>.text</name>
         <load_address>0x2000923c</load_address>
         <run_address>0x2000923c</run_address>
         <size>0x114</size>
         <input_file_ref idref="fl-13c"/>
      </object_component>
      <object_component id="oc-674">
         <name>.text</name>
         <load_address>0x20009350</load_address>
         <run_address>0x20009350</run_address>
         <size>0x110</size>
         <input_file_ref idref="fl-155"/>
      </object_component>
      <object_component id="oc-727">
         <name>.text:_SlDrvNetAppEventHandler</name>
         <load_address>0x20009460</load_address>
         <run_address>0x20009460</run_address>
         <size>0x104</size>
         <input_file_ref idref="fl-15f"/>
      </object_component>
      <object_component id="oc-577">
         <name>.text</name>
         <load_address>0x20009564</load_address>
         <run_address>0x20009564</run_address>
         <size>0xfc</size>
         <input_file_ref idref="fl-149"/>
      </object_component>
      <object_component id="oc-6af">
         <name>.text:spi_Read</name>
         <load_address>0x20009660</load_address>
         <run_address>0x20009660</run_address>
         <size>0xf0</size>
         <input_file_ref idref="fl-164"/>
      </object_component>
      <object_component id="oc-38f">
         <name>.text:uDMAChannelTransferSet</name>
         <load_address>0x20009750</load_address>
         <run_address>0x20009750</run_address>
         <size>0xf0</size>
         <input_file_ref idref="fl-16b"/>
      </object_component>
      <object_component id="oc-624">
         <name>.text:_SlAsyncEventGenericHandler</name>
         <load_address>0x20009840</load_address>
         <run_address>0x20009840</run_address>
         <size>0xe8</size>
         <input_file_ref idref="fl-15e"/>
      </object_component>
      <object_component id="oc-ed">
         <name>.text:sl_Stop</name>
         <load_address>0x20009928</load_address>
         <run_address>0x20009928</run_address>
         <size>0xe4</size>
         <input_file_ref idref="fl-15d"/>
      </object_component>
      <object_component id="oc-db">
         <name>.text:sl_Start</name>
         <load_address>0x20009a0c</load_address>
         <run_address>0x20009a0c</run_address>
         <size>0xe0</size>
         <input_file_ref idref="fl-15d"/>
      </object_component>
      <object_component id="oc-6a9">
         <name>.text:_SlDrvClassifyRxMsg</name>
         <load_address>0x20009aec</load_address>
         <run_address>0x20009aec</run_address>
         <size>0xdc</size>
         <input_file_ref idref="fl-15e"/>
      </object_component>
      <object_component id="oc-4ae">
         <name>.text:_SlDrvMsgReadSpawnCtx</name>
         <load_address>0x20009bc8</load_address>
         <run_address>0x20009bc8</run_address>
         <size>0xd4</size>
         <input_file_ref idref="fl-15e"/>
      </object_component>
      <object_component id="oc-79d">
         <name>.text:_sl_HandleAsync_DnsGetHostByService</name>
         <load_address>0x20009c9c</load_address>
         <run_address>0x20009c9c</run_address>
         <size>0xcc</size>
         <input_file_ref idref="fl-15f"/>
      </object_component>
      <object_component id="oc-2b4">
         <name>.text:sl_NetAppMDNSRegisterUnregisterService</name>
         <load_address>0x20009d68</load_address>
         <run_address>0x20009d68</run_address>
         <size>0xc8</size>
         <input_file_ref idref="fl-15f"/>
      </object_component>
      <object_component id="oc-48b">
         <name>.text:_SlRemoveFromList</name>
         <load_address>0x20009e30</load_address>
         <run_address>0x20009e30</run_address>
         <size>0xc4</size>
         <input_file_ref idref="fl-15e"/>
      </object_component>
      <object_component id="oc-26f">
         <name>.text:_SlDrvCmdOp</name>
         <load_address>0x20009ef4</load_address>
         <run_address>0x20009ef4</run_address>
         <size>0xc0</size>
         <input_file_ref idref="fl-15e"/>
      </object_component>
      <object_component id="oc-6f6">
         <name>.text</name>
         <load_address>0x20009fb4</load_address>
         <run_address>0x20009fb4</run_address>
         <size>0xbe</size>
         <input_file_ref idref="fl-15c"/>
      </object_component>
      <object_component id="oc-f3">
         <name>.text:sl_DevGet</name>
         <load_address>0x2000a074</load_address>
         <run_address>0x2000a074</run_address>
         <size>0xb4</size>
         <input_file_ref idref="fl-15d"/>
      </object_component>
      <object_component id="oc-3e7">
         <name>.text:_SlNonOsSemGet</name>
         <load_address>0x2000a128</load_address>
         <run_address>0x2000a128</run_address>
         <size>0xac</size>
         <input_file_ref idref="fl-161"/>
      </object_component>
      <object_component id="oc-46a">
         <name>.text:IntDisable</name>
         <load_address>0x2000a1d4</load_address>
         <run_address>0x2000a1d4</run_address>
         <size>0xa8</size>
         <input_file_ref idref="fl-165"/>
      </object_component>
      <object_component id="oc-17a">
         <name>.text:IntEnable</name>
         <load_address>0x2000a27c</load_address>
         <run_address>0x2000a27c</run_address>
         <size>0xa8</size>
         <input_file_ref idref="fl-165"/>
      </object_component>
      <object_component id="oc-484">
         <name>.text:_SlDriverHandleError</name>
         <load_address>0x2000a324</load_address>
         <run_address>0x2000a324</run_address>
         <size>0xa4</size>
         <input_file_ref idref="fl-15e"/>
      </object_component>
      <object_component id="oc-404">
         <name>.text:SPIConfigSetExpClk</name>
         <load_address>0x2000a3c8</load_address>
         <run_address>0x2000a3c8</run_address>
         <size>0xa0</size>
         <input_file_ref idref="fl-168"/>
      </object_component>
      <object_component id="oc-36">
         <name>.text</name>
         <load_address>0x2000a468</load_address>
         <run_address>0x2000a468</run_address>
         <size>0x9c</size>
         <input_file_ref idref="fl-134"/>
      </object_component>
      <object_component id="oc-15b">
         <name>.text:sl_Bind</name>
         <load_address>0x2000a504</load_address>
         <run_address>0x2000a504</run_address>
         <size>0x9c</size>
         <input_file_ref idref="fl-162"/>
      </object_component>
      <object_component id="oc-6d9">
         <name>.text:_SlDrvDeviceEventHandler</name>
         <load_address>0x2000a5a0</load_address>
         <run_address>0x2000a5a0</run_address>
         <size>0x9a</size>
         <input_file_ref idref="fl-15d"/>
      </object_component>
      <object_component id="oc-62d">
         <name>.text:spi_Write</name>
         <load_address>0x2000a63c</load_address>
         <run_address>0x2000a63c</run_address>
         <size>0x98</size>
         <input_file_ref idref="fl-164"/>
      </object_component>
      <object_component id="oc-1c3">
         <name>.text:PRCMPeripheralClockGet</name>
         <load_address>0x2000a6d4</load_address>
         <run_address>0x2000a6d4</run_address>
         <size>0x94</size>
         <input_file_ref idref="fl-167"/>
      </object_component>
      <object_component id="oc-797">
         <name>.text:_sl_HandleAsync_DnsGetHostByName</name>
         <load_address>0x2000a768</load_address>
         <run_address>0x2000a768</run_address>
         <size>0x90</size>
         <input_file_ref idref="fl-15f"/>
      </object_component>
      <object_component id="oc-72d">
         <name>.text:_sl_HandleAsync_PingResponse</name>
         <load_address>0x2000a7f8</load_address>
         <run_address>0x2000a7f8</run_address>
         <size>0x90</size>
         <input_file_ref idref="fl-15f"/>
      </object_component>
      <object_component id="oc-734">
         <name>.text:SetupDMAReceive</name>
         <load_address>0x2000a888</load_address>
         <run_address>0x2000a888</run_address>
         <size>0x8c</size>
         <input_file_ref idref="fl-164"/>
      </object_component>
      <object_component id="oc-6c0">
         <name>.text:SetupDMASend</name>
         <load_address>0x2000a914</load_address>
         <run_address>0x2000a914</run_address>
         <size>0x8c</size>
         <input_file_ref idref="fl-164"/>
      </object_component>
      <object_component id="oc-5da">
         <name>.text:_SlDrvIsTimeoutExpired</name>
         <load_address>0x2000a9a0</load_address>
         <run_address>0x2000a9a0</run_address>
         <size>0x8c</size>
         <input_file_ref idref="fl-15e"/>
      </object_component>
      <object_component id="oc-564">
         <name>.text:PinConfigSet</name>
         <load_address>0x2000aa2c</load_address>
         <run_address>0x2000aa2c</run_address>
         <size>0x88</size>
         <input_file_ref idref="fl-166"/>
      </object_component>
      <object_component id="oc-1d5">
         <name>.text</name>
         <load_address>0x2000aab4</load_address>
         <run_address>0x2000aab4</run_address>
         <size>0x88</size>
         <input_file_ref idref="fl-13d"/>
      </object_component>
      <object_component id="oc-572">
         <name>.text:__aeabi_cdcmple</name>
         <load_address>0x2000ab3c</load_address>
         <run_address>0x2000ab3c</run_address>
         <size>0x86</size>
         <input_file_ref idref="fl-147"/>
      </object_component>
      <object_component id="oc-581">
         <name>.text:__aeabi_cdrcmple</name>
         <load_address>0x2000abc2</load_address>
         <run_address>0x2000abc2</run_address>
         <size>0x86</size>
         <input_file_ref idref="fl-147"/>
      </object_component>
      <object_component id="oc-7bf">
         <name>.text:_sl_HandleAsync_Connect</name>
         <load_address>0x2000ac48</load_address>
         <run_address>0x2000ac48</run_address>
         <size>0x80</size>
         <input_file_ref idref="fl-162"/>
      </object_component>
      <object_component id="oc-751">
         <name>.text:_sl_HandleAsync_InitComplete</name>
         <load_address>0x2000acc8</load_address>
         <run_address>0x2000acc8</run_address>
         <size>0x80</size>
         <input_file_ref idref="fl-15d"/>
      </object_component>
      <object_component id="oc-73a">
         <name>.text:spi_Read_CPU</name>
         <load_address>0x2000ad48</load_address>
         <run_address>0x2000ad48</run_address>
         <size>0x80</size>
         <input_file_ref idref="fl-164"/>
      </object_component>
      <object_component id="oc-6d2">
         <name>.text:spi_Write_CPU</name>
         <load_address>0x2000adc8</load_address>
         <run_address>0x2000adc8</run_address>
         <size>0x80</size>
         <input_file_ref idref="fl-164"/>
      </object_component>
      <object_component id="oc-10b">
         <name>.text:sl_NetCfgSet</name>
         <load_address>0x2000ae48</load_address>
         <run_address>0x2000ae48</run_address>
         <size>0x7c</size>
         <input_file_ref idref="fl-160"/>
      </object_component>
      <object_component id="oc-111">
         <name>.text:sl_WlanSet</name>
         <load_address>0x2000aec4</load_address>
         <run_address>0x2000aec4</run_address>
         <size>0x7c</size>
         <input_file_ref idref="fl-163"/>
      </object_component>
      <object_component id="oc-4f">
         <name>.text</name>
         <load_address>0x2000af40</load_address>
         <run_address>0x2000af40</run_address>
         <size>0x7a</size>
         <input_file_ref idref="fl-137"/>
      </object_component>
      <object_component id="oc-f9">
         <name>.text:sl_WlanPolicySet</name>
         <load_address>0x2000afbc</load_address>
         <run_address>0x2000afbc</run_address>
         <size>0x78</size>
         <input_file_ref idref="fl-163"/>
      </object_component>
      <object_component id="oc-27f">
         <name>.text:spi_Close</name>
         <load_address>0x2000b034</load_address>
         <run_address>0x2000b034</run_address>
         <size>0x78</size>
         <input_file_ref idref="fl-164"/>
      </object_component>
      <object_component id="oc-1c9">
         <name>.text:UARTConfigSetExpClk</name>
         <load_address>0x2000b0ac</load_address>
         <run_address>0x2000b0ac</run_address>
         <size>0x76</size>
         <input_file_ref idref="fl-16a"/>
      </object_component>
      <object_component id="oc-e1">
         <name>.text:_SlNonOsMainLoopTask</name>
         <load_address>0x2000b124</load_address>
         <run_address>0x2000b124</run_address>
         <size>0x74</size>
         <input_file_ref idref="fl-161"/>
      </object_component>
      <object_component id="oc-149">
         <name>.text:sl_Socket</name>
         <load_address>0x2000b198</load_address>
         <run_address>0x2000b198</run_address>
         <size>0x70</size>
         <input_file_ref idref="fl-162"/>
      </object_component>
      <object_component id="oc-7f0">
         <name>.text:_SlDrvCmdSend</name>
         <load_address>0x2000b208</load_address>
         <run_address>0x2000b208</run_address>
         <size>0x6c</size>
         <input_file_ref idref="fl-15e"/>
      </object_component>
      <object_component id="oc-7a9">
         <name>.text:_sl_NetAppSendTokenValue</name>
         <load_address>0x2000b274</load_address>
         <run_address>0x2000b274</run_address>
         <size>0x6c</size>
         <input_file_ref idref="fl-15f"/>
      </object_component>
      <object_component id="oc-61">
         <name>.text</name>
         <load_address>0x2000b2e0</load_address>
         <run_address>0x2000b2e0</run_address>
         <size>0x6c</size>
         <input_file_ref idref="fl-142"/>
      </object_component>
      <object_component id="oc-120">
         <name>.text:sl_WlanRxFilterSet</name>
         <load_address>0x2000b34c</load_address>
         <run_address>0x2000b34c</run_address>
         <size>0x6c</size>
         <input_file_ref idref="fl-163"/>
      </object_component>
      <object_component id="oc-42">
         <name>.text</name>
         <load_address>0x2000b3b8</load_address>
         <run_address>0x2000b3b8</run_address>
         <size>0x6a</size>
         <input_file_ref idref="fl-131"/>
      </object_component>
      <object_component id="oc-66c">
         <name>.text</name>
         <load_address>0x2000b422</load_address>
         <run_address>0x2000b422</run_address>
         <size>0x66</size>
         <input_file_ref idref="fl-156"/>
      </object_component>
      <object_component id="oc-4a8">
         <name>.text:_SlNonOsSpawn</name>
         <load_address>0x2000b488</load_address>
         <run_address>0x2000b488</run_address>
         <size>0x64</size>
         <input_file_ref idref="fl-161"/>
      </object_component>
      <object_component id="oc-7b9">
         <name>.text:_sl_HandleAsync_Accept</name>
         <load_address>0x2000b4ec</load_address>
         <run_address>0x2000b4ec</run_address>
         <size>0x64</size>
         <input_file_ref idref="fl-162"/>
      </object_component>
      <object_component id="oc-365">
         <name>.text:uDMAChannelAttributeDisable</name>
         <load_address>0x2000b550</load_address>
         <run_address>0x2000b550</run_address>
         <size>0x64</size>
         <input_file_ref idref="fl-16b"/>
      </object_component>
      <object_component id="oc-389">
         <name>.text:uDMAChannelAttributeEnable</name>
         <load_address>0x2000b5b4</load_address>
         <run_address>0x2000b5b4</run_address>
         <size>0x64</size>
         <input_file_ref idref="fl-16b"/>
      </object_component>
      <object_component id="oc-476">
         <name>.text:IntPendClear</name>
         <load_address>0x2000b618</load_address>
         <run_address>0x2000b618</run_address>
         <size>0x58</size>
         <input_file_ref idref="fl-165"/>
      </object_component>
      <object_component id="oc-32e">
         <name>.text:PRCMPeripheralReset</name>
         <load_address>0x2000b670</load_address>
         <run_address>0x2000b670</run_address>
         <size>0x58</size>
         <input_file_ref idref="fl-167"/>
      </object_component>
      <object_component id="oc-58b">
         <name>.text</name>
         <load_address>0x2000b6c8</load_address>
         <run_address>0x2000b6c8</run_address>
         <size>0x56</size>
         <input_file_ref idref="fl-14e"/>
      </object_component>
      <object_component id="oc-347">
         <name>.text:IntPrioritySet</name>
         <load_address>0x2000b720</load_address>
         <run_address>0x2000b720</run_address>
         <size>0x54</size>
         <input_file_ref idref="fl-165"/>
      </object_component>
      <object_component id="oc-258">
         <name>.text:_SlDrvRxIrqHandler</name>
         <load_address>0x2000b774</load_address>
         <run_address>0x2000b774</run_address>
         <size>0x54</size>
         <input_file_ref idref="fl-15e"/>
      </object_component>
      <object_component id="oc-7c5">
         <name>.text:_sl_HandleAsync_Select</name>
         <load_address>0x2000b7c8</load_address>
         <run_address>0x2000b7c8</run_address>
         <size>0x54</size>
         <input_file_ref idref="fl-162"/>
      </object_component>
      <object_component id="oc-757">
         <name>.text:_sl_HandleAsync_Stop</name>
         <load_address>0x2000b81c</load_address>
         <run_address>0x2000b81c</run_address>
         <size>0x50</size>
         <input_file_ref idref="fl-15d"/>
      </object_component>
      <object_component id="oc-42e">
         <name>.text:SPIIntEnable</name>
         <load_address>0x2000b86c</load_address>
         <run_address>0x2000b86c</run_address>
         <size>0x4c</size>
         <input_file_ref idref="fl-168"/>
      </object_component>
      <object_component id="oc-638">
         <name>.text:SPIIntNumberGet</name>
         <load_address>0x2000b8b8</load_address>
         <run_address>0x2000b8b8</run_address>
         <size>0x4c</size>
         <input_file_ref idref="fl-168"/>
      </object_component>
      <object_component id="oc-228">
         <name>.text:_SlDrvProtectAsyncRespSetting</name>
         <load_address>0x2000b904</load_address>
         <run_address>0x2000b904</run_address>
         <size>0x4c</size>
         <input_file_ref idref="fl-15e"/>
      </object_component>
      <object_component id="oc-2ed">
         <name>.text:_sl_BuildAddress</name>
         <load_address>0x2000b950</load_address>
         <run_address>0x2000b950</run_address>
         <size>0x4c</size>
         <input_file_ref idref="fl-162"/>
      </object_component>
      <object_component id="oc-5b9">
         <name>.text</name>
         <load_address>0x2000b99c</load_address>
         <run_address>0x2000b99c</run_address>
         <size>0x4c</size>
         <input_file_ref idref="fl-141"/>
      </object_component>
      <object_component id="oc-97">
         <name>.text</name>
         <load_address>0x2000b9e8</load_address>
         <run_address>0x2000b9e8</run_address>
         <size>0x4c</size>
         <input_file_ref idref="fl-143"/>
      </object_component>
      <object_component id="oc-35f">
         <name>.text:uDMAChannelAssign</name>
         <load_address>0x2000ba34</load_address>
         <run_address>0x2000ba34</run_address>
         <size>0x4c</size>
         <input_file_ref idref="fl-16b"/>
      </object_component>
      <object_component id="oc-5fc">
         <name>.text:SPIIntClear</name>
         <load_address>0x2000ba80</load_address>
         <run_address>0x2000ba80</run_address>
         <size>0x48</size>
         <input_file_ref idref="fl-168"/>
      </object_component>
      <object_component id="oc-2a2">
         <name>.text:_SlDrvBasicCmd</name>
         <load_address>0x2000bac8</load_address>
         <run_address>0x2000bac8</run_address>
         <size>0x48</size>
         <input_file_ref idref="fl-15e"/>
      </object_component>
      <object_component id="oc-586">
         <name>.text</name>
         <load_address>0x2000bb10</load_address>
         <run_address>0x2000bb10</run_address>
         <size>0x48</size>
         <input_file_ref idref="fl-14a"/>
      </object_component>
      <object_component id="oc-117">
         <name>.text:sl_NetAppMDNSUnRegisterService</name>
         <load_address>0x2000bb58</load_address>
         <run_address>0x2000bb58</run_address>
         <size>0x48</size>
         <input_file_ref idref="fl-15f"/>
      </object_component>
      <object_component id="oc-5a1">
         <name>.text</name>
         <load_address>0x2000bba0</load_address>
         <run_address>0x2000bba0</run_address>
         <size>0x46</size>
         <input_file_ref idref="fl-14d"/>
      </object_component>
      <object_component id="oc-5f0">
         <name>.text:SPIDmaMaskGet</name>
         <load_address>0x2000bbe8</load_address>
         <run_address>0x2000bbe8</run_address>
         <size>0x44</size>
         <input_file_ref idref="fl-168"/>
      </object_component>
      <object_component id="oc-77b">
         <name>.text:TimerConfigure</name>
         <load_address>0x2000bc2c</load_address>
         <run_address>0x2000bc2c</run_address>
         <size>0x44</size>
         <input_file_ref idref="fl-169"/>
      </object_component>
      <object_component id="oc-7e9">
         <name>.text:_SlDrvHandleHttpServerEvents</name>
         <load_address>0x2000bc70</load_address>
         <run_address>0x2000bc70</run_address>
         <size>0x44</size>
         <input_file_ref idref="fl-15e"/>
      </object_component>
      <object_component id="oc-240">
         <name>.text:_SlDrvSyncObjWaitTimeout</name>
         <load_address>0x2000bcb4</load_address>
         <run_address>0x2000bcb4</run_address>
         <size>0x44</size>
         <input_file_ref idref="fl-15e"/>
      </object_component>
      <object_component id="oc-747">
         <name>.text:cc_SetupTransfer</name>
         <load_address>0x2000bcf8</load_address>
         <run_address>0x2000bcf8</run_address>
         <size>0x44</size>
         <input_file_ref idref="fl-164"/>
      </object_component>
      <object_component id="oc-6d">
         <name>.text</name>
         <load_address>0x2000bd3c</load_address>
         <run_address>0x2000bd3c</run_address>
         <size>0x44</size>
         <input_file_ref idref="fl-133"/>
      </object_component>
      <object_component id="oc-155">
         <name>.text:sl_Close</name>
         <load_address>0x2000bd80</load_address>
         <run_address>0x2000bd80</run_address>
         <size>0x44</size>
         <input_file_ref idref="fl-162"/>
      </object_component>
      <object_component id="oc-ff">
         <name>.text:sl_WlanProfileDel</name>
         <load_address>0x2000bdc4</load_address>
         <run_address>0x2000bdc4</run_address>
         <size>0x44</size>
         <input_file_ref idref="fl-163"/>
      </object_component>
      <object_component id="oc-e7">
         <name>.text:sl_WlanSetMode</name>
         <load_address>0x2000be08</load_address>
         <run_address>0x2000be08</run_address>
         <size>0x44</size>
         <input_file_ref idref="fl-163"/>
      </object_component>
      <object_component id="oc-143">
         <name>.text:sl_Htonl</name>
         <load_address>0x2000be4c</load_address>
         <run_address>0x2000be4c</run_address>
         <size>0x42</size>
         <input_file_ref idref="fl-162"/>
      </object_component>
      <object_component id="oc-55e">
         <name>.text:PinModeSet</name>
         <load_address>0x2000be90</load_address>
         <run_address>0x2000be90</run_address>
         <size>0x40</size>
         <input_file_ref idref="fl-166"/>
      </object_component>
      <object_component id="oc-6e5">
         <name>.text:_SlDrvHandleNetAppEvents</name>
         <load_address>0x2000bed0</load_address>
         <run_address>0x2000bed0</run_address>
         <size>0x40</size>
         <input_file_ref idref="fl-15e"/>
      </object_component>
      <object_component id="oc-6df">
         <name>.text:_SlDrvHandleWlanEvents</name>
         <load_address>0x2000bf10</load_address>
         <run_address>0x2000bf10</run_address>
         <size>0x40</size>
         <input_file_ref idref="fl-15e"/>
      </object_component>
      <object_component id="oc-2e7">
         <name>.text:_sl_TruncatePayloadByProtocol</name>
         <load_address>0x2000bf50</load_address>
         <run_address>0x2000bf50</run_address>
         <size>0x40</size>
         <input_file_ref idref="fl-162"/>
      </object_component>
      <object_component id="oc-7d2">
         <name>.text</name>
         <load_address>0x2000bf90</load_address>
         <run_address>0x2000bf90</run_address>
         <size>0x40</size>
         <input_file_ref idref="fl-15b"/>
      </object_component>
      <object_component id="oc-12a">
         <name>.text</name>
         <load_address>0x2000bfd0</load_address>
         <run_address>0x2000bfd0</run_address>
         <size>0x40</size>
         <input_file_ref idref="fl-13b"/>
      </object_component>
      <object_component id="oc-234">
         <name>.text:NwpRegisterInterruptHandler</name>
         <load_address>0x2000c010</load_address>
         <run_address>0x2000c010</run_address>
         <size>0x3e</size>
         <input_file_ref idref="fl-164"/>
      </object_component>
      <object_component id="oc-7b0">
         <name>.text:CopyPingResultsToReport</name>
         <load_address>0x2000c04e</load_address>
         <run_address>0x2000c04e</run_address>
         <size>0x3c</size>
         <input_file_ref idref="fl-15f"/>
      </object_component>
      <object_component id="oc-328">
         <name>.text:PRCMPeripheralClkEnable</name>
         <load_address>0x2000c08c</load_address>
         <run_address>0x2000c08c</run_address>
         <size>0x3c</size>
         <input_file_ref idref="fl-167"/>
      </object_component>
      <object_component id="oc-24">
         <name>.text</name>
         <load_address>0x2000c0c8</load_address>
         <run_address>0x2000c0c8</run_address>
         <size>0x3c</size>
         <input_file_ref idref="fl-12f"/>
      </object_component>
      <object_component id="oc-716">
         <name>.text:simplelink_timerA2_start</name>
         <load_address>0x2000c104</load_address>
         <run_address>0x2000c104</run_address>
         <size>0x3c</size>
         <input_file_ref idref="fl-164"/>
      </object_component>
      <object_component id="oc-13d">
         <name>.text:sl_Htons</name>
         <load_address>0x2000c140</load_address>
         <run_address>0x2000c140</run_address>
         <size>0x3c</size>
         <input_file_ref idref="fl-162"/>
      </object_component>
      <object_component id="oc-383">
         <name>.text:uDMAChannelControlSet</name>
         <load_address>0x2000c17c</load_address>
         <run_address>0x2000c17c</run_address>
         <size>0x3c</size>
         <input_file_ref idref="fl-16b"/>
      </object_component>
      <object_component id="oc-22e">
         <name>.text:NwpPowerOff</name>
         <load_address>0x2000c1b8</load_address>
         <run_address>0x2000c1b8</run_address>
         <size>0x38</size>
         <input_file_ref idref="fl-164"/>
      </object_component>
      <object_component id="oc-40a">
         <name>.text:PRCMPeripheralStatusGet</name>
         <load_address>0x2000c1f0</load_address>
         <run_address>0x2000c1f0</run_address>
         <size>0x34</size>
         <input_file_ref idref="fl-167"/>
      </object_component>
      <object_component id="oc-422">
         <name>.text:SPIFIFOLevelSet</name>
         <load_address>0x2000c224</load_address>
         <run_address>0x2000c224</run_address>
         <size>0x34</size>
         <input_file_ref idref="fl-168"/>
      </object_component>
      <object_component id="oc-705">
         <name>.text</name>
         <load_address>0x2000c258</load_address>
         <run_address>0x2000c258</run_address>
         <size>0x34</size>
         <input_file_ref idref="fl-159"/>
      </object_component>
      <object_component id="oc-3b5">
         <name>.text:UARTDisable</name>
         <load_address>0x2000c28c</load_address>
         <run_address>0x2000c28c</run_address>
         <size>0x30</size>
         <input_file_ref idref="fl-16a"/>
      </object_component>
      <object_component id="oc-67a">
         <name>.text</name>
         <load_address>0x2000c2bc</load_address>
         <run_address>0x2000c2bc</run_address>
         <size>0x30</size>
         <input_file_ref idref="fl-157"/>
      </object_component>
      <object_component id="oc-591">
         <name>.text</name>
         <load_address>0x2000c2ec</load_address>
         <run_address>0x2000c2ec</run_address>
         <size>0x2e</size>
         <input_file_ref idref="fl-14c"/>
      </object_component>
      <object_component id="oc-771">
         <name>.text</name>
         <load_address>0x2000c31a</load_address>
         <run_address>0x2000c31a</run_address>
         <size>0x2e</size>
         <input_file_ref idref="fl-15a"/>
      </object_component>
      <object_component id="oc-316">
         <name>.text:PRCMSysResetCauseGet</name>
         <load_address>0x2000c348</load_address>
         <run_address>0x2000c348</run_address>
         <size>0x2c</size>
         <input_file_ref idref="fl-167"/>
      </object_component>
      <object_component id="oc-4bb">
         <name>.text:_SlDrvObjGlobalLockWaitForever</name>
         <load_address>0x2000c374</load_address>
         <run_address>0x2000c374</run_address>
         <size>0x2c</size>
         <input_file_ref idref="fl-15e"/>
      </object_component>
      <object_component id="oc-455">
         <name>.text:_SlDrvProtectionObjLockWaitForever</name>
         <load_address>0x2000c3a0</load_address>
         <run_address>0x2000c3a0</run_address>
         <size>0x2c</size>
         <input_file_ref idref="fl-15e"/>
      </object_component>
      <object_component id="oc-787">
         <name>.text:TimerLoadSet</name>
         <load_address>0x2000c3cc</load_address>
         <run_address>0x2000c3cc</run_address>
         <size>0x2a</size>
         <input_file_ref idref="fl-169"/>
      </object_component>
      <object_component id="oc-781">
         <name>.text:TimerPrescaleSet</name>
         <load_address>0x2000c3f6</load_address>
         <run_address>0x2000c3f6</run_address>
         <size>0x2a</size>
         <input_file_ref idref="fl-169"/>
      </object_component>
      <object_component id="oc-2c1">
         <name>.text</name>
         <load_address>0x2000c420</load_address>
         <run_address>0x2000c420</run_address>
         <size>0x2a</size>
         <input_file_ref idref="fl-152"/>
      </object_component>
      <object_component id="oc-5ad">
         <name>.text</name>
         <load_address>0x2000c44a</load_address>
         <run_address>0x2000c44a</run_address>
         <size>0x2a</size>
         <input_file_ref idref="fl-154"/>
      </object_component>
      <object_component id="oc-334">
         <name>.text:PRCMPeripheralClkDisable</name>
         <load_address>0x2000c474</load_address>
         <run_address>0x2000c474</run_address>
         <size>0x28</size>
         <input_file_ref idref="fl-167"/>
      </object_component>
      <object_component id="oc-4c1">
         <name>.text:_SlDrvGlobalObjUnLock</name>
         <load_address>0x2000c49c</load_address>
         <run_address>0x2000c49c</run_address>
         <size>0x28</size>
         <input_file_ref idref="fl-15e"/>
      </object_component>
      <object_component id="oc-45b">
         <name>.text:_SlDrvProtectionObjUnLock</name>
         <load_address>0x2000c4c4</load_address>
         <run_address>0x2000c4c4</run_address>
         <size>0x28</size>
         <input_file_ref idref="fl-15e"/>
      </object_component>
      <object_component id="oc-523">
         <name>.text:_SlDrvSyncObjWaitForever</name>
         <load_address>0x2000c4ec</load_address>
         <run_address>0x2000c4ec</run_address>
         <size>0x28</size>
         <input_file_ref idref="fl-15e"/>
      </object_component>
      <object_component id="oc-4a0">
         <name>.text</name>
         <load_address>0x2000c514</load_address>
         <run_address>0x2000c514</run_address>
         <size>0x26</size>
         <input_file_ref idref="fl-3"/>
      </object_component>
      <object_component id="oc-440">
         <name>.text:DmaSpiSwIntHandler</name>
         <load_address>0x2000c53c</load_address>
         <run_address>0x2000c53c</run_address>
         <size>0x24</size>
         <input_file_ref idref="fl-164"/>
      </object_component>
      <object_component id="oc-470">
         <name>.text:IntUnregister</name>
         <load_address>0x2000c560</load_address>
         <run_address>0x2000c560</run_address>
         <size>0x24</size>
         <input_file_ref idref="fl-165"/>
      </object_component>
      <object_component id="oc-3bb">
         <name>.text:UARTEnable</name>
         <load_address>0x2000c584</load_address>
         <run_address>0x2000c584</run_address>
         <size>0x24</size>
         <input_file_ref idref="fl-16a"/>
      </object_component>
      <object_component id="oc-517">
         <name>.text:_SlDrvObjLockWaitForever</name>
         <load_address>0x2000c5a8</load_address>
         <run_address>0x2000c5a8</run_address>
         <size>0x24</size>
         <input_file_ref idref="fl-15e"/>
      </object_component>
      <object_component id="oc-1ed">
         <name>.text</name>
         <load_address>0x2000c5cc</load_address>
         <run_address>0x2000c5cc</run_address>
         <size>0x24</size>
         <input_file_ref idref="fl-135"/>
      </object_component>
      <object_component id="oc-2c7">
         <name>.text</name>
         <load_address>0x2000c5f0</load_address>
         <run_address>0x2000c5f0</run_address>
         <size>0x24</size>
         <input_file_ref idref="fl-151"/>
      </object_component>
      <object_component id="oc-3fe">
         <name>.text:SPIReset</name>
         <load_address>0x2000c614</load_address>
         <run_address>0x2000c614</run_address>
         <size>0x22</size>
         <input_file_ref idref="fl-168"/>
      </object_component>
      <object_component id="oc-6cc">
         <name>.text:SPIWordCountSet</name>
         <load_address>0x2000c636</load_address>
         <run_address>0x2000c636</run_address>
         <size>0x22</size>
         <input_file_ref idref="fl-168"/>
      </object_component>
      <object_component id="oc-59b">
         <name>.text</name>
         <load_address>0x2000c658</load_address>
         <run_address>0x2000c658</run_address>
         <size>0x22</size>
         <input_file_ref idref="fl-14b"/>
      </object_component>
      <object_component id="oc-428">
         <name>.text:IntRegister</name>
         <load_address>0x2000c67c</load_address>
         <run_address>0x2000c67c</run_address>
         <size>0x20</size>
         <input_file_ref idref="fl-165"/>
      </object_component>
      <object_component id="oc-23a">
         <name>.text:NwpPowerOn</name>
         <load_address>0x2000c69c</load_address>
         <run_address>0x2000c69c</run_address>
         <size>0x20</size>
         <input_file_ref idref="fl-164"/>
      </object_component>
      <object_component id="oc-691">
         <name>.text:TimerGetCurrentTimestamp</name>
         <load_address>0x2000c6bc</load_address>
         <run_address>0x2000c6bc</run_address>
         <size>0x20</size>
         <input_file_ref idref="fl-164"/>
      </object_component>
      <object_component id="oc-51d">
         <name>.text:_SlDrvObjUnLock</name>
         <load_address>0x2000c6dc</load_address>
         <run_address>0x2000c6dc</run_address>
         <size>0x20</size>
         <input_file_ref idref="fl-15e"/>
      </object_component>
      <object_component id="oc-491">
         <name>.text:_SlDrvSyncObjSignal</name>
         <load_address>0x2000c6fc</load_address>
         <run_address>0x2000c6fc</run_address>
         <size>0x20</size>
         <input_file_ref idref="fl-15e"/>
      </object_component>
      <object_component id="oc-105">
         <name>.text:sl_WlanDisconnect</name>
         <load_address>0x2000c71c</load_address>
         <run_address>0x2000c71c</run_address>
         <size>0x20</size>
         <input_file_ref idref="fl-163"/>
      </object_component>
      <object_component id="oc-78d">
         <name>.text:TimerEnable</name>
         <load_address>0x2000c73c</load_address>
         <run_address>0x2000c73c</run_address>
         <size>0x1e</size>
         <input_file_ref idref="fl-169"/>
      </object_component>
      <object_component id="oc-1cf">
         <name>.text:UARTCharPut</name>
         <load_address>0x2000c75a</load_address>
         <run_address>0x2000c75a</run_address>
         <size>0x1e</size>
         <input_file_ref idref="fl-16a"/>
      </object_component>
      <object_component id="oc-410">
         <name>.text:cc_UDMAChannelSelect</name>
         <load_address>0x2000c778</load_address>
         <run_address>0x2000c778</run_address>
         <size>0x1e</size>
         <input_file_ref idref="fl-164"/>
      </object_component>
      <object_component id="oc-71c">
         <name>.text:TimerValueGet</name>
         <load_address>0x2000c796</load_address>
         <run_address>0x2000c796</run_address>
         <size>0x1c</size>
         <input_file_ref idref="fl-169"/>
      </object_component>
      <object_component id="oc-1e1">
         <name>.text:UARTCharGetNonBlocking</name>
         <load_address>0x2000c7b2</load_address>
         <run_address>0x2000c7b2</run_address>
         <size>0x1c</size>
         <input_file_ref idref="fl-16a"/>
      </object_component>
      <object_component id="oc-5d4">
         <name>.text:_SlDrvStartMeasureTimeout</name>
         <load_address>0x2000c7ce</load_address>
         <run_address>0x2000c7ce</run_address>
         <size>0x1c</size>
         <input_file_ref idref="fl-15e"/>
      </object_component>
      <object_component id="oc-18c">
         <name>.text</name>
         <load_address>0x2000c7ea</load_address>
         <run_address>0x2000c7ea</run_address>
         <size>0x1c</size>
         <input_file_ref idref="fl-4"/>
      </object_component>
      <object_component id="oc-5b3">
         <name>.text</name>
         <load_address>0x2000c806</load_address>
         <run_address>0x2000c806</run_address>
         <size>0x1c</size>
         <input_file_ref idref="fl-14f"/>
      </object_component>
      <object_component id="oc-371">
         <name>.text:uDMAChannelDisable</name>
         <load_address>0x2000c824</load_address>
         <run_address>0x2000c824</run_address>
         <size>0x1c</size>
         <input_file_ref idref="fl-16b"/>
      </object_component>
      <object_component id="oc-395">
         <name>.text:uDMAChannelEnable</name>
         <load_address>0x2000c840</load_address>
         <run_address>0x2000c840</run_address>
         <size>0x1c</size>
         <input_file_ref idref="fl-16b"/>
      </object_component>
      <object_component id="oc-36b">
         <name>.text:uDMAChannelRequest</name>
         <load_address>0x2000c85c</load_address>
         <run_address>0x2000c85c</run_address>
         <size>0x1c</size>
         <input_file_ref idref="fl-16b"/>
      </object_component>
      <object_component id="oc-3aa">
         <name>.text:PinTypeUART</name>
         <load_address>0x2000c878</load_address>
         <run_address>0x2000c878</run_address>
         <size>0x1a</size>
         <input_file_ref idref="fl-166"/>
      </object_component>
      <object_component id="oc-4e4">
         <name>.text:SPIDmaDisable</name>
         <load_address>0x2000c892</load_address>
         <run_address>0x2000c892</run_address>
         <size>0x1a</size>
         <input_file_ref idref="fl-168"/>
      </object_component>
      <object_component id="oc-41c">
         <name>.text:SPIDmaEnable</name>
         <load_address>0x2000c8ac</load_address>
         <run_address>0x2000c8ac</run_address>
         <size>0x1a</size>
         <input_file_ref idref="fl-168"/>
      </object_component>
      <object_component id="oc-4de">
         <name>.text:SPIFIFODisable</name>
         <load_address>0x2000c8c6</load_address>
         <run_address>0x2000c8c6</run_address>
         <size>0x1a</size>
         <input_file_ref idref="fl-168"/>
      </object_component>
      <object_component id="oc-416">
         <name>.text:SPIFIFOEnable</name>
         <load_address>0x2000c8e0</load_address>
         <run_address>0x2000c8e0</run_address>
         <size>0x1a</size>
         <input_file_ref idref="fl-168"/>
      </object_component>
      <object_component id="oc-4d8">
         <name>.text:SPIIntUnregister</name>
         <load_address>0x2000c8fa</load_address>
         <run_address>0x2000c8fa</run_address>
         <size>0x1a</size>
         <input_file_ref idref="fl-168"/>
      </object_component>
      <object_component id="oc-3f2">
         <name>.text:SPICSDisable</name>
         <load_address>0x2000c914</load_address>
         <run_address>0x2000c914</run_address>
         <size>0x18</size>
         <input_file_ref idref="fl-168"/>
      </object_component>
      <object_component id="oc-6c6">
         <name>.text:SPICSEnable</name>
         <load_address>0x2000c92c</load_address>
         <run_address>0x2000c92c</run_address>
         <size>0x18</size>
         <input_file_ref idref="fl-168"/>
      </object_component>
      <object_component id="oc-3f8">
         <name>.text:SPIDisable</name>
         <load_address>0x2000c944</load_address>
         <run_address>0x2000c944</run_address>
         <size>0x18</size>
         <input_file_ref idref="fl-168"/>
      </object_component>
      <object_component id="oc-434">
         <name>.text:SPIEnable</name>
         <load_address>0x2000c95c</load_address>
         <run_address>0x2000c95c</run_address>
         <size>0x18</size>
         <input_file_ref idref="fl-168"/>
      </object_component>
      <object_component id="oc-1db">
         <name>.text:UARTCharsAvail</name>
         <load_address>0x2000c974</load_address>
         <run_address>0x2000c974</run_address>
         <size>0x18</size>
         <input_file_ref idref="fl-16a"/>
      </object_component>
      <object_component id="oc-3e1">
         <name>.text:_SlNonOsSemSet</name>
         <load_address>0x2000c98c</load_address>
         <run_address>0x2000c98c</run_address>
         <size>0x18</size>
         <input_file_ref idref="fl-161"/>
      </object_component>
      <object_component id="oc-24c">
         <name>.text:_sl_GetStartResponseConvert</name>
         <load_address>0x2000c9a4</load_address>
         <run_address>0x2000c9a4</run_address>
         <size>0x18</size>
         <input_file_ref idref="fl-15d"/>
      </object_component>
      <object_component id="oc-67">
         <name>.text</name>
         <load_address>0x2000c9bc</load_address>
         <run_address>0x2000c9bc</run_address>
         <size>0x18</size>
         <input_file_ref idref="fl-140"/>
      </object_component>
      <object_component id="oc-31c">
         <name>.text:PRCMHIBRegRead</name>
         <load_address>0x2000c9d4</load_address>
         <run_address>0x2000c9d4</run_address>
         <size>0x16</size>
         <input_file_ref idref="fl-167"/>
      </object_component>
      <object_component id="oc-322">
         <name>.text:PRCMHIBRegWrite</name>
         <load_address>0x2000c9ea</load_address>
         <run_address>0x2000c9ea</run_address>
         <size>0x16</size>
         <input_file_ref idref="fl-167"/>
      </object_component>
      <object_component id="oc-136">
         <name>.text:UARTCharGet</name>
         <load_address>0x2000ca00</load_address>
         <run_address>0x2000ca00</run_address>
         <size>0x16</size>
         <input_file_ref idref="fl-16a"/>
      </object_component>
      <object_component id="oc-303">
         <name>.text:_SlDrvMemZero</name>
         <load_address>0x2000ca16</load_address>
         <run_address>0x2000ca16</run_address>
         <size>0x16</size>
         <input_file_ref idref="fl-15e"/>
      </object_component>
      <object_component id="oc-5a7">
         <name>.text</name>
         <load_address>0x2000ca2c</load_address>
         <run_address>0x2000ca2c</run_address>
         <size>0x16</size>
         <input_file_ref idref="fl-150"/>
      </object_component>
      <object_component id="oc-34d">
         <name>.text:uDMAIntRegister</name>
         <load_address>0x2000ca42</load_address>
         <run_address>0x2000ca42</run_address>
         <size>0x16</size>
         <input_file_ref idref="fl-16b"/>
      </object_component>
      <object_component id="oc-30b">
         <name>.text:CPUcpsie</name>
         <load_address>0x2000ca58</load_address>
         <run_address>0x2000ca58</run_address>
         <size>0x14</size>
         <input_file_ref idref="fl-16d"/>
      </object_component>
      <object_component id="oc-16e">
         <name>.text:IntVTableBaseSet</name>
         <load_address>0x2000ca6c</load_address>
         <run_address>0x2000ca6c</run_address>
         <size>0x14</size>
         <input_file_ref idref="fl-165"/>
      </object_component>
      <object_component id="oc-1ae">
         <name>.text</name>
         <load_address>0x2000ca80</load_address>
         <run_address>0x2000ca80</run_address>
         <size>0x14</size>
         <input_file_ref idref="fl-13e"/>
      </object_component>
      <object_component id="oc-1e7">
         <name>.text</name>
         <load_address>0x2000ca94</load_address>
         <run_address>0x2000ca94</run_address>
         <size>0x14</size>
         <input_file_ref idref="fl-13a"/>
      </object_component>
      <object_component id="oc-359">
         <name>.text:uDMAControlBaseSet</name>
         <load_address>0x2000caa8</load_address>
         <run_address>0x2000caa8</run_address>
         <size>0x14</size>
         <input_file_ref idref="fl-16b"/>
      </object_component>
      <object_component id="oc-341">
         <name>.text:uDMAIntClear</name>
         <load_address>0x2000cabc</load_address>
         <run_address>0x2000cabc</run_address>
         <size>0x14</size>
         <input_file_ref idref="fl-16b"/>
      </object_component>
      <object_component id="oc-377">
         <name>.text:uDMAIntUnregister</name>
         <load_address>0x2000cad0</load_address>
         <run_address>0x2000cad0</run_address>
         <size>0x12</size>
         <input_file_ref idref="fl-16b"/>
      </object_component>
      <object_component id="oc-7a3">
         <name>.text:_SlDrvDispatchHttpServerEvents</name>
         <load_address>0x2000cae2</load_address>
         <run_address>0x2000cae2</run_address>
         <size>0x10</size>
         <input_file_ref idref="fl-15e"/>
      </object_component>
      <object_component id="oc-294">
         <name>.text:_SlDrvResetCmdExt</name>
         <load_address>0x2000caf2</load_address>
         <run_address>0x2000caf2</run_address>
         <size>0xe</size>
         <input_file_ref idref="fl-15e"/>
      </object_component>
      <object_component id="oc-12">
         <name>.text:decompress:none</name>
         <load_address>0x2000cb00</load_address>
         <run_address>0x2000cb00</run_address>
         <size>0xe</size>
         <input_file_ref idref="fl-130"/>
      </object_component>
      <object_component id="oc-2d">
         <name>.text</name>
         <load_address>0x2000cb0e</load_address>
         <run_address>0x2000cb0e</run_address>
         <size>0xe</size>
         <input_file_ref idref="fl-5"/>
      </object_component>
      <object_component id="oc-463">
         <name>.text:NwpMaskInterrupt</name>
         <load_address>0x2000cb1c</load_address>
         <run_address>0x2000cb1c</run_address>
         <size>0xc</size>
         <input_file_ref idref="fl-164"/>
      </object_component>
      <object_component id="oc-47d">
         <name>.text:NwpUnMaskInterrupt</name>
         <load_address>0x2000cb28</load_address>
         <run_address>0x2000cb28</run_address>
         <size>0xc</size>
         <input_file_ref idref="fl-164"/>
      </object_component>
      <object_component id="oc-1e">
         <name>.text:decompress:ZI</name>
         <load_address>0x2000cb34</load_address>
         <run_address>0x2000cb34</run_address>
         <size>0xc</size>
         <input_file_ref idref="fl-132"/>
      </object_component>
      <object_component id="oc-37d">
         <name>.text:uDMADisable</name>
         <load_address>0x2000cb40</load_address>
         <run_address>0x2000cb40</run_address>
         <size>0xc</size>
         <input_file_ref idref="fl-16b"/>
      </object_component>
      <object_component id="oc-353">
         <name>.text:uDMAEnable</name>
         <load_address>0x2000cb4c</load_address>
         <run_address>0x2000cb4c</run_address>
         <size>0xc</size>
         <input_file_ref idref="fl-16b"/>
      </object_component>
      <object_component id="oc-33b">
         <name>.text:uDMAIntStatus</name>
         <load_address>0x2000cb58</load_address>
         <run_address>0x2000cb58</run_address>
         <size>0xc</size>
         <input_file_ref idref="fl-16b"/>
      </object_component>
      <object_component id="oc-174">
         <name>.text:IntMasterEnable</name>
         <load_address>0x2000cb64</load_address>
         <run_address>0x2000cb64</run_address>
         <size>0xa</size>
         <input_file_ref idref="fl-165"/>
      </object_component>
      <object_component id="oc-462">
         <name>.text:UtilsDelay</name>
         <load_address>0x2000cb6e</load_address>
         <run_address>0x2000cb6e</run_address>
         <size>0x6</size>
         <input_file_ref idref="fl-16c"/>
      </object_component>
      <object_component id="oc-18">
         <name>.text:decompress:rle24</name>
         <load_address>0x2000cb74</load_address>
         <run_address>0x2000cb74</run_address>
         <size>0x6</size>
         <input_file_ref idref="fl-131"/>
      </object_component>
      <object_component id="oc-5b">
         <name>.text</name>
         <load_address>0x2000cb7a</load_address>
         <run_address>0x2000cb7a</run_address>
         <size>0x4</size>
         <input_file_ref idref="fl-138"/>
      </object_component>
      <object_component id="oc-2d2">
         <name>.const:.string:_ctypes_</name>
         <load_address>0x2000cb80</load_address>
         <run_address>0x2000cb80</run_address>
         <size>0x101</size>
         <input_file_ref idref="fl-144"/>
      </object_component>
      <object_component id="oc-65d">
         <name>.const:g_ulPinToPadMap</name>
         <load_address>0x2000cc84</load_address>
         <run_address>0x2000cc84</run_address>
         <size>0x100</size>
         <input_file_ref idref="fl-166"/>
      </object_component>
      <object_component id="oc-53c">
         <name>.const:g_pulRegs</name>
         <load_address>0x2000cd84</load_address>
         <run_address>0x2000cd84</run_address>
         <size>0xd4</size>
         <input_file_ref idref="fl-165"/>
      </object_component>
      <object_component id="oc-533">
         <name>.const:PRCM_PeriphRegsList</name>
         <load_address>0x2000ce58</load_address>
         <run_address>0x2000ce58</run_address>
         <size>0xa8</size>
         <input_file_ref idref="fl-167"/>
      </object_component>
      <object_component id="oc-312">
         <name>.const</name>
         <load_address>0x2000cf00</load_address>
         <run_address>0x2000cf00</run_address>
         <size>0x80</size>
         <input_file_ref idref="fl-165"/>
      </object_component>
      <object_component id="oc-633">
         <name>.const</name>
         <load_address>0x2000cf80</load_address>
         <run_address>0x2000cf80</run_address>
         <size>0x4c</size>
         <input_file_ref idref="fl-15e"/>
      </object_component>
      <object_component id="oc-6bc">
         <name>.const:OpcodeTranslateTable</name>
         <load_address>0x2000cfcc</load_address>
         <run_address>0x2000cfcc</run_address>
         <size>0x3c</size>
         <input_file_ref idref="fl-15e"/>
      </object_component>
      <object_component id="oc-275">
         <name>.const</name>
         <load_address>0x2000d008</load_address>
         <run_address>0x2000d008</run_address>
         <size>0x3c</size>
         <input_file_ref idref="fl-163"/>
      </object_component>
      <object_component id="oc-741">
         <name>.const:_SlActionLookupTable</name>
         <load_address>0x2000d044</load_address>
         <run_address>0x2000d044</run_address>
         <size>0x38</size>
         <input_file_ref idref="fl-15e"/>
      </object_component>
      <object_component id="oc-13c">
         <name>.const:.string</name>
         <load_address>0x2000d07c</load_address>
         <run_address>0x2000d07c</run_address>
         <size>0x35</size>
         <input_file_ref idref="fl-2"/>
      </object_component>
      <object_component id="oc-2de">
         <name>.const</name>
         <load_address>0x2000d0b2</load_address>
         <run_address>0x2000d0b2</run_address>
         <size>0x34</size>
         <input_file_ref idref="fl-162"/>
      </object_component>
      <object_component id="oc-11d">
         <name>.const:$P$T1$2</name>
         <load_address>0x2000d0e8</load_address>
         <run_address>0x2000d0e8</run_address>
         <size>0x2c</size>
[...]
      </symbol>
      <symbol id="sm-b4f">
         <name>_SlDrvSyncObjWaitForever</name>
         <value>0x2000c4ed</value>
         <object_component_ref idref="oc-523"/>
      </symbol>
      <symbol id="sm-b50">
         <name>_SlDrvCmdSend</name>
         <value>0x2000b209</value>
         <object_component_ref idref="oc-7f0"/>
      </symbol>
      <symbol id="sm-b51">
         <name>_SlActionLookupTable</name>
         <value>0x2000d044</value>
         <object_component_ref idref="oc-741"/>
      </symbol>
      <symbol id="sm-bdd">
         <name>sl_NetAppMDNSUnRegisterService</name>
         <value>0x2000bb59</value>
         <object_component_ref idref="oc-117"/>
      </symbol>
      <symbol id="sm-bde">
         <name>_SlNetAppSendTokenValueCmdCtrl</name>
         <value>0x2000d130</value>
         <object_component_ref idref="oc-4f4"/>
      </symbol>
      <symbol id="sm-bdf">
         <name>_sl_HandleAsync_DnsGetHostByName</name>
         <value>0x2000a769</value>
         <object_component_ref idref="oc-797"/>
      </symbol>
      <symbol id="sm-be0">
         <name>_sl_HandleAsync_PingResponse</name>
         <value>0x2000a7f9</value>
         <object_component_ref idref="oc-72d"/>
      </symbol>
      <symbol id="sm-be1">
         <name>_SlDrvNetAppEventHandler</name>
         <value>0x20009461</value>
         <object_component_ref idref="oc-727"/>
      </symbol>
      <symbol id="sm-be2">
         <name>_sl_HandleAsync_DnsGetHostByService</name>
         <value>0x20009c9d</value>
         <object_component_ref idref="oc-79d"/>
      </symbol>
      <symbol id="sm-be3">
         <name>_sl_NetAppSendTokenValue</name>
         <value>0x2000b275</value>
         <object_component_ref idref="oc-7a9"/>
      </symbol>
      <symbol id="sm-be4">
         <name>sl_NetAppMDNSRegisterUnregisterService</name>
         <value>0x20009d69</value>
         <object_component_ref idref="oc-2b4"/>
      </symbol>
      <symbol id="sm-c05">
         <name>sl_NetCfgSet</name>
         <value>0x2000ae49</value>
         <object_component_ref idref="oc-10b"/>
      </symbol>
      <symbol id="sm-c4d">
         <name>_SlNonOsSemSet</name>
         <value>0x2000c98d</value>
         <object_component_ref idref="oc-3e1"/>
      </symbol>
      <symbol id="sm-c4e">
         <name>_SlNonOsSpawn</name>
         <value>0x2000b489</value>
         <object_component_ref idref="oc-4a8"/>
      </symbol>
      <symbol id="sm-c4f">
         <name>_SlNonOsSemGet</name>
         <value>0x2000a129</value>
         <object_component_ref idref="oc-3e7"/>
      </symbol>
      <symbol id="sm-c50">
         <name>_SlNonOsMainLoopTask</name>
         <value>0x2000b125</value>
         <object_component_ref idref="oc-e1"/>
      </symbol>
      <symbol id="sm-c51">
         <name>g__SlNonOsCB</name>
         <value>0x20018028</value>
         <object_component_ref idref="oc-26a"/>
      </symbol>
      <symbol id="sm-d27">
         <name>sl_SendTo</name>
         <value>0x20008ed1</value>
         <object_component_ref idref="oc-14f"/>
      </symbol>
      <symbol id="sm-d28">
         <name>_sl_HandleAsync_Connect</name>
         <value>0x2000ac49</value>
         <object_component_ref idref="oc-7bf"/>
      </symbol>
      <symbol id="sm-d29">
         <name>sl_Htonl</name>
         <value>0x2000be4d</value>
         <object_component_ref idref="oc-143"/>
      </symbol>
      <symbol id="sm-d2a">
         <name>sl_Htons</name>
         <value>0x2000c141</value>
         <object_component_ref idref="oc-13d"/>
      </symbol>
      <symbol id="sm-d2b">
         <name>sl_Socket</name>
         <value>0x2000b199</value>
         <object_component_ref idref="oc-149"/>
      </symbol>
      <symbol id="sm-d2c">
         <name>_sl_HandleAsync_Select</name>
         <value>0x2000b7c9</value>
         <object_component_ref idref="oc-7c5"/>
      </symbol>
      <symbol id="sm-d2d">
         <name>sl_RecvFrom</name>
         <value>0x2000911d</value>
         <object_component_ref idref="oc-161"/>
      </symbol>
      <symbol id="sm-d2e">
         <name>sl_Close</name>
         <value>0x2000bd81</value>
         <object_component_ref idref="oc-155"/>
      </symbol>
      <symbol id="sm-d2f">
         <name>_sl_HandleAsync_Accept</name>
         <value>0x2000b4ed</value>
         <object_component_ref idref="oc-7b9"/>
      </symbol>
      <symbol id="sm-d30">
         <name>sl_Bind</name>
         <value>0x2000a505</value>
         <object_component_ref idref="oc-15b"/>
      </symbol>
      <symbol id="sm-dce">
         <name>sl_WlanDisconnect</name>
         <value>0x2000c71d</value>
         <object_component_ref idref="oc-105"/>
      </symbol>
      <symbol id="sm-dcf">
         <name>sl_WlanPolicySet</name>
         <value>0x2000afbd</value>
         <object_component_ref idref="oc-f9"/>
      </symbol>
      <symbol id="sm-dd0">
         <name>sl_WlanProfileDel</name>
         <value>0x2000bdc5</value>
         <object_component_ref idref="oc-ff"/>
      </symbol>
      <symbol id="sm-dd1">
         <name>sl_WlanRxFilterSet</name>
         <value>0x2000b34d</value>
         <object_component_ref idref="oc-120"/>
      </symbol>
      <symbol id="sm-dd2">
         <name>sl_WlanConnect</name>
         <value>0x20007449</value>
         <object_component_ref idref="oc-167"/>
      </symbol>
      <symbol id="sm-dd3">
         <name>sl_WlanSet</name>
         <value>0x2000aec5</value>
         <object_component_ref idref="oc-111"/>
      </symbol>
      <symbol id="sm-dd4">
         <name>sl_WlanSetMode</name>
         <value>0x2000be09</value>
         <object_component_ref idref="oc-e7"/>
      </symbol>
      <symbol id="sm-ee8">
         <name>g_cDummy</name>
         <value>0x20017ef6</value>
      </symbol>
      <symbol id="sm-ee9">
         <name>NwpMaskInterrupt</name>
         <value>0x2000cb1d</value>
         <object_component_ref idref="oc-463"/>
      </symbol>
      <symbol id="sm-eea">
         <name>NwpRegisterInterruptHandler</name>
         <value>0x2000c011</value>
         <object_component_ref idref="oc-234"/>
      </symbol>
      <symbol id="sm-eeb">
         <name>g_pHostIntHdl</name>
         <value>0x200180a0</value>
         <object_component_ref idref="oc-43a"/>
      </symbol>
      <symbol id="sm-eec">
         <name>simplelink_timerA2_start</name>
         <value>0x2000c105</value>
         <object_component_ref idref="oc-716"/>
      </symbol>
      <symbol id="sm-eed">
         <name>NwpUnMaskInterrupt</name>
         <value>0x2000cb29</value>
         <object_component_ref idref="oc-47d"/>
      </symbol>
      <symbol id="sm-eee">
         <name>g_ucDinDout</name>
         <value>0x20017e68</value>
         <object_component_ref idref="oc-43d"/>
      </symbol>
      <symbol id="sm-eef">
         <name>NwpPowerOff</name>
         <value>0x2000c1b9</value>
         <object_component_ref idref="oc-22e"/>
      </symbol>
      <symbol id="sm-ef0">
         <name>TimerGetCurrentTimestamp</name>
         <value>0x2000c6bd</value>
         <object_component_ref idref="oc-691"/>
      </symbol>
      <symbol id="sm-ef1">
         <name>spi_Read</name>
         <value>0x20009661</value>
         <object_component_ref idref="oc-6af"/>
      </symbol>
      <symbol id="sm-ef2">
         <name>DmaSpiSwIntHandler</name>
         <value>0x2000c53d</value>
         <object_component_ref idref="oc-440"/>
      </symbol>
      <symbol id="sm-ef3">
         <name>NwpPowerOn</name>
         <value>0x2000c69d</value>
         <object_component_ref idref="oc-23a"/>
      </symbol>
      <symbol id="sm-ef4">
         <name>spi_Close</name>
         <value>0x2000b035</value>
         <object_component_ref idref="oc-27f"/>
      </symbol>
      <symbol id="sm-ef5">
         <name>spi_Write</name>
         <value>0x2000a63d</value>
         <object_component_ref idref="oc-62d"/>
      </symbol>
      <symbol id="sm-ef6">
         <name>spi_Open</name>
         <value>0x20008b29</value>
         <object_component_ref idref="oc-222"/>
      </symbol>
      <symbol id="sm-ef7">
         <name>g_ucDMAEnabled</name>
         <value>0x200180a4</value>
         <object_component_ref idref="oc-43a"/>
      </symbol>
      <symbol id="sm-ef8">
         <name>g_SpiFd</name>
         <value>0x2001809c</value>
         <object_component_ref idref="oc-43a"/>
      </symbol>
      <symbol id="sm-f7e">
         <name>IntPendClear</name>
         <value>0x2000b619</value>
         <object_component_ref idref="oc-476"/>
      </symbol>
      <symbol id="sm-f7f">
         <name>IntPrioritySet</name>
         <value>0x2000b721</value>
         <object_component_ref idref="oc-347"/>
      </symbol>
      <symbol id="sm-f80">
         <name>IntVTableBaseSet</name>
         <value>0x2000ca6d</value>
         <object_component_ref idref="oc-16e"/>
      </symbol>
      <symbol id="sm-f81">
         <name>IntEnable</name>
         <value>0x2000a27d</value>
         <object_component_ref idref="oc-17a"/>
      </symbol>
      <symbol id="sm-f82">
         <name>IntDisable</name>
         <value>0x2000a1d5</value>
         <object_component_ref idref="oc-46a"/>
      </symbol>
      <symbol id="sm-f83">
         <name>IntRegister</name>
         <value>0x2000c67d</value>
         <object_component_ref idref="oc-428"/>
      </symbol>
      <symbol id="sm-f84">
         <name>IntUnregister</name>
         <value>0x2000c561</value>
         <object_component_ref idref="oc-470"/>
      </symbol>
      <symbol id="sm-f85">
         <name>IntMasterEnable</name>
         <value>0x2000cb65</value>
         <object_component_ref idref="oc-174"/>
      </symbol>
      <symbol id="sm-fb2">
         <name>PinTypeUART</name>
         <value>0x2000c879</value>
         <object_component_ref idref="oc-3aa"/>
      </symbol>
      <symbol id="sm-fb3">
         <name>PinConfigSet</name>
         <value>0x2000aa2d</value>
         <object_component_ref idref="oc-564"/>
      </symbol>
      <symbol id="sm-fb4">
         <name>PinModeSet</name>
         <value>0x2000be91</value>
         <object_component_ref idref="oc-55e"/>
      </symbol>
      <symbol id="sm-1047">
         <name>PRCMPeripheralReset</name>
         <value>0x2000b671</value>
         <object_component_ref idref="oc-32e"/>
      </symbol>
      <symbol id="sm-1048">
         <name>PRCMPeripheralClkEnable</name>
         <value>0x2000c08d</value>
         <object_component_ref idref="oc-328"/>
      </symbol>
      <symbol id="sm-1049">
         <name>PRCMPeripheralClockGet</name>
         <value>0x2000a6d5</value>
         <object_component_ref idref="oc-1c3"/>
      </symbol>
      <symbol id="sm-104a">
         <name>PRCMCC3200MCUInit</name>
         <value>0x200086f1</value>
         <object_component_ref idref="oc-180"/>
      </symbol>
      <symbol id="sm-104b">
         <name>PRCMHIBRegWrite</name>
         <value>0x2000c9eb</value>
         <object_component_ref idref="oc-322"/>
      </symbol>
      <symbol id="sm-104c">
         <name>PRCMSysResetCauseGet</name>
         <value>0x2000c349</value>
         <object_component_ref idref="oc-316"/>
      </symbol>
      <symbol id="sm-104d">
         <name>PRCMPeripheralStatusGet</name>
         <value>0x2000c1f1</value>
         <object_component_ref idref="oc-40a"/>
      </symbol>
      <symbol id="sm-104e">
         <name>PRCMPeripheralClkDisable</name>
         <value>0x2000c475</value>
         <object_component_ref idref="oc-334"/>
      </symbol>
      <symbol id="sm-104f">
         <name>PRCMHIBRegRead</name>
         <value>0x2000c9d5</value>
         <object_component_ref idref="oc-31c"/>
      </symbol>
      <symbol id="sm-110a">
         <name>SPIFIFODisable</name>
         <value>0x2000c8c7</value>
         <object_component_ref idref="oc-4de"/>
      </symbol>
      <symbol id="sm-110b">
         <name>SPICSEnable</name>
         <value>0x2000c92d</value>
         <object_component_ref idref="oc-6c6"/>
      </symbol>
      <symbol id="sm-110c">
         <name>SPIDisable</name>
         <value>0x2000c945</value>
         <object_component_ref idref="oc-3f8"/>
      </symbol>
      <symbol id="sm-110d">
         <name>SPIFIFOEnable</name>
         <value>0x2000c8e1</value>
         <object_component_ref idref="oc-416"/>
      </symbol>
      <symbol id="sm-110e">
         <name>SPIWordCountSet</name>
         <value>0x2000c637</value>
         <object_component_ref idref="oc-6cc"/>
      </symbol>
      <symbol id="sm-110f">
         <name>SPIEnable</name>
         <value>0x2000c95d</value>
         <object_component_ref idref="oc-434"/>
      </symbol>
      <symbol id="sm-1110">
         <name>SPIDmaEnable</name>
         <value>0x2000c8ad</value>
         <object_component_ref idref="oc-41c"/>
      </symbol>
      <symbol id="sm-1111">
         <name>SPIConfigSetExpClk</name>
         <value>0x2000a3c9</value>
         <object_component_ref idref="oc-404"/>
      </symbol>
      <symbol id="sm-1112">
         <name>SPIIntUnregister</name>
         <value>0x2000c8fb</value>
         <object_component_ref idref="oc-4d8"/>
      </symbol>
      <symbol id="sm-1113">
         <name>SPIFIFOLevelSet</name>
         <value>0x2000c225</value>
         <object_component_ref idref="oc-422"/>
      </symbol>
      <symbol id="sm-1114">
         <name>SPIDmaDisable</name>
         <value>0x2000c893</value>
         <object_component_ref idref="oc-4e4"/>
      </symbol>
      <symbol id="sm-1115">
         <name>SPIReset</name>
         <value>0x2000c615</value>
         <object_component_ref idref="oc-3fe"/>
      </symbol>
      <symbol id="sm-1116">
         <name>SPIIntEnable</name>
         <value>0x2000b86d</value>
         <object_component_ref idref="oc-42e"/>
      </symbol>
      <symbol id="sm-1117">
         <name>SPIIntClear</name>
         <value>0x2000ba81</value>
         <object_component_ref idref="oc-5fc"/>
      </symbol>
      <symbol id="sm-1118">
         <name>SPICSDisable</name>
         <value>0x2000c915</value>
         <object_component_ref idref="oc-3f2"/>
      </symbol>
      <symbol id="sm-114b">
         <name>TimerLoadSet</name>
         <value>0x2000c3cd</value>
         <object_component_ref idref="oc-787"/>
      </symbol>
      <symbol id="sm-114c">
         <name>TimerEnable</name>
         <value>0x2000c73d</value>
         <object_component_ref idref="oc-78d"/>
      </symbol>
      <symbol id="sm-114d">
         <name>TimerValueGet</name>
         <value>0x2000c797</value>
         <object_component_ref idref="oc-71c"/>
      </symbol>
      <symbol id="sm-114e">
         <name>TimerPrescaleSet</name>
         <value>0x2000c3f7</value>
         <object_component_ref idref="oc-781"/>
      </symbol>
      <symbol id="sm-114f">
         <name>TimerConfigure</name>
         <value>0x2000bc2d</value>
         <object_component_ref idref="oc-77b"/>
      </symbol>
      <symbol id="sm-1194">
         <name>UARTConfigSetExpClk</name>
         <value>0x2000b0ad</value>
         <object_component_ref idref="oc-1c9"/>
      </symbol>
      <symbol id="sm-1195">
         <name>UARTDisable</name>
         <value>0x2000c28d</value>
         <object_component_ref idref="oc-3b5"/>
      </symbol>
      <symbol id="sm-1196">
         <name>UARTCharsAvail</name>
         <value>0x2000c975</value>
         <object_component_ref idref="oc-1db"/>
      </symbol>
      <symbol id="sm-1197">
         <name>UARTCharGetNonBlocking</name>
         <value>0x2000c7b3</value>
         <object_component_ref idref="oc-1e1"/>
      </symbol>
      <symbol id="sm-1198">
         <name>UARTCharPut</name>
         <value>0x2000c75b</value>
         <object_component_ref idref="oc-1cf"/>
      </symbol>
      <symbol id="sm-1199">
         <name>UARTEnable</name>
         <value>0x2000c585</value>
         <object_component_ref idref="oc-3bb"/>
      </symbol>
      <symbol id="sm-119a">
         <name>UARTCharGet</name>
         <value>0x2000ca01</value>
         <object_component_ref idref="oc-136"/>
      </symbol>
      <symbol id="sm-1247">
         <name>uDMAChannelControlSet</name>
         <value>0x2000c17d</value>
         <object_component_ref idref="oc-383"/>
      </symbol>
      <symbol id="sm-1248">
         <name>uDMAIntClear</name>
         <value>0x2000cabd</value>
         <object_component_ref idref="oc-341"/>
      </symbol>
      <symbol id="sm-1249">
         <name>uDMAChannelDisable</name>
         <value>0x2000c825</value>
         <object_component_ref idref="oc-371"/>
      </symbol>
      <symbol id="sm-124a">
         <name>uDMAIntUnregister</name>
         <value>0x2000cad1</value>
         <object_component_ref idref="oc-377"/>
      </symbol>
      <symbol id="sm-124b">
         <name>uDMAChannelAttributeEnable</name>
         <value>0x2000b5b5</value>
         <object_component_ref idref="oc-389"/>
      </symbol>
      <symbol id="sm-124c">
         <name>uDMADisable</name>
         <value>0x2000cb41</value>
         <object_component_ref idref="oc-37d"/>
      </symbol>
      <symbol id="sm-124d">
         <name>uDMAChannelTransferSet</name>
         <value>0x20009751</value>
         <object_component_ref idref="oc-38f"/>
      </symbol>
      <symbol id="sm-124e">
         <name>uDMAIntStatus</name>
         <value>0x2000cb59</value>
         <object_component_ref idref="oc-33b"/>
      </symbol>
      <symbol id="sm-124f">
         <name>uDMAChannelAssign</name>
         <value>0x2000ba35</value>
         <object_component_ref idref="oc-35f"/>
      </symbol>
      <symbol id="sm-1250">
         <name>uDMAIntRegister</name>
         <value>0x2000ca43</value>
         <object_component_ref idref="oc-34d"/>
      </symbol>
      <symbol id="sm-1251">
         <name>uDMAEnable</name>
         <value>0x2000cb4d</value>
         <object_component_ref idref="oc-353"/>
      </symbol>
      <symbol id="sm-1252">
         <name>uDMAControlBaseSet</name>
         <value>0x2000caa9</value>
         <object_component_ref idref="oc-359"/>
      </symbol>
      <symbol id="sm-1253">
         <name>uDMAChannelAttributeDisable</name>
         <value>0x2000b551</value>
         <object_component_ref idref="oc-365"/>
      </symbol>
      <symbol id="sm-1254">
         <name>uDMAChannelEnable</name>
         <value>0x2000c841</value>
         <object_component_ref idref="oc-395"/>
      </symbol>
      <symbol id="sm-1255">
         <name>uDMAChannelRequest</name>
         <value>0x2000c85d</value>
         <object_component_ref idref="oc-36b"/>
      </symbol>
      <symbol id="sm-1259">
         <name>UtilsDelay</name>
         <value>0x2000cb6f</value>
         <object_component_ref idref="oc-462"/>
      </symbol>
      <symbol id="sm-1263">
         <name>CPUcpsie</name>
         <value>0x2000ca59</value>
         <object_component_ref idref="oc-30b"/>
      </symbol>
      <symbol id="sm-1265">
         <name>__TI_static_base__</name>
         <value>0x2000d208</value>
      </symbol>
      <symbol id="sm-1268">
         <name>SHT$$INIT_ARRAY$$Limit</name>
         <value>0x0</value>
      </symbol>
      <symbol id="sm-1269">
         <name>SHT$$INIT_ARRAY$$Base</name>
         <value>0x0</value>
      </symbol>
   </symbol_table>
   <title>Link successful</title>
</link_info>
